Archive member included because of file (symbol)

../LED_bsp/\libhal_bsp.a(alt_main.o)
                              ../LED_bsp//obj/HAL/src/crt0.o (alt_main)
../LED_bsp/\libhal_bsp.a(alt_sys_init.o)
                              ../LED_bsp/\libhal_bsp.a(alt_main.o) (alt_irq_init)
../LED_bsp/\libhal_bsp.a(altera_avalon_epcs_flash_controller.o)
                              ../LED_bsp/\libhal_bsp.a(alt_sys_init.o) (alt_epcs_flash_init)
../LED_bsp/\libhal_bsp.a(altera_avalon_jtag_uart_fd.o)
                              ../LED_bsp/\libhal_bsp.a(alt_sys_init.o) (altera_avalon_jtag_uart_read_fd)
../LED_bsp/\libhal_bsp.a(altera_avalon_jtag_uart_init.o)
                              ../LED_bsp/\libhal_bsp.a(alt_sys_init.o) (altera_avalon_jtag_uart_init)
../LED_bsp/\libhal_bsp.a(altera_avalon_jtag_uart_ioctl.o)
                              ../LED_bsp/\libhal_bsp.a(altera_avalon_jtag_uart_fd.o) (altera_avalon_jtag_uart_ioctl)
../LED_bsp/\libhal_bsp.a(altera_avalon_jtag_uart_read.o)
                              ../LED_bsp/\libhal_bsp.a(altera_avalon_jtag_uart_fd.o) (altera_avalon_jtag_uart_read)
../LED_bsp/\libhal_bsp.a(altera_avalon_jtag_uart_write.o)
                              ../LED_bsp/\libhal_bsp.a(altera_avalon_jtag_uart_fd.o) (altera_avalon_jtag_uart_write)
../LED_bsp/\libhal_bsp.a(altera_avalon_timer_sc.o)
                              ../LED_bsp/\libhal_bsp.a(alt_sys_init.o) (alt_avalon_timer_sc_init)
../LED_bsp/\libhal_bsp.a(altera_avalon_uart_fd.o)
                              ../LED_bsp/\libhal_bsp.a(alt_sys_init.o) (altera_avalon_uart_read_fd)
../LED_bsp/\libhal_bsp.a(altera_avalon_uart_init.o)
                              ../LED_bsp/\libhal_bsp.a(alt_sys_init.o) (altera_avalon_uart_init)
../LED_bsp/\libhal_bsp.a(altera_avalon_uart_read.o)
                              ../LED_bsp/\libhal_bsp.a(altera_avalon_uart_fd.o) (altera_avalon_uart_read)
../LED_bsp/\libhal_bsp.a(altera_avalon_uart_write.o)
                              ../LED_bsp/\libhal_bsp.a(altera_avalon_uart_fd.o) (altera_avalon_uart_write)
../LED_bsp/\libhal_bsp.a(epcs_commands.o)
                              ../LED_bsp/\libhal_bsp.a(altera_avalon_epcs_flash_controller.o) (epcs_sector_erase)
../LED_bsp/\libhal_bsp.a(alt_alarm_start.o)
                              ../LED_bsp/\libhal_bsp.a(altera_avalon_jtag_uart_init.o) (alt_alarm_start)
../LED_bsp/\libhal_bsp.a(alt_close.o)
                              ../LED_bsp/\libhal_bsp.a(alt_main.o) (close)
../LED_bsp/\libhal_bsp.a(alt_dev.o)
                              ../LED_bsp/\libhal_bsp.a(alt_sys_init.o) (alt_dev_list)
../LED_bsp/\libhal_bsp.a(alt_dev_llist_insert.o)
                              ../LED_bsp/\libhal_bsp.a(alt_sys_init.o) (alt_dev_llist_insert)
../LED_bsp/\libhal_bsp.a(alt_do_ctors.o)
                              ../LED_bsp/\libhal_bsp.a(alt_main.o) (_do_ctors)
../LED_bsp/\libhal_bsp.a(alt_do_dtors.o)
                              ../LED_bsp/\libhal_bsp.a(alt_main.o) (_do_dtors)
../LED_bsp/\libhal_bsp.a(alt_errno.o)
                              ../LED_bsp/\libhal_bsp.a(altera_avalon_uart_read.o) (alt_errno)
../LED_bsp/\libhal_bsp.a(alt_flash_dev.o)
                              ../LED_bsp/\libhal_bsp.a(altera_avalon_epcs_flash_controller.o) (alt_flash_dev_list)
../LED_bsp/\libhal_bsp.a(alt_iic.o)
                              ../LED_bsp/\libhal_bsp.a(altera_avalon_jtag_uart_init.o) (alt_ic_isr_register)
../LED_bsp/\libhal_bsp.a(alt_iic_isr_register.o)
                              ../LED_bsp/\libhal_bsp.a(alt_iic.o) (alt_iic_isr_register)
../LED_bsp/\libhal_bsp.a(alt_io_redirect.o)
                              ../LED_bsp/\libhal_bsp.a(alt_main.o) (alt_io_redirect)
../LED_bsp/\libhal_bsp.a(alt_irq_entry.o)
                              ../LED_bsp/\libhal_bsp.a(alt_iic_isr_register.o) (alt_irq_entry)
../LED_bsp/\libhal_bsp.a(alt_irq_handler.o)
                              ../LED_bsp/\libhal_bsp.a(alt_iic_isr_register.o) (alt_irq_handler)
../LED_bsp/\libhal_bsp.a(alt_irq_vars.o)
                              ../LED_bsp/\libhal_bsp.a(alt_iic.o) (alt_irq_active)
../LED_bsp/\libhal_bsp.a(alt_open.o)
                              ../LED_bsp/\libhal_bsp.a(alt_io_redirect.o) (open)
../LED_bsp/\libhal_bsp.a(alt_release_fd.o)
                              ../LED_bsp/\libhal_bsp.a(alt_close.o) (alt_release_fd)
../LED_bsp/\libhal_bsp.a(alt_tick.o)
                              ../LED_bsp/\libhal_bsp.a(altera_avalon_jtag_uart_init.o) (_alt_tick_rate)
../LED_bsp/\libhal_bsp.a(altera_nios2_qsys_irq.o)
                              ../LED_bsp/\libhal_bsp.a(alt_sys_init.o) (altera_nios2_qsys_irq_init)
../LED_bsp/\libhal_bsp.a(altera_avalon_spi.o)
                              ../LED_bsp/\libhal_bsp.a(epcs_commands.o) (alt_avalon_spi_command)
../LED_bsp/\libhal_bsp.a(alt_exception_entry.o)
                              ../LED_bsp/\libhal_bsp.a(alt_irq_entry.o) (alt_exception)
../LED_bsp/\libhal_bsp.a(alt_find_dev.o)
                              ../LED_bsp/\libhal_bsp.a(alt_flash_dev.o) (alt_find_dev)
../LED_bsp/\libhal_bsp.a(alt_find_file.o)
                              ../LED_bsp/\libhal_bsp.a(alt_open.o) (alt_find_file)
../LED_bsp/\libhal_bsp.a(alt_get_fd.o)
                              ../LED_bsp/\libhal_bsp.a(alt_open.o) (alt_get_fd)
c:/altera/13.0sp1/nios2eds/bin/gnu/h-i686-mingw32/bin/../lib/gcc/nios2-elf/4.1.2/../../../../nios2-elf/lib/mno-hw-mul\libc.a(lib_a-atexit.o)
                              ../LED_bsp/\libhal_bsp.a(alt_main.o) (atexit)
c:/altera/13.0sp1/nios2eds/bin/gnu/h-i686-mingw32/bin/../lib/gcc/nios2-elf/4.1.2/../../../../nios2-elf/lib/mno-hw-mul\libc.a(lib_a-exit.o)
                              ../LED_bsp/\libhal_bsp.a(alt_main.o) (exit)
c:/altera/13.0sp1/nios2eds/bin/gnu/h-i686-mingw32/bin/../lib/gcc/nios2-elf/4.1.2/../../../../nios2-elf/lib/mno-hw-mul\libc.a(lib_a-impure.o)
                              c:/altera/13.0sp1/nios2eds/bin/gnu/h-i686-mingw32/bin/../lib/gcc/nios2-elf/4.1.2/../../../../nios2-elf/lib/mno-hw-mul\libc.a(lib_a-exit.o) (_global_impure_ptr)
c:/altera/13.0sp1/nios2eds/bin/gnu/h-i686-mingw32/bin/../lib/gcc/nios2-elf/4.1.2/../../../../nios2-elf/lib/mno-hw-mul\libc.a(lib_a-int_errno.o)
                              ../LED_bsp/\libhal_bsp.a(altera_avalon_uart_read.o) (errno)
c:/altera/13.0sp1/nios2eds/bin/gnu/h-i686-mingw32/bin/../lib/gcc/nios2-elf/4.1.2/../../../../nios2-elf/lib/mno-hw-mul\libc.a(lib_a-memcmp.o)
                              ../LED_bsp/\libhal_bsp.a(altera_avalon_epcs_flash_controller.o) (memcmp)
c:/altera/13.0sp1/nios2eds/bin/gnu/h-i686-mingw32/bin/../lib/gcc/nios2-elf/4.1.2/../../../../nios2-elf/lib/mno-hw-mul\libc.a(lib_a-memcpy.o)
                              ../LED_bsp/\libhal_bsp.a(altera_avalon_jtag_uart_read.o) (memcpy)
c:/altera/13.0sp1/nios2eds/bin/gnu/h-i686-mingw32/bin/../lib/gcc/nios2-elf/4.1.2/../../../../nios2-elf/lib/mno-hw-mul\libc.a(lib_a-strlen.o)
                              ../LED_bsp/\libhal_bsp.a(alt_find_dev.o) (strlen)
c:/altera/13.0sp1/nios2eds/bin/gnu/h-i686-mingw32/bin/../lib/gcc/nios2-elf/4.1.2/../../../../nios2-elf/lib/mno-hw-mul\libc.a(lib_a-__atexit.o)
                              c:/altera/13.0sp1/nios2eds/bin/gnu/h-i686-mingw32/bin/../lib/gcc/nios2-elf/4.1.2/../../../../nios2-elf/lib/mno-hw-mul\libc.a(lib_a-atexit.o) (__register_exitproc)
c:/altera/13.0sp1/nios2eds/bin/gnu/h-i686-mingw32/bin/../lib/gcc/nios2-elf/4.1.2/../../../../nios2-elf/lib/mno-hw-mul\libc.a(lib_a-__call_atexit.o)
                              c:/altera/13.0sp1/nios2eds/bin/gnu/h-i686-mingw32/bin/../lib/gcc/nios2-elf/4.1.2/../../../../nios2-elf/lib/mno-hw-mul\libc.a(lib_a-exit.o) (__call_exitprocs)
c:/altera/13.0sp1/nios2eds/bin/gnu/h-i686-mingw32/bin/../lib/gcc/nios2-elf/4.1.2/mno-hw-mul\libgcc.a(lib2-mul.o)
                              ../LED_bsp/\libhal_bsp.a(alt_close.o) (__mulsi3)
../LED_bsp/\libhal_bsp.a(alt_exit.o)
                              c:/altera/13.0sp1/nios2eds/bin/gnu/h-i686-mingw32/bin/../lib/gcc/nios2-elf/4.1.2/../../../../nios2-elf/lib/mno-hw-mul\libc.a(lib_a-exit.o) (_exit)

Allocating common symbols
Common symbol       size              file

alt_irq             0x100             ../LED_bsp/\libhal_bsp.a(alt_irq_handler.o)
errno               0x4               c:/altera/13.0sp1/nios2eds/bin/gnu/h-i686-mingw32/bin/../lib/gcc/nios2-elf/4.1.2/../../../../nios2-elf/lib/mno-hw-mul\libc.a(lib_a-int_errno.o)
_atexit0            0x190             c:/altera/13.0sp1/nios2eds/bin/gnu/h-i686-mingw32/bin/../lib/gcc/nios2-elf/4.1.2/../../../../nios2-elf/lib/mno-hw-mul\libc.a(lib_a-atexit.o)

Memory Configuration

Name             Origin             Length             Attributes
sdram_BEFORE_EXCEPTION 0x00000000         0x00000020
sdram            0x00000020         0x01ffffe0
onchip_memory2_0 0x02004000         0x00004000
reset            0x02009000         0x00000020
epcs_flash_controller_0 0x02009020         0x000007e0
*default*        0x00000000         0xffffffff

Linker script and memory map

LOAD ../LED_bsp//obj/HAL/src/crt0.o
LOAD obj/default/hello_world.o
LOAD c:/altera/13.0sp1/nios2eds/bin/gnu/h-i686-mingw32/bin/../lib/gcc/nios2-elf/4.1.2/../../../../nios2-elf/lib/mno-hw-mul\libstdc++.a
LOAD c:/altera/13.0sp1/nios2eds/bin/gnu/h-i686-mingw32/bin/../lib/gcc/nios2-elf/4.1.2/../../../../nios2-elf/lib/mno-hw-mul\libm.a
LOAD c:/altera/13.0sp1/nios2eds/bin/gnu/h-i686-mingw32/bin/../lib/gcc/nios2-elf/4.1.2/mno-hw-mul\libgcc.a
START GROUP
LOAD c:/altera/13.0sp1/nios2eds/bin/gnu/h-i686-mingw32/bin/../lib/gcc/nios2-elf/4.1.2/../../../../nios2-elf/lib/mno-hw-mul\libc.a
LOAD c:/altera/13.0sp1/nios2eds/bin/gnu/h-i686-mingw32/bin/../lib/gcc/nios2-elf/4.1.2/mno-hw-mul\libgcc.a
LOAD ../LED_bsp/\libhal_bsp.a
END GROUP
LOAD c:/altera/13.0sp1/nios2eds/bin/gnu/h-i686-mingw32/bin/../lib/gcc/nios2-elf/4.1.2/mno-hw-mul\libgcc.a
                0x00000000                __alt_mem_sdram = 0x0
                0x02004000                __alt_mem_onchip_memory2_0 = 0x2004000
                0x02009000                __alt_mem_epcs_flash_controller_0 = 0x2009000

.entry          0x02009000        0x0
 *(.entry)
 .entry         0x02009000        0x0 ../LED_bsp//obj/HAL/src/crt0.o
                0x02009000                __reset

.exceptions     0x00000020      0x194
                0x00000020                PROVIDE (__ram_exceptions_start, ABSOLUTE (.))
                0x00000020                . = ALIGN (0x20)
 *(.irq)
 *(.exceptions.entry.label)
 .exceptions.entry.label
                0x00000020        0x0 ../LED_bsp/\libhal_bsp.a(alt_irq_entry.o)
                0x00000020                alt_irq_entry
 .exceptions.entry.label
                0x00000020        0x0 ../LED_bsp/\libhal_bsp.a(alt_exception_entry.o)
                0x00000020                alt_exception
 *(.exceptions.entry.user)
 *(.exceptions.entry)
 .exceptions.entry
                0x00000020       0x54 ../LED_bsp/\libhal_bsp.a(alt_exception_entry.o)
 *(.exceptions.irqtest.user)
 *(.exceptions.irqtest)
 .exceptions.irqtest
                0x00000074       0x10 ../LED_bsp/\libhal_bsp.a(alt_irq_entry.o)
 *(.exceptions.irqhandler.user)
 *(.exceptions.irqhandler)
 .exceptions.irqhandler
                0x00000084        0x4 ../LED_bsp/\libhal_bsp.a(alt_irq_entry.o)
 *(.exceptions.irqreturn.user)
 *(.exceptions.irqreturn)
 .exceptions.irqreturn
                0x00000088        0x4 ../LED_bsp/\libhal_bsp.a(alt_irq_entry.o)
 *(.exceptions.notirq.label)
 .exceptions.notirq.label
                0x0000008c        0x0 ../LED_bsp/\libhal_bsp.a(alt_irq_entry.o)
 *(.exceptions.notirq.user)
 *(.exceptions.notirq)
 .exceptions.notirq
                0x0000008c        0x8 ../LED_bsp/\libhal_bsp.a(alt_exception_entry.o)
 *(.exceptions.soft.user)
 *(.exceptions.soft)
 *(.exceptions.unknown.user)
 *(.exceptions.unknown)
 .exceptions.unknown
                0x00000094        0x4 ../LED_bsp/\libhal_bsp.a(alt_exception_entry.o)
 *(.exceptions.exit.label)
 .exceptions.exit.label
                0x00000098        0x0 ../LED_bsp/\libhal_bsp.a(alt_irq_entry.o)
 .exceptions.exit.label
                0x00000098        0x0 ../LED_bsp/\libhal_bsp.a(alt_exception_entry.o)
 *(.exceptions.exit.user)
 *(.exceptions.exit)
 .exceptions.exit
                0x00000098       0x54 ../LED_bsp/\libhal_bsp.a(alt_exception_entry.o)
 *(.exceptions)
 .exceptions    0x000000ec       0xc8 ../LED_bsp/\libhal_bsp.a(alt_irq_handler.o)
                0x000000ec                alt_irq_handler
                0x000001b4                PROVIDE (__ram_exceptions_end, ABSOLUTE (.))
                0x00000020                PROVIDE (__flash_exceptions_start, LOADADDR (.exceptions))

.text           0x000001b4     0x427c
                0x000001b4                PROVIDE (stext, ABSOLUTE (.))
 *(.interp)
 *(.hash)
 *(.dynsym)
 *(.dynstr)
 *(.gnu.version)
 *(.gnu.version_d)
 *(.gnu.version_r)
 *(.rel.init)
 *(.rela.init)
 *(.rel.text .rel.text.* .rel.gnu.linkonce.t.*)
 *(.rela.text .rela.text.* .rela.gnu.linkonce.t.*)
 *(.rel.fini)
 *(.rela.fini)
 *(.rel.rodata .rel.rodata.* .rel.gnu.linkonce.r.*)
 *(.rela.rodata .rela.rodata.* .rela.gnu.linkonce.r.*)
 *(.rel.data .rel.data.* .rel.gnu.linkonce.d.*)
 *(.rela.data .rela.data.* .rela.gnu.linkonce.d.*)
 *(.rel.tdata .rel.tdata.* .rel.gnu.linkonce.td.*)
 *(.rela.tdata .rela.tdata.* .rela.gnu.linkonce.td.*)
 *(.rel.tbss .rel.tbss.* .rel.gnu.linkonce.tb.*)
 *(.rela.tbss .rela.tbss.* .rela.gnu.linkonce.tb.*)
 *(.rel.ctors)
 *(.rela.ctors)
 *(.rel.dtors)
 *(.rela.dtors)
 *(.rel.got)
 *(.rela.got)
 *(.rel.sdata .rel.sdata.* .rel.gnu.linkonce.s.*)
 *(.rela.sdata .rela.sdata.* .rela.gnu.linkonce.s.*)
 *(.rel.sbss .rel.sbss.* .rel.gnu.linkonce.sb.*)
 *(.rela.sbss .rela.sbss.* .rela.gnu.linkonce.sb.*)
 *(.rel.sdata2 .rel.sdata2.* .rel.gnu.linkonce.s2.*)
 *(.rela.sdata2 .rela.sdata2.* .rela.gnu.linkonce.s2.*)
 *(.rel.sbss2 .rel.sbss2.* .rel.gnu.linkonce.sb2.*)
 *(.rela.sbss2 .rela.sbss2.* .rela.gnu.linkonce.sb2.*)
 *(.rel.bss .rel.bss.* .rel.gnu.linkonce.b.*)
 *(.rela.bss .rela.bss.* .rela.gnu.linkonce.b.*)
 *(.rel.plt)
 *(.rela.plt)
 *(.rel.dyn)
 *(.init)
 *(.plt)
 *(.text .stub .text.* .gnu.linkonce.t.*)
 .text          0x000001b4       0x38 ../LED_bsp//obj/HAL/src/crt0.o
                0x000001b4                _start
 .text          0x000001ec      0x164 obj/default/hello_world.o
                0x000001ec                main
                0x000002c4                initialize
                0x00000324                callback_func
 .text          0x00000350       0x6c ../LED_bsp/\libhal_bsp.a(alt_main.o)
                0x00000350                alt_main
 .text          0x000003bc      0x184 ../LED_bsp/\libhal_bsp.a(alt_sys_init.o)
                0x000003bc                alt_irq_init
                0x000003f0                alt_sys_init
 .text          0x00000540      0x9e4 ../LED_bsp/\libhal_bsp.a(altera_avalon_epcs_flash_controller.o)
                0x00000540                alt_epcs_flash_init
                0x0000095c                alt_epcs_flash_write
                0x00000bdc                alt_epcs_flash_get_info
                0x00000c6c                alt_epcs_flash_erase_block
                0x00000d70                alt_epcs_flash_write_block
                0x00000e8c                alt_epcs_flash_read
 .text          0x00000f24      0x148 ../LED_bsp/\libhal_bsp.a(altera_avalon_jtag_uart_fd.o)
                0x00000f24                altera_avalon_jtag_uart_read_fd
                0x00000f7c                altera_avalon_jtag_uart_write_fd
                0x00000fd4                altera_avalon_jtag_uart_close_fd
                0x0000101c                altera_avalon_jtag_uart_ioctl_fd
 .text          0x0000106c      0x40c ../LED_bsp/\libhal_bsp.a(altera_avalon_jtag_uart_init.o)
                0x0000106c                altera_avalon_jtag_uart_init
                0x00001404                altera_avalon_jtag_uart_close
 .text          0x00001478       0xf4 ../LED_bsp/\libhal_bsp.a(altera_avalon_jtag_uart_ioctl.o)
                0x00001478                altera_avalon_jtag_uart_ioctl
 .text          0x0000156c      0x224 ../LED_bsp/\libhal_bsp.a(altera_avalon_jtag_uart_read.o)
                0x0000156c                altera_avalon_jtag_uart_read
 .text          0x00001790      0x240 ../LED_bsp/\libhal_bsp.a(altera_avalon_jtag_uart_write.o)
                0x00001790                altera_avalon_jtag_uart_write
 .text          0x000019d0      0x100 ../LED_bsp/\libhal_bsp.a(altera_avalon_timer_sc.o)
                0x00001a40                alt_avalon_timer_sc_init
 .text          0x00001ad0       0xf8 ../LED_bsp/\libhal_bsp.a(altera_avalon_uart_fd.o)
                0x00001ad0                altera_avalon_uart_read_fd
                0x00001b28                altera_avalon_uart_write_fd
                0x00001b80                altera_avalon_uart_close_fd
 .text          0x00001bc8      0x400 ../LED_bsp/\libhal_bsp.a(altera_avalon_uart_init.o)
                0x00001bc8                altera_avalon_uart_init
                0x00001f68                altera_avalon_uart_close
 .text          0x00001fc8      0x290 ../LED_bsp/\libhal_bsp.a(altera_avalon_uart_read.o)
                0x00001fc8                altera_avalon_uart_read
 .text          0x00002258      0x228 ../LED_bsp/\libhal_bsp.a(altera_avalon_uart_write.o)
                0x00002258                altera_avalon_uart_write
 .text          0x00002480      0x6d4 ../LED_bsp/\libhal_bsp.a(epcs_commands.o)
                0x00002480                epcs_read_status_register
                0x000024e0                epcs_sector_erase
                0x00002648                epcs_read_buffer
                0x00002794                epcs_write_enable
                0x000027e4                epcs_write_status_register
                0x00002848                epcs_write_buffer
                0x000029b8                epcs_read_electronic_signature
                0x00002a24                epcs_read_device_id
                0x00002aa4                epcs_enter_4_bytes_mode
                0x00002afc                epcs_exit_4_bytes_mode
 .text          0x00002b54      0x154 ../LED_bsp/\libhal_bsp.a(alt_alarm_start.o)
                0x00002b54                alt_alarm_start
 .text          0x00002ca8      0x160 ../LED_bsp/\libhal_bsp.a(alt_close.o)
                0x00002ca8                close
 .text          0x00002e08       0x2c ../LED_bsp/\libhal_bsp.a(alt_dev.o)
 .text          0x00002e34      0x114 ../LED_bsp/\libhal_bsp.a(alt_dev_llist_insert.o)
                0x00002e34                alt_dev_llist_insert
 .text          0x00002f48       0x64 ../LED_bsp/\libhal_bsp.a(alt_do_ctors.o)
                0x00002f48                _do_ctors
 .text          0x00002fac       0x64 ../LED_bsp/\libhal_bsp.a(alt_do_dtors.o)
                0x00002fac                _do_dtors
 .text          0x00003010        0x0 ../LED_bsp/\libhal_bsp.a(alt_errno.o)
 .text          0x00003010       0xd0 ../LED_bsp/\libhal_bsp.a(alt_flash_dev.o)
                0x00003010                alt_flash_open_dev
                0x0000308c                alt_flash_close_dev
 .text          0x000030e0      0x1d4 ../LED_bsp/\libhal_bsp.a(alt_iic.o)
                0x000030e0                alt_ic_isr_register
                0x00003130                alt_ic_irq_enable
                0x000031cc                alt_ic_irq_disable
                0x0000326c                alt_ic_irq_enabled
 .text          0x000032b4       0xf8 ../LED_bsp/\libhal_bsp.a(alt_iic_isr_register.o)
                0x000032b4                alt_iic_isr_register
 .text          0x000033ac      0x150 ../LED_bsp/\libhal_bsp.a(alt_io_redirect.o)
                0x00003484                alt_io_redirect
 .text          0x000034fc        0x0 ../LED_bsp/\libhal_bsp.a(alt_irq_entry.o)
 .text          0x000034fc        0x0 ../LED_bsp/\libhal_bsp.a(alt_irq_handler.o)
 .text          0x000034fc        0x0 ../LED_bsp/\libhal_bsp.a(alt_irq_vars.o)
 .text          0x000034fc      0x2e4 ../LED_bsp/\libhal_bsp.a(alt_open.o)
                0x000035f4                open
 .text          0x000037e0       0x78 ../LED_bsp/\libhal_bsp.a(alt_release_fd.o)
                0x000037e0                alt_release_fd
 .text          0x00003858      0x1a4 ../LED_bsp/\libhal_bsp.a(alt_tick.o)
                0x00003858                alt_alarm_stop
                0x000038f0                alt_tick
 .text          0x000039fc       0x20 ../LED_bsp/\libhal_bsp.a(altera_nios2_qsys_irq.o)
                0x000039fc                altera_nios2_qsys_irq_init
 .text          0x00003a1c      0x238 ../LED_bsp/\libhal_bsp.a(altera_avalon_spi.o)
                0x00003a1c                alt_avalon_spi_command
 .text          0x00003c54        0x0 ../LED_bsp/\libhal_bsp.a(alt_exception_entry.o)
 .text          0x00003c54       0x94 ../LED_bsp/\libhal_bsp.a(alt_find_dev.o)
                0x00003c54                alt_find_dev
 .text          0x00003ce8      0x120 ../LED_bsp/\libhal_bsp.a(alt_find_file.o)
                0x00003ce8                alt_find_file
 .text          0x00003e08       0xd0 ../LED_bsp/\libhal_bsp.a(alt_get_fd.o)
                0x00003e08                alt_get_fd
 .text          0x00003ed8       0x14 c:/altera/13.0sp1/nios2eds/bin/gnu/h-i686-mingw32/bin/../lib/gcc/nios2-elf/4.1.2/../../../../nios2-elf/lib/mno-hw-mul\libc.a(lib_a-atexit.o)
                0x00003ed8                atexit
 .text          0x00003eec       0x38 c:/altera/13.0sp1/nios2eds/bin/gnu/h-i686-mingw32/bin/../lib/gcc/nios2-elf/4.1.2/../../../../nios2-elf/lib/mno-hw-mul\libc.a(lib_a-exit.o)
                0x00003eec                exit
 .text          0x00003f24        0x0 c:/altera/13.0sp1/nios2eds/bin/gnu/h-i686-mingw32/bin/../lib/gcc/nios2-elf/4.1.2/../../../../nios2-elf/lib/mno-hw-mul\libc.a(lib_a-impure.o)
 .text          0x00003f24        0x0 c:/altera/13.0sp1/nios2eds/bin/gnu/h-i686-mingw32/bin/../lib/gcc/nios2-elf/4.1.2/../../../../nios2-elf/lib/mno-hw-mul\libc.a(lib_a-int_errno.o)
 .text          0x00003f24       0x74 c:/altera/13.0sp1/nios2eds/bin/gnu/h-i686-mingw32/bin/../lib/gcc/nios2-elf/4.1.2/../../../../nios2-elf/lib/mno-hw-mul\libc.a(lib_a-memcmp.o)
                0x00003f24                memcmp
 .text          0x00003f98       0xa0 c:/altera/13.0sp1/nios2eds/bin/gnu/h-i686-mingw32/bin/../lib/gcc/nios2-elf/4.1.2/../../../../nios2-elf/lib/mno-hw-mul\libc.a(lib_a-memcpy.o)
                0x00003f98                memcpy
 .text          0x00004038       0x74 c:/altera/13.0sp1/nios2eds/bin/gnu/h-i686-mingw32/bin/../lib/gcc/nios2-elf/4.1.2/../../../../nios2-elf/lib/mno-hw-mul\libc.a(lib_a-strlen.o)
                0x00004038                strlen
 .text          0x000040ac      0x134 c:/altera/13.0sp1/nios2eds/bin/gnu/h-i686-mingw32/bin/../lib/gcc/nios2-elf/4.1.2/../../../../nios2-elf/lib/mno-hw-mul\libc.a(lib_a-__atexit.o)
                0x000040ac                __register_exitproc
 .text          0x000041e0      0x1b4 c:/altera/13.0sp1/nios2eds/bin/gnu/h-i686-mingw32/bin/../lib/gcc/nios2-elf/4.1.2/../../../../nios2-elf/lib/mno-hw-mul\libc.a(lib_a-__call_atexit.o)
                0x000041e4                __call_exitprocs
 .text          0x00004394       0x38 c:/altera/13.0sp1/nios2eds/bin/gnu/h-i686-mingw32/bin/../lib/gcc/nios2-elf/4.1.2/mno-hw-mul\libgcc.a(lib2-mul.o)
                0x00004394                __mulsi3
 .text          0x000043cc       0x60 ../LED_bsp/\libhal_bsp.a(alt_exit.o)
                0x0000440c                _exit
 *(.gnu.warning.*)
 *(.fini)
                0x0000442c                PROVIDE (__etext, ABSOLUTE (.))
                0x0000442c                PROVIDE (_etext, ABSOLUTE (.))
                0x0000442c                PROVIDE (etext, ABSOLUTE (.))
 *(.eh_frame_hdr)
                0x0000442c                . = ALIGN (0x4)
                0x0000442c                PROVIDE (__preinit_array_start, ABSOLUTE (.))
 *(.preinit_array)
                0x0000442c                PROVIDE (__preinit_array_end, ABSOLUTE (.))
                0x0000442c                PROVIDE (__init_array_start, ABSOLUTE (.))
 *(.init_array)
                0x0000442c                PROVIDE (__init_array_end, ABSOLUTE (.))
                0x0000442c                PROVIDE (__fini_array_start, ABSOLUTE (.))
 *(.fini_array)
                0x0000442c                PROVIDE (__fini_array_end, ABSOLUTE (.))
 *(.eh_frame)
 *(.gcc_except_table)
 *(.dynamic)
                0x0000442c                PROVIDE (__CTOR_LIST__, ABSOLUTE (.))
 *(.ctors)
 *(SORT(.ctors.*))
 .ctors.65535   0x0000442c        0x4 c:/altera/13.0sp1/nios2eds/bin/gnu/h-i686-mingw32/bin/../lib/gcc/nios2-elf/4.1.2/../../../../nios2-elf/lib/mno-hw-mul\libc.a(lib_a-__call_atexit.o)
                0x00004430                PROVIDE (__CTOR_END__, ABSOLUTE (.))
                0x00004430                PROVIDE (__DTOR_LIST__, ABSOLUTE (.))
 *(.dtors)
 *(SORT(.dtors.*))
                0x00004430                PROVIDE (__DTOR_END__, ABSOLUTE (.))
 *(.jcr)
                0x00004430                . = ALIGN (0x4)

.rodata         0x00004430       0xc4
                0x00004430                PROVIDE (__ram_rodata_start, ABSOLUTE (.))
                0x00004430                . = ALIGN (0x4)
 *(.rodata .rodata.* .gnu.linkonce.r.*)
 .rodata        0x00004430       0x14 ../LED_bsp/\libhal_bsp.a(alt_main.o)
 .rodata        0x00004444       0xa0 ../LED_bsp/\libhal_bsp.a(alt_sys_init.o)
 .rodata        0x000044e4        0xc ../LED_bsp/\libhal_bsp.a(alt_dev.o)
 .rodata.str1.4
                0x000044f0        0x4 c:/altera/13.0sp1/nios2eds/bin/gnu/h-i686-mingw32/bin/../lib/gcc/nios2-elf/4.1.2/../../../../nios2-elf/lib/mno-hw-mul\libc.a(lib_a-impure.o)
 *(.rodata1)
                0x000044f4                . = ALIGN (0x4)
                0x000044f4                PROVIDE (__ram_rodata_end, ABSOLUTE (.))
                0x00004430                PROVIDE (__flash_rodata_start, LOADADDR (.rodata))

.rwdata         0x000044f4     0x1ad8
                0x000044f4                PROVIDE (__ram_rwdata_start, ABSOLUTE (.))
                0x000044f4                . = ALIGN (0x4)
 *(.got.plt)
 *(.got)
 *(.data1)
 *(.data .data.* .gnu.linkonce.d.*)
 .data          0x000044f4        0x0 ../LED_bsp//obj/HAL/src/crt0.o
 .data          0x000044f4        0x0 obj/default/hello_world.o
 .data          0x000044f4        0x0 ../LED_bsp/\libhal_bsp.a(alt_main.o)
 .data          0x000044f4     0x14fc ../LED_bsp/\libhal_bsp.a(alt_sys_init.o)
 .data          0x000059f0        0x0 ../LED_bsp/\libhal_bsp.a(altera_avalon_epcs_flash_controller.o)
 .data          0x000059f0        0x0 ../LED_bsp/\libhal_bsp.a(altera_avalon_jtag_uart_fd.o)
 .data          0x000059f0        0x0 ../LED_bsp/\libhal_bsp.a(altera_avalon_jtag_uart_init.o)
 .data          0x000059f0        0x0 ../LED_bsp/\libhal_bsp.a(altera_avalon_jtag_uart_ioctl.o)
 .data          0x000059f0        0x0 ../LED_bsp/\libhal_bsp.a(altera_avalon_jtag_uart_read.o)
 .data          0x000059f0        0x0 ../LED_bsp/\libhal_bsp.a(altera_avalon_jtag_uart_write.o)
 .data          0x000059f0        0x0 ../LED_bsp/\libhal_bsp.a(altera_avalon_timer_sc.o)
 .data          0x000059f0        0x0 ../LED_bsp/\libhal_bsp.a(altera_avalon_uart_fd.o)
 .data          0x000059f0        0x0 ../LED_bsp/\libhal_bsp.a(altera_avalon_uart_init.o)
 .data          0x000059f0        0x0 ../LED_bsp/\libhal_bsp.a(altera_avalon_uart_read.o)
 .data          0x000059f0        0x0 ../LED_bsp/\libhal_bsp.a(altera_avalon_uart_write.o)
 .data          0x000059f0        0x0 ../LED_bsp/\libhal_bsp.a(epcs_commands.o)
 .data          0x000059f0        0x0 ../LED_bsp/\libhal_bsp.a(alt_alarm_start.o)
 .data          0x000059f0        0x0 ../LED_bsp/\libhal_bsp.a(alt_close.o)
 .data          0x000059f0      0x1a8 ../LED_bsp/\libhal_bsp.a(alt_dev.o)
                0x000059f0                alt_dev_null
                0x00005a18                alt_fd_list
 .data          0x00005b98        0x0 ../LED_bsp/\libhal_bsp.a(alt_dev_llist_insert.o)
 .data          0x00005b98        0x0 ../LED_bsp/\libhal_bsp.a(alt_do_ctors.o)
 .data          0x00005b98        0x0 ../LED_bsp/\libhal_bsp.a(alt_do_dtors.o)
 .data          0x00005b98        0x0 ../LED_bsp/\libhal_bsp.a(alt_errno.o)
 .data          0x00005b98        0x0 ../LED_bsp/\libhal_bsp.a(alt_flash_dev.o)
 .data          0x00005b98        0x0 ../LED_bsp/\libhal_bsp.a(alt_iic.o)
 .data          0x00005b98        0x0 ../LED_bsp/\libhal_bsp.a(alt_iic_isr_register.o)
 .data          0x00005b98        0x0 ../LED_bsp/\libhal_bsp.a(alt_io_redirect.o)
 .data          0x00005b98        0x0 ../LED_bsp/\libhal_bsp.a(alt_irq_entry.o)
 .data          0x00005b98        0x0 ../LED_bsp/\libhal_bsp.a(alt_irq_handler.o)
 .data          0x00005b98        0x0 ../LED_bsp/\libhal_bsp.a(alt_irq_vars.o)
 .data          0x00005b98        0x0 ../LED_bsp/\libhal_bsp.a(alt_open.o)
 .data          0x00005b98        0x0 ../LED_bsp/\libhal_bsp.a(alt_release_fd.o)
 .data          0x00005b98        0x0 ../LED_bsp/\libhal_bsp.a(alt_tick.o)
 .data          0x00005b98        0x0 ../LED_bsp/\libhal_bsp.a(altera_nios2_qsys_irq.o)
 .data          0x00005b98        0x0 ../LED_bsp/\libhal_bsp.a(altera_avalon_spi.o)
 .data          0x00005b98        0x0 ../LED_bsp/\libhal_bsp.a(alt_exception_entry.o)
 .data          0x00005b98        0x0 ../LED_bsp/\libhal_bsp.a(alt_find_dev.o)
 .data          0x00005b98        0x0 ../LED_bsp/\libhal_bsp.a(alt_find_file.o)
 .data          0x00005b98        0x0 ../LED_bsp/\libhal_bsp.a(alt_get_fd.o)
 .data          0x00005b98        0x0 c:/altera/13.0sp1/nios2eds/bin/gnu/h-i686-mingw32/bin/../lib/gcc/nios2-elf/4.1.2/../../../../nios2-elf/lib/mno-hw-mul\libc.a(lib_a-atexit.o)
 .data          0x00005b98        0x0 c:/altera/13.0sp1/nios2eds/bin/gnu/h-i686-mingw32/bin/../lib/gcc/nios2-elf/4.1.2/../../../../nios2-elf/lib/mno-hw-mul\libc.a(lib_a-exit.o)
 .data          0x00005b98      0x400 c:/altera/13.0sp1/nios2eds/bin/gnu/h-i686-mingw32/bin/../lib/gcc/nios2-elf/4.1.2/../../../../nios2-elf/lib/mno-hw-mul\libc.a(lib_a-impure.o)
 .data          0x00005f98        0x0 c:/altera/13.0sp1/nios2eds/bin/gnu/h-i686-mingw32/bin/../lib/gcc/nios2-elf/4.1.2/../../../../nios2-elf/lib/mno-hw-mul\libc.a(lib_a-int_errno.o)
 .data          0x00005f98        0x0 c:/altera/13.0sp1/nios2eds/bin/gnu/h-i686-mingw32/bin/../lib/gcc/nios2-elf/4.1.2/../../../../nios2-elf/lib/mno-hw-mul\libc.a(lib_a-memcmp.o)
 .data          0x00005f98        0x0 c:/altera/13.0sp1/nios2eds/bin/gnu/h-i686-mingw32/bin/../lib/gcc/nios2-elf/4.1.2/../../../../nios2-elf/lib/mno-hw-mul\libc.a(lib_a-memcpy.o)
 .data          0x00005f98        0x0 c:/altera/13.0sp1/nios2eds/bin/gnu/h-i686-mingw32/bin/../lib/gcc/nios2-elf/4.1.2/../../../../nios2-elf/lib/mno-hw-mul\libc.a(lib_a-strlen.o)
 .data          0x00005f98        0x0 c:/altera/13.0sp1/nios2eds/bin/gnu/h-i686-mingw32/bin/../lib/gcc/nios2-elf/4.1.2/../../../../nios2-elf/lib/mno-hw-mul\libc.a(lib_a-__atexit.o)
 .data          0x00005f98        0x0 c:/altera/13.0sp1/nios2eds/bin/gnu/h-i686-mingw32/bin/../lib/gcc/nios2-elf/4.1.2/../../../../nios2-elf/lib/mno-hw-mul\libc.a(lib_a-__call_atexit.o)
 .data          0x00005f98        0x0 c:/altera/13.0sp1/nios2eds/bin/gnu/h-i686-mingw32/bin/../lib/gcc/nios2-elf/4.1.2/mno-hw-mul\libgcc.a(lib2-mul.o)
 .data          0x00005f98        0x0 ../LED_bsp/\libhal_bsp.a(alt_exit.o)
                0x0000df98                _gp = ABSOLUTE ((. + 0x8000))
                0x0000df98                PROVIDE (gp, _gp)
 *(.rwdata .rwdata.*)
 *(.sdata .sdata.* .gnu.linkonce.s.*)
 .sdata         0x00005f98       0x14 ../LED_bsp/\libhal_bsp.a(alt_dev.o)
                0x00005f98                alt_fs_list
                0x00005fa0                alt_dev_list
                0x00005fa8                alt_max_fd
 .sdata         0x00005fac        0x4 ../LED_bsp/\libhal_bsp.a(alt_errno.o)
                0x00005fac                alt_errno
 .sdata         0x00005fb0        0x8 ../LED_bsp/\libhal_bsp.a(alt_flash_dev.o)
                0x00005fb0                alt_flash_dev_list
 .sdata         0x00005fb8        0x4 ../LED_bsp/\libhal_bsp.a(alt_irq_vars.o)
                0x00005fb8                alt_priority_mask
 .sdata         0x00005fbc        0x8 ../LED_bsp/\libhal_bsp.a(alt_tick.o)
                0x00005fbc                alt_alarm_list
 .sdata         0x00005fc4        0x8 c:/altera/13.0sp1/nios2eds/bin/gnu/h-i686-mingw32/bin/../lib/gcc/nios2-elf/4.1.2/../../../../nios2-elf/lib/mno-hw-mul\libc.a(lib_a-impure.o)
                0x00005fc4                _impure_ptr
                0x00005fc8                _global_impure_ptr
 *(.sdata2 .sdata2.* .gnu.linkonce.s2.*)
                0x00005fcc                . = ALIGN (0x4)
                0x00005fcc                _edata = ABSOLUTE (.)
                0x00005fcc                PROVIDE (edata, ABSOLUTE (.))
                0x00005fcc                PROVIDE (__ram_rwdata_end, ABSOLUTE (.))
                0x000044f4                PROVIDE (__flash_rwdata_start, LOADADDR (.rwdata))

.bss            0x00005fcc      0x2b0
                0x00005fcc                __bss_start = ABSOLUTE (.)
                0x00005fcc                PROVIDE (__sbss_start, ABSOLUTE (.))
                0x00005fcc                PROVIDE (___sbss_start, ABSOLUTE (.))
 *(.dynsbss)
 *(.sbss .sbss.* .gnu.linkonce.sb.*)
 .sbss          0x00005fcc        0x1 obj/default/hello_world.o
 *fill*         0x00005fcd        0x3 00
 .sbss          0x00005fd0        0xc ../LED_bsp/\libhal_bsp.a(alt_main.o)
                0x00005fd0                alt_argc
                0x00005fd4                alt_argv
                0x00005fd8                alt_envp
 .sbss          0x00005fdc        0x4 ../LED_bsp/\libhal_bsp.a(alt_irq_vars.o)
                0x00005fdc                alt_irq_active
 .sbss          0x00005fe0        0x8 ../LED_bsp/\libhal_bsp.a(alt_tick.o)
                0x00005fe0                _alt_tick_rate
                0x00005fe4                _alt_nticks
 .sbss          0x00005fe8        0x4 c:/altera/13.0sp1/nios2eds/bin/gnu/h-i686-mingw32/bin/../lib/gcc/nios2-elf/4.1.2/../../../../nios2-elf/lib/mno-hw-mul\libc.a(lib_a-int_errno.o)
                0x00005fe8                errno
 *(.sbss2 .sbss2.* .gnu.linkonce.sb2.*)
 *(.scommon)
                0x00005fec                PROVIDE (__sbss_end, ABSOLUTE (.))
                0x00005fec                PROVIDE (___sbss_end, ABSOLUTE (.))
 *(.dynbss)
 *(.bss .bss.* .gnu.linkonce.b.*)
 .bss           0x00005fec        0x0 ../LED_bsp//obj/HAL/src/crt0.o
 .bss           0x00005fec        0x0 obj/default/hello_world.o
 .bss           0x00005fec        0x0 ../LED_bsp/\libhal_bsp.a(alt_main.o)
 .bss           0x00005fec        0x0 ../LED_bsp/\libhal_bsp.a(alt_sys_init.o)
 .bss           0x00005fec        0x0 ../LED_bsp/\libhal_bsp.a(altera_avalon_epcs_flash_controller.o)
 .bss           0x00005fec        0x0 ../LED_bsp/\libhal_bsp.a(altera_avalon_jtag_uart_fd.o)
 .bss           0x00005fec        0x0 ../LED_bsp/\libhal_bsp.a(altera_avalon_jtag_uart_init.o)
 .bss           0x00005fec        0x0 ../LED_bsp/\libhal_bsp.a(altera_avalon_jtag_uart_ioctl.o)
 .bss           0x00005fec        0x0 ../LED_bsp/\libhal_bsp.a(altera_avalon_jtag_uart_read.o)
 .bss           0x00005fec        0x0 ../LED_bsp/\libhal_bsp.a(altera_avalon_jtag_uart_write.o)
 .bss           0x00005fec        0x0 ../LED_bsp/\libhal_bsp.a(altera_avalon_timer_sc.o)
 .bss           0x00005fec        0x0 ../LED_bsp/\libhal_bsp.a(altera_avalon_uart_fd.o)
 .bss           0x00005fec        0x0 ../LED_bsp/\libhal_bsp.a(altera_avalon_uart_init.o)
 .bss           0x00005fec        0x0 ../LED_bsp/\libhal_bsp.a(altera_avalon_uart_read.o)
 .bss           0x00005fec        0x0 ../LED_bsp/\libhal_bsp.a(altera_avalon_uart_write.o)
 .bss           0x00005fec        0x0 ../LED_bsp/\libhal_bsp.a(epcs_commands.o)
 .bss           0x00005fec        0x0 ../LED_bsp/\libhal_bsp.a(alt_alarm_start.o)
 .bss           0x00005fec        0x0 ../LED_bsp/\libhal_bsp.a(alt_close.o)
 .bss           0x00005fec        0x0 ../LED_bsp/\libhal_bsp.a(alt_dev.o)
 .bss           0x00005fec        0x0 ../LED_bsp/\libhal_bsp.a(alt_dev_llist_insert.o)
 .bss           0x00005fec        0x0 ../LED_bsp/\libhal_bsp.a(alt_do_ctors.o)
 .bss           0x00005fec        0x0 ../LED_bsp/\libhal_bsp.a(alt_do_dtors.o)
 .bss           0x00005fec        0x0 ../LED_bsp/\libhal_bsp.a(alt_errno.o)
 .bss           0x00005fec        0x0 ../LED_bsp/\libhal_bsp.a(alt_flash_dev.o)
 .bss           0x00005fec        0x0 ../LED_bsp/\libhal_bsp.a(alt_iic.o)
 .bss           0x00005fec        0x0 ../LED_bsp/\libhal_bsp.a(alt_iic_isr_register.o)
 .bss           0x00005fec        0x0 ../LED_bsp/\libhal_bsp.a(alt_io_redirect.o)
 .bss           0x00005fec        0x0 ../LED_bsp/\libhal_bsp.a(alt_irq_entry.o)
 .bss           0x00005fec        0x0 ../LED_bsp/\libhal_bsp.a(alt_irq_handler.o)
 .bss           0x00005fec        0x0 ../LED_bsp/\libhal_bsp.a(alt_irq_vars.o)
 .bss           0x00005fec        0x0 ../LED_bsp/\libhal_bsp.a(alt_open.o)
 .bss           0x00005fec        0x0 ../LED_bsp/\libhal_bsp.a(alt_release_fd.o)
 .bss           0x00005fec        0x0 ../LED_bsp/\libhal_bsp.a(alt_tick.o)
 .bss           0x00005fec        0x0 ../LED_bsp/\libhal_bsp.a(altera_nios2_qsys_irq.o)
 .bss           0x00005fec        0x0 ../LED_bsp/\libhal_bsp.a(altera_avalon_spi.o)
 .bss           0x00005fec        0x0 ../LED_bsp/\libhal_bsp.a(alt_exception_entry.o)
 .bss           0x00005fec        0x0 ../LED_bsp/\libhal_bsp.a(alt_find_dev.o)
 .bss           0x00005fec        0x0 ../LED_bsp/\libhal_bsp.a(alt_find_file.o)
 .bss           0x00005fec        0x0 ../LED_bsp/\libhal_bsp.a(alt_get_fd.o)
 .bss           0x00005fec        0x0 c:/altera/13.0sp1/nios2eds/bin/gnu/h-i686-mingw32/bin/../lib/gcc/nios2-elf/4.1.2/../../../../nios2-elf/lib/mno-hw-mul\libc.a(lib_a-atexit.o)
 .bss           0x00005fec        0x0 c:/altera/13.0sp1/nios2eds/bin/gnu/h-i686-mingw32/bin/../lib/gcc/nios2-elf/4.1.2/../../../../nios2-elf/lib/mno-hw-mul\libc.a(lib_a-exit.o)
 .bss           0x00005fec        0x0 c:/altera/13.0sp1/nios2eds/bin/gnu/h-i686-mingw32/bin/../lib/gcc/nios2-elf/4.1.2/../../../../nios2-elf/lib/mno-hw-mul\libc.a(lib_a-impure.o)
 .bss           0x00005fec        0x0 c:/altera/13.0sp1/nios2eds/bin/gnu/h-i686-mingw32/bin/../lib/gcc/nios2-elf/4.1.2/../../../../nios2-elf/lib/mno-hw-mul\libc.a(lib_a-int_errno.o)
 .bss           0x00005fec        0x0 c:/altera/13.0sp1/nios2eds/bin/gnu/h-i686-mingw32/bin/../lib/gcc/nios2-elf/4.1.2/../../../../nios2-elf/lib/mno-hw-mul\libc.a(lib_a-memcmp.o)
 .bss           0x00005fec        0x0 c:/altera/13.0sp1/nios2eds/bin/gnu/h-i686-mingw32/bin/../lib/gcc/nios2-elf/4.1.2/../../../../nios2-elf/lib/mno-hw-mul\libc.a(lib_a-memcpy.o)
 .bss           0x00005fec        0x0 c:/altera/13.0sp1/nios2eds/bin/gnu/h-i686-mingw32/bin/../lib/gcc/nios2-elf/4.1.2/../../../../nios2-elf/lib/mno-hw-mul\libc.a(lib_a-strlen.o)
 .bss           0x00005fec        0x0 c:/altera/13.0sp1/nios2eds/bin/gnu/h-i686-mingw32/bin/../lib/gcc/nios2-elf/4.1.2/../../../../nios2-elf/lib/mno-hw-mul\libc.a(lib_a-__atexit.o)
 .bss           0x00005fec        0x0 c:/altera/13.0sp1/nios2eds/bin/gnu/h-i686-mingw32/bin/../lib/gcc/nios2-elf/4.1.2/../../../../nios2-elf/lib/mno-hw-mul\libc.a(lib_a-__call_atexit.o)
 .bss           0x00005fec        0x0 c:/altera/13.0sp1/nios2eds/bin/gnu/h-i686-mingw32/bin/../lib/gcc/nios2-elf/4.1.2/mno-hw-mul\libgcc.a(lib2-mul.o)
 .bss           0x00005fec        0x0 ../LED_bsp/\libhal_bsp.a(alt_exit.o)
 *(COMMON)
 COMMON         0x00005fec      0x100 ../LED_bsp/\libhal_bsp.a(alt_irq_handler.o)
                0x00005fec                alt_irq
 COMMON         0x000060ec      0x190 c:/altera/13.0sp1/nios2eds/bin/gnu/h-i686-mingw32/bin/../lib/gcc/nios2-elf/4.1.2/../../../../nios2-elf/lib/mno-hw-mul\libc.a(lib_a-atexit.o)
                0x000060ec                _atexit0
                0x0000627c                . = ALIGN (0x4)
                0x0000627c                __bss_end = ABSOLUTE (.)

.sdram          0x0000627c        0x0
                0x0000627c                PROVIDE (_alt_partition_sdram_start, ABSOLUTE (.))
 *(.sdram. sdram.*)
                0x0000627c                . = ALIGN (0x4)
                0x0000627c                PROVIDE (_alt_partition_sdram_end, ABSOLUTE (.))
                0x0000627c                _end = ABSOLUTE (.)
                0x0000627c                end = ABSOLUTE (.)
                0x0000627c                __alt_stack_base = ABSOLUTE (.)
                0x0000627c                PROVIDE (_alt_partition_sdram_load_addr, LOADADDR (.sdram))

.onchip_memory2_0
                0x02004000        0x0
                0x02004000                PROVIDE (_alt_partition_onchip_memory2_0_start, ABSOLUTE (.))
 *(.onchip_memory2_0. onchip_memory2_0.*)
                0x02004000                . = ALIGN (0x4)
                0x02004000                PROVIDE (_alt_partition_onchip_memory2_0_end, ABSOLUTE (.))
                0x02004000                PROVIDE (_alt_partition_onchip_memory2_0_load_addr, LOADADDR (.onchip_memory2_0))

.epcs_flash_controller_0
                0x02009020        0x0
                0x02009020                PROVIDE (_alt_partition_epcs_flash_controller_0_start, ABSOLUTE (.))
 *(.epcs_flash_controller_0. epcs_flash_controller_0.*)
                0x02009020                . = ALIGN (0x4)
                0x02009020                PROVIDE (_alt_partition_epcs_flash_controller_0_end, ABSOLUTE (.))
                0x02009020                PROVIDE (_alt_partition_epcs_flash_controller_0_load_addr, LOADADDR (.epcs_flash_controller_0))

.stab
 *(.stab)

.stabstr
 *(.stabstr)

.stab.excl
 *(.stab.excl)

.stab.exclstr
 *(.stab.exclstr)

.stab.index
 *(.stab.index)

.stab.indexstr
 *(.stab.indexstr)

.comment        0x00000000       0x26
 *(.comment)
 .comment       0x00000000       0x26 obj/default/hello_world.o
                                 0x27 (size before relaxing)
 .comment       0x00000000       0x27 ../LED_bsp/\libhal_bsp.a(alt_main.o)
 .comment       0x00000000       0x27 ../LED_bsp/\libhal_bsp.a(alt_sys_init.o)
 .comment       0x00000000       0x27 ../LED_bsp/\libhal_bsp.a(altera_avalon_epcs_flash_controller.o)
 .comment       0x00000000       0x27 ../LED_bsp/\libhal_bsp.a(altera_avalon_jtag_uart_fd.o)
 .comment       0x00000000       0x27 ../LED_bsp/\libhal_bsp.a(altera_avalon_jtag_uart_init.o)
 .comment       0x00000000       0x27 ../LED_bsp/\libhal_bsp.a(altera_avalon_jtag_uart_ioctl.o)
 .comment       0x00000000       0x27 ../LED_bsp/\libhal_bsp.a(altera_avalon_jtag_uart_read.o)
 .comment       0x00000000       0x27 ../LED_bsp/\libhal_bsp.a(altera_avalon_jtag_uart_write.o)
 .comment       0x00000000       0x27 ../LED_bsp/\libhal_bsp.a(altera_avalon_timer_sc.o)
 .comment       0x00000000       0x27 ../LED_bsp/\libhal_bsp.a(altera_avalon_uart_fd.o)
 .comment       0x00000000       0x27 ../LED_bsp/\libhal_bsp.a(altera_avalon_uart_init.o)
 .comment       0x00000000       0x27 ../LED_bsp/\libhal_bsp.a(altera_avalon_uart_read.o)
 .comment       0x00000000       0x27 ../LED_bsp/\libhal_bsp.a(altera_avalon_uart_write.o)
 .comment       0x00000000       0x27 ../LED_bsp/\libhal_bsp.a(epcs_commands.o)
 .comment       0x00000000       0x27 ../LED_bsp/\libhal_bsp.a(alt_alarm_start.o)
 .comment       0x00000000       0x27 ../LED_bsp/\libhal_bsp.a(alt_close.o)
 .comment       0x00000000       0x27 ../LED_bsp/\libhal_bsp.a(alt_dev.o)
 .comment       0x00000000       0x27 ../LED_bsp/\libhal_bsp.a(alt_dev_llist_insert.o)
 .comment       0x00000000       0x27 ../LED_bsp/\libhal_bsp.a(alt_do_ctors.o)
 .comment       0x00000000       0x27 ../LED_bsp/\libhal_bsp.a(alt_do_dtors.o)
 .comment       0x00000000       0x27 ../LED_bsp/\libhal_bsp.a(alt_errno.o)
 .comment       0x00000000       0x27 ../LED_bsp/\libhal_bsp.a(alt_flash_dev.o)
 .comment       0x00000000       0x27 ../LED_bsp/\libhal_bsp.a(alt_iic.o)
 .comment       0x00000000       0x27 ../LED_bsp/\libhal_bsp.a(alt_iic_isr_register.o)
 .comment       0x00000000       0x27 ../LED_bsp/\libhal_bsp.a(alt_io_redirect.o)
 .comment       0x00000000       0x27 ../LED_bsp/\libhal_bsp.a(alt_irq_handler.o)
 .comment       0x00000000       0x27 ../LED_bsp/\libhal_bsp.a(alt_irq_vars.o)
 .comment       0x00000000       0x27 ../LED_bsp/\libhal_bsp.a(alt_open.o)
 .comment       0x00000000       0x27 ../LED_bsp/\libhal_bsp.a(alt_release_fd.o)
 .comment       0x00000000       0x27 ../LED_bsp/\libhal_bsp.a(alt_tick.o)
 .comment       0x00000000       0x27 ../LED_bsp/\libhal_bsp.a(altera_nios2_qsys_irq.o)
 .comment       0x00000000       0x27 ../LED_bsp/\libhal_bsp.a(altera_avalon_spi.o)
 .comment       0x00000000       0x27 ../LED_bsp/\libhal_bsp.a(alt_find_dev.o)
 .comment       0x00000000       0x27 ../LED_bsp/\libhal_bsp.a(alt_find_file.o)
 .comment       0x00000000       0x27 ../LED_bsp/\libhal_bsp.a(alt_get_fd.o)
 .comment       0x00000000       0x27 c:/altera/13.0sp1/nios2eds/bin/gnu/h-i686-mingw32/bin/../lib/gcc/nios2-elf/4.1.2/../../../../nios2-elf/lib/mno-hw-mul\libc.a(lib_a-atexit.o)
 .comment       0x00000000       0x27 c:/altera/13.0sp1/nios2eds/bin/gnu/h-i686-mingw32/bin/../lib/gcc/nios2-elf/4.1.2/../../../../nios2-elf/lib/mno-hw-mul\libc.a(lib_a-exit.o)
 .comment       0x00000000       0x27 c:/altera/13.0sp1/nios2eds/bin/gnu/h-i686-mingw32/bin/../lib/gcc/nios2-elf/4.1.2/../../../../nios2-elf/lib/mno-hw-mul\libc.a(lib_a-impure.o)
 .comment       0x00000000       0x27 c:/altera/13.0sp1/nios2eds/bin/gnu/h-i686-mingw32/bin/../lib/gcc/nios2-elf/4.1.2/../../../../nios2-elf/lib/mno-hw-mul\libc.a(lib_a-int_errno.o)
 .comment       0x00000000       0x27 c:/altera/13.0sp1/nios2eds/bin/gnu/h-i686-mingw32/bin/../lib/gcc/nios2-elf/4.1.2/../../../../nios2-elf/lib/mno-hw-mul\libc.a(lib_a-memcmp.o)
 .comment       0x00000000       0x27 c:/altera/13.0sp1/nios2eds/bin/gnu/h-i686-mingw32/bin/../lib/gcc/nios2-elf/4.1.2/../../../../nios2-elf/lib/mno-hw-mul\libc.a(lib_a-memcpy.o)
 .comment       0x00000000       0x27 c:/altera/13.0sp1/nios2eds/bin/gnu/h-i686-mingw32/bin/../lib/gcc/nios2-elf/4.1.2/../../../../nios2-elf/lib/mno-hw-mul\libc.a(lib_a-strlen.o)
 .comment       0x00000000       0x27 c:/altera/13.0sp1/nios2eds/bin/gnu/h-i686-mingw32/bin/../lib/gcc/nios2-elf/4.1.2/../../../../nios2-elf/lib/mno-hw-mul\libc.a(lib_a-__atexit.o)
 .comment       0x00000000       0x27 c:/altera/13.0sp1/nios2eds/bin/gnu/h-i686-mingw32/bin/../lib/gcc/nios2-elf/4.1.2/../../../../nios2-elf/lib/mno-hw-mul\libc.a(lib_a-__call_atexit.o)
 .comment       0x00000000       0x27 c:/altera/13.0sp1/nios2eds/bin/gnu/h-i686-mingw32/bin/../lib/gcc/nios2-elf/4.1.2/mno-hw-mul\libgcc.a(lib2-mul.o)
 .comment       0x00000000       0x27 ../LED_bsp/\libhal_bsp.a(alt_exit.o)

.debug
 *(.debug)

.line
 *(.line)

.debug_srcinfo
 *(.debug_srcinfo)

.debug_sfnames
 *(.debug_sfnames)

.debug_aranges  0x00000000      0x5f0
 *(.debug_aranges)
 .debug_aranges
                0x00000000       0x20 ../LED_bsp//obj/HAL/src/crt0.o
 .debug_aranges
                0x00000020       0x20 obj/default/hello_world.o
 .debug_aranges
                0x00000040       0x20 ../LED_bsp/\libhal_bsp.a(alt_main.o)
 .debug_aranges
                0x00000060       0x20 ../LED_bsp/\libhal_bsp.a(alt_sys_init.o)
 .debug_aranges
                0x00000080       0x20 ../LED_bsp/\libhal_bsp.a(altera_avalon_epcs_flash_controller.o)
 .debug_aranges
                0x000000a0       0x20 ../LED_bsp/\libhal_bsp.a(altera_avalon_jtag_uart_fd.o)
 .debug_aranges
                0x000000c0       0x20 ../LED_bsp/\libhal_bsp.a(altera_avalon_jtag_uart_init.o)
 .debug_aranges
                0x000000e0       0x20 ../LED_bsp/\libhal_bsp.a(altera_avalon_jtag_uart_ioctl.o)
 .debug_aranges
                0x00000100       0x20 ../LED_bsp/\libhal_bsp.a(altera_avalon_jtag_uart_read.o)
 .debug_aranges
                0x00000120       0x20 ../LED_bsp/\libhal_bsp.a(altera_avalon_jtag_uart_write.o)
 .debug_aranges
                0x00000140       0x20 ../LED_bsp/\libhal_bsp.a(altera_avalon_timer_sc.o)
 .debug_aranges
                0x00000160       0x20 ../LED_bsp/\libhal_bsp.a(altera_avalon_uart_fd.o)
 .debug_aranges
                0x00000180       0x20 ../LED_bsp/\libhal_bsp.a(altera_avalon_uart_init.o)
 .debug_aranges
                0x000001a0       0x20 ../LED_bsp/\libhal_bsp.a(altera_avalon_uart_read.o)
 .debug_aranges
                0x000001c0       0x20 ../LED_bsp/\libhal_bsp.a(altera_avalon_uart_write.o)
 .debug_aranges
                0x000001e0       0x20 ../LED_bsp/\libhal_bsp.a(epcs_commands.o)
 .debug_aranges
                0x00000200       0x20 ../LED_bsp/\libhal_bsp.a(alt_alarm_start.o)
 .debug_aranges
                0x00000220       0x20 ../LED_bsp/\libhal_bsp.a(alt_close.o)
 .debug_aranges
                0x00000240       0x20 ../LED_bsp/\libhal_bsp.a(alt_dev.o)
 .debug_aranges
                0x00000260       0x20 ../LED_bsp/\libhal_bsp.a(alt_dev_llist_insert.o)
 .debug_aranges
                0x00000280       0x20 ../LED_bsp/\libhal_bsp.a(alt_do_ctors.o)
 .debug_aranges
                0x000002a0       0x20 ../LED_bsp/\libhal_bsp.a(alt_do_dtors.o)
 .debug_aranges
                0x000002c0       0x20 ../LED_bsp/\libhal_bsp.a(alt_flash_dev.o)
 .debug_aranges
                0x000002e0       0x20 ../LED_bsp/\libhal_bsp.a(alt_iic.o)
 .debug_aranges
                0x00000300       0x20 ../LED_bsp/\libhal_bsp.a(alt_iic_isr_register.o)
 .debug_aranges
                0x00000320       0x20 ../LED_bsp/\libhal_bsp.a(alt_io_redirect.o)
 .debug_aranges
                0x00000340       0x30 ../LED_bsp/\libhal_bsp.a(alt_irq_entry.o)
 .debug_aranges
                0x00000370       0x28 ../LED_bsp/\libhal_bsp.a(alt_irq_handler.o)
 .debug_aranges
                0x00000398       0x20 ../LED_bsp/\libhal_bsp.a(alt_open.o)
 .debug_aranges
                0x000003b8       0x20 ../LED_bsp/\libhal_bsp.a(alt_release_fd.o)
 .debug_aranges
                0x000003d8       0x20 ../LED_bsp/\libhal_bsp.a(alt_tick.o)
 .debug_aranges
                0x000003f8       0x20 ../LED_bsp/\libhal_bsp.a(altera_nios2_qsys_irq.o)
 .debug_aranges
                0x00000418       0x20 ../LED_bsp/\libhal_bsp.a(altera_avalon_spi.o)
 .debug_aranges
                0x00000438       0x38 ../LED_bsp/\libhal_bsp.a(alt_exception_entry.o)
 .debug_aranges
                0x00000470       0x20 ../LED_bsp/\libhal_bsp.a(alt_find_dev.o)
 .debug_aranges
                0x00000490       0x20 ../LED_bsp/\libhal_bsp.a(alt_find_file.o)
 .debug_aranges
                0x000004b0       0x20 ../LED_bsp/\libhal_bsp.a(alt_get_fd.o)
 .debug_aranges
                0x000004d0       0x20 c:/altera/13.0sp1/nios2eds/bin/gnu/h-i686-mingw32/bin/../lib/gcc/nios2-elf/4.1.2/../../../../nios2-elf/lib/mno-hw-mul\libc.a(lib_a-atexit.o)
 .debug_aranges
                0x000004f0       0x20 c:/altera/13.0sp1/nios2eds/bin/gnu/h-i686-mingw32/bin/../lib/gcc/nios2-elf/4.1.2/../../../../nios2-elf/lib/mno-hw-mul\libc.a(lib_a-exit.o)
 .debug_aranges
                0x00000510       0x20 c:/altera/13.0sp1/nios2eds/bin/gnu/h-i686-mingw32/bin/../lib/gcc/nios2-elf/4.1.2/../../../../nios2-elf/lib/mno-hw-mul\libc.a(lib_a-memcmp.o)
 .debug_aranges
                0x00000530       0x20 c:/altera/13.0sp1/nios2eds/bin/gnu/h-i686-mingw32/bin/../lib/gcc/nios2-elf/4.1.2/../../../../nios2-elf/lib/mno-hw-mul\libc.a(lib_a-memcpy.o)
 .debug_aranges
                0x00000550       0x20 c:/altera/13.0sp1/nios2eds/bin/gnu/h-i686-mingw32/bin/../lib/gcc/nios2-elf/4.1.2/../../../../nios2-elf/lib/mno-hw-mul\libc.a(lib_a-strlen.o)
 .debug_aranges
                0x00000570       0x20 c:/altera/13.0sp1/nios2eds/bin/gnu/h-i686-mingw32/bin/../lib/gcc/nios2-elf/4.1.2/../../../../nios2-elf/lib/mno-hw-mul\libc.a(lib_a-__atexit.o)
 .debug_aranges
                0x00000590       0x20 c:/altera/13.0sp1/nios2eds/bin/gnu/h-i686-mingw32/bin/../lib/gcc/nios2-elf/4.1.2/../../../../nios2-elf/lib/mno-hw-mul\libc.a(lib_a-__call_atexit.o)
 .debug_aranges
                0x000005b0       0x20 c:/altera/13.0sp1/nios2eds/bin/gnu/h-i686-mingw32/bin/../lib/gcc/nios2-elf/4.1.2/mno-hw-mul\libgcc.a(lib2-mul.o)
 .debug_aranges
                0x000005d0       0x20 ../LED_bsp/\libhal_bsp.a(alt_exit.o)

.debug_pubnames
                0x00000000      0xaff
 *(.debug_pubnames)
 .debug_pubnames
                0x00000000       0x3c obj/default/hello_world.o
 .debug_pubnames
                0x0000003c       0x46 ../LED_bsp/\libhal_bsp.a(alt_main.o)
 .debug_pubnames
                0x00000082       0x34 ../LED_bsp/\libhal_bsp.a(alt_sys_init.o)
 .debug_pubnames
                0x000000b6       0xb5 ../LED_bsp/\libhal_bsp.a(altera_avalon_epcs_flash_controller.o)
 .debug_pubnames
                0x0000016b       0xa5 ../LED_bsp/\libhal_bsp.a(altera_avalon_jtag_uart_fd.o)
 .debug_pubnames
                0x00000210       0x55 ../LED_bsp/\libhal_bsp.a(altera_avalon_jtag_uart_init.o)
 .debug_pubnames
                0x00000265       0x34 ../LED_bsp/\libhal_bsp.a(altera_avalon_jtag_uart_ioctl.o)
 .debug_pubnames
                0x00000299       0x33 ../LED_bsp/\libhal_bsp.a(altera_avalon_jtag_uart_read.o)
 .debug_pubnames
                0x000002cc       0x34 ../LED_bsp/\libhal_bsp.a(altera_avalon_jtag_uart_write.o)
 .debug_pubnames
                0x00000300       0x2f ../LED_bsp/\libhal_bsp.a(altera_avalon_timer_sc.o)
 .debug_pubnames
                0x0000032f       0x71 ../LED_bsp/\libhal_bsp.a(altera_avalon_uart_fd.o)
 .debug_pubnames
                0x000003a0       0x4b ../LED_bsp/\libhal_bsp.a(altera_avalon_uart_init.o)
 .debug_pubnames
                0x000003eb       0x2e ../LED_bsp/\libhal_bsp.a(altera_avalon_uart_read.o)
 .debug_pubnames
                0x00000419       0x2f ../LED_bsp/\libhal_bsp.a(altera_avalon_uart_write.o)
 .debug_pubnames
                0x00000448      0x118 ../LED_bsp/\libhal_bsp.a(epcs_commands.o)
 .debug_pubnames
                0x00000560       0x26 ../LED_bsp/\libhal_bsp.a(alt_alarm_start.o)
 .debug_pubnames
                0x00000586       0x1c ../LED_bsp/\libhal_bsp.a(alt_close.o)
 .debug_pubnames
                0x000005a2       0x63 ../LED_bsp/\libhal_bsp.a(alt_dev.o)
 .debug_pubnames
                0x00000605       0x2b ../LED_bsp/\libhal_bsp.a(alt_dev_llist_insert.o)
 .debug_pubnames
                0x00000630       0x20 ../LED_bsp/\libhal_bsp.a(alt_do_ctors.o)
 .debug_pubnames
                0x00000650       0x20 ../LED_bsp/\libhal_bsp.a(alt_do_dtors.o)
 .debug_pubnames
                0x00000670       0x20 ../LED_bsp/\libhal_bsp.a(alt_errno.o)
 .debug_pubnames
                0x00000690       0x58 ../LED_bsp/\libhal_bsp.a(alt_flash_dev.o)
 .debug_pubnames
                0x000006e8       0x6e ../LED_bsp/\libhal_bsp.a(alt_iic.o)
 .debug_pubnames
                0x00000756       0x2b ../LED_bsp/\libhal_bsp.a(alt_iic_isr_register.o)
 .debug_pubnames
                0x00000781       0x26 ../LED_bsp/\libhal_bsp.a(alt_io_redirect.o)
 .debug_pubnames
                0x000007a7       0x32 ../LED_bsp/\libhal_bsp.a(alt_irq_handler.o)
 .debug_pubnames
                0x000007d9       0x3b ../LED_bsp/\libhal_bsp.a(alt_irq_vars.o)
 .debug_pubnames
                0x00000814       0x1b ../LED_bsp/\libhal_bsp.a(alt_open.o)
 .debug_pubnames
                0x0000082f       0x25 ../LED_bsp/\libhal_bsp.a(alt_release_fd.o)
 .debug_pubnames
                0x00000854       0x68 ../LED_bsp/\libhal_bsp.a(alt_tick.o)
 .debug_pubnames
                0x000008bc       0x31 ../LED_bsp/\libhal_bsp.a(altera_nios2_qsys_irq.o)
 .debug_pubnames
                0x000008ed       0x2d ../LED_bsp/\libhal_bsp.a(altera_avalon_spi.o)
 .debug_pubnames
                0x0000091a       0x23 ../LED_bsp/\libhal_bsp.a(alt_find_dev.o)
 .debug_pubnames
                0x0000093d       0x24 ../LED_bsp/\libhal_bsp.a(alt_find_file.o)
 .debug_pubnames
                0x00000961       0x21 ../LED_bsp/\libhal_bsp.a(alt_get_fd.o)
 .debug_pubnames
                0x00000982       0x2a c:/altera/13.0sp1/nios2eds/bin/gnu/h-i686-mingw32/bin/../lib/gcc/nios2-elf/4.1.2/../../../../nios2-elf/lib/mno-hw-mul\libc.a(lib_a-atexit.o)
 .debug_pubnames
                0x000009ac       0x1b c:/altera/13.0sp1/nios2eds/bin/gnu/h-i686-mingw32/bin/../lib/gcc/nios2-elf/4.1.2/../../../../nios2-elf/lib/mno-hw-mul\libc.a(lib_a-exit.o)
 .debug_pubnames
                0x000009c7       0x39 c:/altera/13.0sp1/nios2eds/bin/gnu/h-i686-mingw32/bin/../lib/gcc/nios2-elf/4.1.2/../../../../nios2-elf/lib/mno-hw-mul\libc.a(lib_a-impure.o)
 .debug_pubnames
                0x00000a00       0x1c c:/altera/13.0sp1/nios2eds/bin/gnu/h-i686-mingw32/bin/../lib/gcc/nios2-elf/4.1.2/../../../../nios2-elf/lib/mno-hw-mul\libc.a(lib_a-int_errno.o)
 .debug_pubnames
                0x00000a1c       0x1d c:/altera/13.0sp1/nios2eds/bin/gnu/h-i686-mingw32/bin/../lib/gcc/nios2-elf/4.1.2/../../../../nios2-elf/lib/mno-hw-mul\libc.a(lib_a-memcmp.o)
 .debug_pubnames
                0x00000a39       0x1d c:/altera/13.0sp1/nios2eds/bin/gnu/h-i686-mingw32/bin/../lib/gcc/nios2-elf/4.1.2/../../../../nios2-elf/lib/mno-hw-mul\libc.a(lib_a-memcpy.o)
 .debug_pubnames
                0x00000a56       0x1d c:/altera/13.0sp1/nios2eds/bin/gnu/h-i686-mingw32/bin/../lib/gcc/nios2-elf/4.1.2/../../../../nios2-elf/lib/mno-hw-mul\libc.a(lib_a-strlen.o)
 .debug_pubnames
                0x00000a73       0x2a c:/altera/13.0sp1/nios2eds/bin/gnu/h-i686-mingw32/bin/../lib/gcc/nios2-elf/4.1.2/../../../../nios2-elf/lib/mno-hw-mul\libc.a(lib_a-__atexit.o)
 .debug_pubnames
                0x00000a9d       0x27 c:/altera/13.0sp1/nios2eds/bin/gnu/h-i686-mingw32/bin/../lib/gcc/nios2-elf/4.1.2/../../../../nios2-elf/lib/mno-hw-mul\libc.a(lib_a-__call_atexit.o)
 .debug_pubnames
                0x00000ac4       0x1f c:/altera/13.0sp1/nios2eds/bin/gnu/h-i686-mingw32/bin/../lib/gcc/nios2-elf/4.1.2/mno-hw-mul\libgcc.a(lib2-mul.o)
 .debug_pubnames
                0x00000ae3       0x1c ../LED_bsp/\libhal_bsp.a(alt_exit.o)

.debug_info     0x00000000     0xc91b
 *(.debug_info .gnu.linkonce.wi.*)
 .debug_info    0x00000000       0x49 ../LED_bsp//obj/HAL/src/crt0.o
 .debug_info    0x00000049      0x177 obj/default/hello_world.o
 .debug_info    0x000001c0      0x1ef ../LED_bsp/\libhal_bsp.a(alt_main.o)
 .debug_info    0x000003af      0xcd3 ../LED_bsp/\libhal_bsp.a(alt_sys_init.o)
 .debug_info    0x00001082      0xb73 ../LED_bsp/\libhal_bsp.a(altera_avalon_epcs_flash_controller.o)
 .debug_info    0x00001bf5      0x7a3 ../LED_bsp/\libhal_bsp.a(altera_avalon_jtag_uart_fd.o)
 .debug_info    0x00002398      0x5cb ../LED_bsp/\libhal_bsp.a(altera_avalon_jtag_uart_init.o)
 .debug_info    0x00002963      0x40d ../LED_bsp/\libhal_bsp.a(altera_avalon_jtag_uart_ioctl.o)
 .debug_info    0x00002d70      0x510 ../LED_bsp/\libhal_bsp.a(altera_avalon_jtag_uart_read.o)
 .debug_info    0x00003280      0x508 ../LED_bsp/\libhal_bsp.a(altera_avalon_jtag_uart_write.o)
 .debug_info    0x00003788      0x355 ../LED_bsp/\libhal_bsp.a(altera_avalon_timer_sc.o)
 .debug_info    0x00003add      0x606 ../LED_bsp/\libhal_bsp.a(altera_avalon_uart_fd.o)
 .debug_info    0x000040e3      0x4d8 ../LED_bsp/\libhal_bsp.a(altera_avalon_uart_init.o)
 .debug_info    0x000045bb      0x48c ../LED_bsp/\libhal_bsp.a(altera_avalon_uart_read.o)
 .debug_info    0x00004a47      0x48a ../LED_bsp/\libhal_bsp.a(altera_avalon_uart_write.o)
 .debug_info    0x00004ed1      0x606 ../LED_bsp/\libhal_bsp.a(epcs_commands.o)
 .debug_info    0x000054d7      0x40c ../LED_bsp/\libhal_bsp.a(alt_alarm_start.o)
 .debug_info    0x000058e3      0x431 ../LED_bsp/\libhal_bsp.a(alt_close.o)
 .debug_info    0x00005d14      0x649 ../LED_bsp/\libhal_bsp.a(alt_dev.o)
 .debug_info    0x0000635d      0x281 ../LED_bsp/\libhal_bsp.a(alt_dev_llist_insert.o)
 .debug_info    0x000065de       0xd9 ../LED_bsp/\libhal_bsp.a(alt_do_ctors.o)
 .debug_info    0x000066b7       0xd8 ../LED_bsp/\libhal_bsp.a(alt_do_dtors.o)
 .debug_info    0x0000678f      0x12e ../LED_bsp/\libhal_bsp.a(alt_errno.o)
 .debug_info    0x000068bd      0x563 ../LED_bsp/\libhal_bsp.a(alt_flash_dev.o)
 .debug_info    0x00006e20      0x45d ../LED_bsp/\libhal_bsp.a(alt_iic.o)
 .debug_info    0x0000727d      0x2de ../LED_bsp/\libhal_bsp.a(alt_iic_isr_register.o)
 .debug_info    0x0000755b      0x65f ../LED_bsp/\libhal_bsp.a(alt_io_redirect.o)
 .debug_info    0x00007bba       0x4e ../LED_bsp/\libhal_bsp.a(alt_irq_entry.o)
 .debug_info    0x00007c08      0x23f ../LED_bsp/\libhal_bsp.a(alt_irq_handler.o)
 .debug_info    0x00007e47      0x131 ../LED_bsp/\libhal_bsp.a(alt_irq_vars.o)
 .debug_info    0x00007f78      0x4ef ../LED_bsp/\libhal_bsp.a(alt_open.o)
 .debug_info    0x00008467      0x3bc ../LED_bsp/\libhal_bsp.a(alt_release_fd.o)
 .debug_info    0x00008823      0x3c8 ../LED_bsp/\libhal_bsp.a(alt_tick.o)
 .debug_info    0x00008beb      0x12d ../LED_bsp/\libhal_bsp.a(altera_nios2_qsys_irq.o)
 .debug_info    0x00008d18      0x273 ../LED_bsp/\libhal_bsp.a(altera_avalon_spi.o)
 .debug_info    0x00008f8b       0x54 ../LED_bsp/\libhal_bsp.a(alt_exception_entry.o)
 .debug_info    0x00008fdf      0x3e2 ../LED_bsp/\libhal_bsp.a(alt_find_dev.o)
 .debug_info    0x000093c1      0x3e9 ../LED_bsp/\libhal_bsp.a(alt_find_file.o)
 .debug_info    0x000097aa      0x42a ../LED_bsp/\libhal_bsp.a(alt_get_fd.o)
 .debug_info    0x00009bd4      0x181 c:/altera/13.0sp1/nios2eds/bin/gnu/h-i686-mingw32/bin/../lib/gcc/nios2-elf/4.1.2/../../../../nios2-elf/lib/mno-hw-mul\libc.a(lib_a-atexit.o)
 .debug_info    0x00009d55      0x93f c:/altera/13.0sp1/nios2eds/bin/gnu/h-i686-mingw32/bin/../lib/gcc/nios2-elf/4.1.2/../../../../nios2-elf/lib/mno-hw-mul\libc.a(lib_a-exit.o)
 .debug_info    0x0000a694      0x93d c:/altera/13.0sp1/nios2eds/bin/gnu/h-i686-mingw32/bin/../lib/gcc/nios2-elf/4.1.2/../../../../nios2-elf/lib/mno-hw-mul\libc.a(lib_a-impure.o)
 .debug_info    0x0000afd1       0x8c c:/altera/13.0sp1/nios2eds/bin/gnu/h-i686-mingw32/bin/../lib/gcc/nios2-elf/4.1.2/../../../../nios2-elf/lib/mno-hw-mul\libc.a(lib_a-int_errno.o)
 .debug_info    0x0000b05d      0x115 c:/altera/13.0sp1/nios2eds/bin/gnu/h-i686-mingw32/bin/../lib/gcc/nios2-elf/4.1.2/../../../../nios2-elf/lib/mno-hw-mul\libc.a(lib_a-memcmp.o)
 .debug_info    0x0000b172      0x106 c:/altera/13.0sp1/nios2eds/bin/gnu/h-i686-mingw32/bin/../lib/gcc/nios2-elf/4.1.2/../../../../nios2-elf/lib/mno-hw-mul\libc.a(lib_a-memcpy.o)
 .debug_info    0x0000b278       0xdb c:/altera/13.0sp1/nios2eds/bin/gnu/h-i686-mingw32/bin/../lib/gcc/nios2-elf/4.1.2/../../../../nios2-elf/lib/mno-hw-mul\libc.a(lib_a-strlen.o)
 .debug_info    0x0000b353      0x99c c:/altera/13.0sp1/nios2eds/bin/gnu/h-i686-mingw32/bin/../lib/gcc/nios2-elf/4.1.2/../../../../nios2-elf/lib/mno-hw-mul\libc.a(lib_a-__atexit.o)
 .debug_info    0x0000bcef      0x9e2 c:/altera/13.0sp1/nios2eds/bin/gnu/h-i686-mingw32/bin/../lib/gcc/nios2-elf/4.1.2/../../../../nios2-elf/lib/mno-hw-mul\libc.a(lib_a-__call_atexit.o)
 .debug_info    0x0000c6d1       0xf3 c:/altera/13.0sp1/nios2eds/bin/gnu/h-i686-mingw32/bin/../lib/gcc/nios2-elf/4.1.2/mno-hw-mul\libgcc.a(lib2-mul.o)
 .debug_info    0x0000c7c4      0x157 ../LED_bsp/\libhal_bsp.a(alt_exit.o)

.debug_abbrev   0x00000000     0x2e6a
 *(.debug_abbrev)
 .debug_abbrev  0x00000000       0x14 ../LED_bsp//obj/HAL/src/crt0.o
 .debug_abbrev  0x00000014       0x7f obj/default/hello_world.o
 .debug_abbrev  0x00000093       0xb7 ../LED_bsp/\libhal_bsp.a(alt_main.o)
 .debug_abbrev  0x0000014a      0x167 ../LED_bsp/\libhal_bsp.a(alt_sys_init.o)
 .debug_abbrev  0x000002b1      0x1bf ../LED_bsp/\libhal_bsp.a(altera_avalon_epcs_flash_controller.o)
 .debug_abbrev  0x00000470       0xf7 ../LED_bsp/\libhal_bsp.a(altera_avalon_jtag_uart_fd.o)
 .debug_abbrev  0x00000567      0x17c ../LED_bsp/\libhal_bsp.a(altera_avalon_jtag_uart_init.o)
 .debug_abbrev  0x000006e3       0xf0 ../LED_bsp/\libhal_bsp.a(altera_avalon_jtag_uart_ioctl.o)
 .debug_abbrev  0x000007d3      0x191 ../LED_bsp/\libhal_bsp.a(altera_avalon_jtag_uart_read.o)
 .debug_abbrev  0x00000964      0x18d ../LED_bsp/\libhal_bsp.a(altera_avalon_jtag_uart_write.o)
 .debug_abbrev  0x00000af1      0x137 ../LED_bsp/\libhal_bsp.a(altera_avalon_timer_sc.o)
 .debug_abbrev  0x00000c28       0xe8 ../LED_bsp/\libhal_bsp.a(altera_avalon_uart_fd.o)
 .debug_abbrev  0x00000d10      0x148 ../LED_bsp/\libhal_bsp.a(altera_avalon_uart_init.o)
 .debug_abbrev  0x00000e58      0x174 ../LED_bsp/\libhal_bsp.a(altera_avalon_uart_read.o)
 .debug_abbrev  0x00000fcc      0x17b ../LED_bsp/\libhal_bsp.a(altera_avalon_uart_write.o)
 .debug_abbrev  0x00001147      0x145 ../LED_bsp/\libhal_bsp.a(epcs_commands.o)
 .debug_abbrev  0x0000128c      0x172 ../LED_bsp/\libhal_bsp.a(alt_alarm_start.o)
 .debug_abbrev  0x000013fe       0xfb ../LED_bsp/\libhal_bsp.a(alt_close.o)
 .debug_abbrev  0x000014f9       0xc7 ../LED_bsp/\libhal_bsp.a(alt_dev.o)
 .debug_abbrev  0x000015c0       0xf6 ../LED_bsp/\libhal_bsp.a(alt_dev_llist_insert.o)
 .debug_abbrev  0x000016b6       0x76 ../LED_bsp/\libhal_bsp.a(alt_do_ctors.o)
 .debug_abbrev  0x0000172c       0x76 ../LED_bsp/\libhal_bsp.a(alt_do_dtors.o)
 .debug_abbrev  0x000017a2       0x5e ../LED_bsp/\libhal_bsp.a(alt_errno.o)
 .debug_abbrev  0x00001800      0x121 ../LED_bsp/\libhal_bsp.a(alt_flash_dev.o)
 .debug_abbrev  0x00001921      0x134 ../LED_bsp/\libhal_bsp.a(alt_iic.o)
 .debug_abbrev  0x00001a55      0x14e ../LED_bsp/\libhal_bsp.a(alt_iic_isr_register.o)
 .debug_abbrev  0x00001ba3       0xf0 ../LED_bsp/\libhal_bsp.a(alt_io_redirect.o)
 .debug_abbrev  0x00001c93       0x12 ../LED_bsp/\libhal_bsp.a(alt_irq_entry.o)
 .debug_abbrev  0x00001ca5      0x10c ../LED_bsp/\libhal_bsp.a(alt_irq_handler.o)
 .debug_abbrev  0x00001db1       0x44 ../LED_bsp/\libhal_bsp.a(alt_irq_vars.o)
 .debug_abbrev  0x00001df5      0x112 ../LED_bsp/\libhal_bsp.a(alt_open.o)
 .debug_abbrev  0x00001f07       0xc1 ../LED_bsp/\libhal_bsp.a(alt_release_fd.o)
 .debug_abbrev  0x00001fc8      0x150 ../LED_bsp/\libhal_bsp.a(alt_tick.o)
 .debug_abbrev  0x00002118       0x3f ../LED_bsp/\libhal_bsp.a(altera_nios2_qsys_irq.o)
 .debug_abbrev  0x00002157       0x7c ../LED_bsp/\libhal_bsp.a(altera_avalon_spi.o)
 .debug_abbrev  0x000021d3       0x12 ../LED_bsp/\libhal_bsp.a(alt_exception_entry.o)
 .debug_abbrev  0x000021e5       0xcf ../LED_bsp/\libhal_bsp.a(alt_find_dev.o)
 .debug_abbrev  0x000022b4       0xcf ../LED_bsp/\libhal_bsp.a(alt_find_file.o)
 .debug_abbrev  0x00002383       0xfb ../LED_bsp/\libhal_bsp.a(alt_get_fd.o)
 .debug_abbrev  0x0000247e       0xb7 c:/altera/13.0sp1/nios2eds/bin/gnu/h-i686-mingw32/bin/../lib/gcc/nios2-elf/4.1.2/../../../../nios2-elf/lib/mno-hw-mul\libc.a(lib_a-atexit.o)
 .debug_abbrev  0x00002535      0x16e c:/altera/13.0sp1/nios2eds/bin/gnu/h-i686-mingw32/bin/../lib/gcc/nios2-elf/4.1.2/../../../../nios2-elf/lib/mno-hw-mul\libc.a(lib_a-exit.o)
 .debug_abbrev  0x000026a3      0x157 c:/altera/13.0sp1/nios2eds/bin/gnu/h-i686-mingw32/bin/../lib/gcc/nios2-elf/4.1.2/../../../../nios2-elf/lib/mno-hw-mul\libc.a(lib_a-impure.o)
 .debug_abbrev  0x000027fa       0x3b c:/altera/13.0sp1/nios2eds/bin/gnu/h-i686-mingw32/bin/../lib/gcc/nios2-elf/4.1.2/../../../../nios2-elf/lib/mno-hw-mul\libc.a(lib_a-int_errno.o)
 .debug_abbrev  0x00002835       0x7c c:/altera/13.0sp1/nios2eds/bin/gnu/h-i686-mingw32/bin/../lib/gcc/nios2-elf/4.1.2/../../../../nios2-elf/lib/mno-hw-mul\libc.a(lib_a-memcmp.o)
 .debug_abbrev  0x000028b1       0xb5 c:/altera/13.0sp1/nios2eds/bin/gnu/h-i686-mingw32/bin/../lib/gcc/nios2-elf/4.1.2/../../../../nios2-elf/lib/mno-hw-mul\libc.a(lib_a-memcpy.o)
 .debug_abbrev  0x00002966       0x8b c:/altera/13.0sp1/nios2eds/bin/gnu/h-i686-mingw32/bin/../lib/gcc/nios2-elf/4.1.2/../../../../nios2-elf/lib/mno-hw-mul\libc.a(lib_a-strlen.o)
 .debug_abbrev  0x000029f1      0x1ae c:/altera/13.0sp1/nios2eds/bin/gnu/h-i686-mingw32/bin/../lib/gcc/nios2-elf/4.1.2/../../../../nios2-elf/lib/mno-hw-mul\libc.a(lib_a-__atexit.o)
 .debug_abbrev  0x00002b9f      0x1de c:/altera/13.0sp1/nios2eds/bin/gnu/h-i686-mingw32/bin/../lib/gcc/nios2-elf/4.1.2/../../../../nios2-elf/lib/mno-hw-mul\libc.a(lib_a-__call_atexit.o)
 .debug_abbrev  0x00002d7d       0x7b c:/altera/13.0sp1/nios2eds/bin/gnu/h-i686-mingw32/bin/../lib/gcc/nios2-elf/4.1.2/mno-hw-mul\libgcc.a(lib2-mul.o)
 .debug_abbrev  0x00002df8       0x72 ../LED_bsp/\libhal_bsp.a(alt_exit.o)

.debug_line     0x00000000     0x7c7a
 *(.debug_line)
 .debug_line    0x00000000       0x51 ../LED_bsp//obj/HAL/src/crt0.o
 .debug_line    0x00000051      0x27c obj/default/hello_world.o
 .debug_line    0x000002cd      0x2ca ../LED_bsp/\libhal_bsp.a(alt_main.o)
 .debug_line    0x00000597      0x390 ../LED_bsp/\libhal_bsp.a(alt_sys_init.o)
 .debug_line    0x00000927      0x6ef ../LED_bsp/\libhal_bsp.a(altera_avalon_epcs_flash_controller.o)
 .debug_line    0x00001016      0x217 ../LED_bsp/\libhal_bsp.a(altera_avalon_jtag_uart_fd.o)
 .debug_line    0x0000122d      0x4ab ../LED_bsp/\libhal_bsp.a(altera_avalon_jtag_uart_init.o)
 .debug_line    0x000016d8      0x317 ../LED_bsp/\libhal_bsp.a(altera_avalon_jtag_uart_ioctl.o)
 .debug_line    0x000019ef      0x3f7 ../LED_bsp/\libhal_bsp.a(altera_avalon_jtag_uart_read.o)
 .debug_line    0x00001de6      0x405 ../LED_bsp/\libhal_bsp.a(altera_avalon_jtag_uart_write.o)
 .debug_line    0x000021eb      0x2b3 ../LED_bsp/\libhal_bsp.a(altera_avalon_timer_sc.o)
 .debug_line    0x0000249e      0x1d2 ../LED_bsp/\libhal_bsp.a(altera_avalon_uart_fd.o)
 .debug_line    0x00002670      0x492 ../LED_bsp/\libhal_bsp.a(altera_avalon_uart_init.o)
 .debug_line    0x00002b02      0x404 ../LED_bsp/\libhal_bsp.a(altera_avalon_uart_read.o)
 .debug_line    0x00002f06      0x3e5 ../LED_bsp/\libhal_bsp.a(altera_avalon_uart_write.o)
 .debug_line    0x000032eb      0x408 ../LED_bsp/\libhal_bsp.a(epcs_commands.o)
 .debug_line    0x000036f3      0x2dc ../LED_bsp/\libhal_bsp.a(alt_alarm_start.o)
 .debug_line    0x000039cf      0x299 ../LED_bsp/\libhal_bsp.a(alt_close.o)
 .debug_line    0x00003c68      0x254 ../LED_bsp/\libhal_bsp.a(alt_dev.o)
 .debug_line    0x00003ebc      0x25a ../LED_bsp/\libhal_bsp.a(alt_dev_llist_insert.o)
 .debug_line    0x00004116       0x83 ../LED_bsp/\libhal_bsp.a(alt_do_ctors.o)
 .debug_line    0x00004199       0x83 ../LED_bsp/\libhal_bsp.a(alt_do_dtors.o)
 .debug_line    0x0000421c      0x1aa ../LED_bsp/\libhal_bsp.a(alt_errno.o)
 .debug_line    0x000043c6      0x268 ../LED_bsp/\libhal_bsp.a(alt_flash_dev.o)
 .debug_line    0x0000462e      0x2c8 ../LED_bsp/\libhal_bsp.a(alt_iic.o)
 .debug_line    0x000048f6      0x249 ../LED_bsp/\libhal_bsp.a(alt_iic_isr_register.o)
 .debug_line    0x00004b3f      0x2b4 ../LED_bsp/\libhal_bsp.a(alt_io_redirect.o)
 .debug_line    0x00004df3       0x6b ../LED_bsp/\libhal_bsp.a(alt_irq_entry.o)
 .debug_line    0x00004e5e      0x248 ../LED_bsp/\libhal_bsp.a(alt_irq_handler.o)
 .debug_line    0x000050a6       0x72 ../LED_bsp/\libhal_bsp.a(alt_irq_vars.o)
 .debug_line    0x00005118      0x2ff ../LED_bsp/\libhal_bsp.a(alt_open.o)
 .debug_line    0x00005417       0xed ../LED_bsp/\libhal_bsp.a(alt_release_fd.o)
 .debug_line    0x00005504      0x2dc ../LED_bsp/\libhal_bsp.a(alt_tick.o)
 .debug_line    0x000057e0      0x1ce ../LED_bsp/\libhal_bsp.a(altera_nios2_qsys_irq.o)
 .debug_line    0x000059ae      0x1f2 ../LED_bsp/\libhal_bsp.a(altera_avalon_spi.o)
 .debug_line    0x00005ba0       0xab ../LED_bsp/\libhal_bsp.a(alt_exception_entry.o)
 .debug_line    0x00005c4b      0x26b ../LED_bsp/\libhal_bsp.a(alt_find_dev.o)
 .debug_line    0x00005eb6      0x27c ../LED_bsp/\libhal_bsp.a(alt_find_file.o)
 .debug_line    0x00006132      0x297 ../LED_bsp/\libhal_bsp.a(alt_get_fd.o)
 .debug_line    0x000063c9      0x203 c:/altera/13.0sp1/nios2eds/bin/gnu/h-i686-mingw32/bin/../lib/gcc/nios2-elf/4.1.2/../../../../nios2-elf/lib/mno-hw-mul\libc.a(lib_a-atexit.o)
 .debug_line    0x000065cc      0x23b c:/altera/13.0sp1/nios2eds/bin/gnu/h-i686-mingw32/bin/../lib/gcc/nios2-elf/4.1.2/../../../../nios2-elf/lib/mno-hw-mul\libc.a(lib_a-exit.o)
 .debug_line    0x00006807      0x230 c:/altera/13.0sp1/nios2eds/bin/gnu/h-i686-mingw32/bin/../lib/gcc/nios2-elf/4.1.2/../../../../nios2-elf/lib/mno-hw-mul\libc.a(lib_a-impure.o)
 .debug_line    0x00006a37      0x1e2 c:/altera/13.0sp1/nios2eds/bin/gnu/h-i686-mingw32/bin/../lib/gcc/nios2-elf/4.1.2/../../../../nios2-elf/lib/mno-hw-mul\libc.a(lib_a-int_errno.o)
 .debug_line    0x00006c19      0x2a2 c:/altera/13.0sp1/nios2eds/bin/gnu/h-i686-mingw32/bin/../lib/gcc/nios2-elf/4.1.2/../../../../nios2-elf/lib/mno-hw-mul\libc.a(lib_a-memcmp.o)
 .debug_line    0x00006ebb      0x1af c:/altera/13.0sp1/nios2eds/bin/gnu/h-i686-mingw32/bin/../lib/gcc/nios2-elf/4.1.2/../../../../nios2-elf/lib/mno-hw-mul\libc.a(lib_a-memcpy.o)
 .debug_line    0x0000706a      0x270 c:/altera/13.0sp1/nios2eds/bin/gnu/h-i686-mingw32/bin/../lib/gcc/nios2-elf/4.1.2/../../../../nios2-elf/lib/mno-hw-mul\libc.a(lib_a-strlen.o)
 .debug_line    0x000072da      0x316 c:/altera/13.0sp1/nios2eds/bin/gnu/h-i686-mingw32/bin/../lib/gcc/nios2-elf/4.1.2/../../../../nios2-elf/lib/mno-hw-mul\libc.a(lib_a-__atexit.o)
 .debug_line    0x000075f0      0x36a c:/altera/13.0sp1/nios2eds/bin/gnu/h-i686-mingw32/bin/../lib/gcc/nios2-elf/4.1.2/../../../../nios2-elf/lib/mno-hw-mul\libc.a(lib_a-__call_atexit.o)
 .debug_line    0x0000795a      0x11a c:/altera/13.0sp1/nios2eds/bin/gnu/h-i686-mingw32/bin/../lib/gcc/nios2-elf/4.1.2/mno-hw-mul\libgcc.a(lib2-mul.o)
 .debug_line    0x00007a74      0x206 ../LED_bsp/\libhal_bsp.a(alt_exit.o)

.debug_frame    0x00000000      0xcd4
 *(.debug_frame)
 .debug_frame   0x00000000       0x64 obj/default/hello_world.o
 .debug_frame   0x00000064       0x2c ../LED_bsp/\libhal_bsp.a(alt_main.o)
 .debug_frame   0x00000090       0x64 ../LED_bsp/\libhal_bsp.a(alt_sys_init.o)
 .debug_frame   0x000000f4      0x128 ../LED_bsp/\libhal_bsp.a(altera_avalon_epcs_flash_controller.o)
 .debug_frame   0x0000021c       0x80 ../LED_bsp/\libhal_bsp.a(altera_avalon_jtag_uart_fd.o)
 .debug_frame   0x0000029c       0x80 ../LED_bsp/\libhal_bsp.a(altera_avalon_jtag_uart_init.o)
 .debug_frame   0x0000031c       0x2c ../LED_bsp/\libhal_bsp.a(altera_avalon_jtag_uart_ioctl.o)
 .debug_frame   0x00000348       0x2c ../LED_bsp/\libhal_bsp.a(altera_avalon_jtag_uart_read.o)
 .debug_frame   0x00000374       0x2c ../LED_bsp/\libhal_bsp.a(altera_avalon_jtag_uart_write.o)
 .debug_frame   0x000003a0       0x48 ../LED_bsp/\libhal_bsp.a(altera_avalon_timer_sc.o)
 .debug_frame   0x000003e8       0x64 ../LED_bsp/\libhal_bsp.a(altera_avalon_uart_fd.o)
 .debug_frame   0x0000044c       0x9c ../LED_bsp/\libhal_bsp.a(altera_avalon_uart_init.o)
 .debug_frame   0x000004e8       0x48 ../LED_bsp/\libhal_bsp.a(altera_avalon_uart_read.o)
 .debug_frame   0x00000530       0x48 ../LED_bsp/\libhal_bsp.a(altera_avalon_uart_write.o)
 .debug_frame   0x00000578      0x160 ../LED_bsp/\libhal_bsp.a(epcs_commands.o)
 .debug_frame   0x000006d8       0x2c ../LED_bsp/\libhal_bsp.a(alt_alarm_start.o)
 .debug_frame   0x00000704       0x48 ../LED_bsp/\libhal_bsp.a(alt_close.o)
 .debug_frame   0x0000074c       0x2c ../LED_bsp/\libhal_bsp.a(alt_dev.o)
 .debug_frame   0x00000778       0x48 ../LED_bsp/\libhal_bsp.a(alt_dev_llist_insert.o)
 .debug_frame   0x000007c0       0x2c ../LED_bsp/\libhal_bsp.a(alt_do_ctors.o)
 .debug_frame   0x000007ec       0x2c ../LED_bsp/\libhal_bsp.a(alt_do_dtors.o)
 .debug_frame   0x00000818       0x48 ../LED_bsp/\libhal_bsp.a(alt_flash_dev.o)
 .debug_frame   0x00000860       0x80 ../LED_bsp/\libhal_bsp.a(alt_iic.o)
 .debug_frame   0x000008e0       0x2c ../LED_bsp/\libhal_bsp.a(alt_iic_isr_register.o)
 .debug_frame   0x0000090c       0x4c ../LED_bsp/\libhal_bsp.a(alt_io_redirect.o)
 .debug_frame   0x00000958       0x2c ../LED_bsp/\libhal_bsp.a(alt_irq_handler.o)
 .debug_frame   0x00000984       0x68 ../LED_bsp/\libhal_bsp.a(alt_open.o)
 .debug_frame   0x000009ec       0x30 ../LED_bsp/\libhal_bsp.a(alt_release_fd.o)
 .debug_frame   0x00000a1c       0x48 ../LED_bsp/\libhal_bsp.a(alt_tick.o)
 .debug_frame   0x00000a64       0x2c ../LED_bsp/\libhal_bsp.a(altera_nios2_qsys_irq.o)
 .debug_frame   0x00000a90       0x2c ../LED_bsp/\libhal_bsp.a(altera_avalon_spi.o)
 .debug_frame   0x00000abc       0x2c ../LED_bsp/\libhal_bsp.a(alt_find_dev.o)
 .debug_frame   0x00000ae8       0x2c ../LED_bsp/\libhal_bsp.a(alt_find_file.o)
 .debug_frame   0x00000b14       0x30 ../LED_bsp/\libhal_bsp.a(alt_get_fd.o)
 .debug_frame   0x00000b44       0x20 c:/altera/13.0sp1/nios2eds/bin/gnu/h-i686-mingw32/bin/../lib/gcc/nios2-elf/4.1.2/../../../../nios2-elf/lib/mno-hw-mul\libc.a(lib_a-atexit.o)
 .debug_frame   0x00000b64       0x28 c:/altera/13.0sp1/nios2eds/bin/gnu/h-i686-mingw32/bin/../lib/gcc/nios2-elf/4.1.2/../../../../nios2-elf/lib/mno-hw-mul\libc.a(lib_a-exit.o)
 .debug_frame   0x00000b8c       0x20 c:/altera/13.0sp1/nios2eds/bin/gnu/h-i686-mingw32/bin/../lib/gcc/nios2-elf/4.1.2/../../../../nios2-elf/lib/mno-hw-mul\libc.a(lib_a-memcmp.o)
 .debug_frame   0x00000bac       0x20 c:/altera/13.0sp1/nios2eds/bin/gnu/h-i686-mingw32/bin/../lib/gcc/nios2-elf/4.1.2/../../../../nios2-elf/lib/mno-hw-mul\libc.a(lib_a-memcpy.o)
 .debug_frame   0x00000bcc       0x20 c:/altera/13.0sp1/nios2eds/bin/gnu/h-i686-mingw32/bin/../lib/gcc/nios2-elf/4.1.2/../../../../nios2-elf/lib/mno-hw-mul\libc.a(lib_a-strlen.o)
 .debug_frame   0x00000bec       0x34 c:/altera/13.0sp1/nios2eds/bin/gnu/h-i686-mingw32/bin/../lib/gcc/nios2-elf/4.1.2/../../../../nios2-elf/lib/mno-hw-mul\libc.a(lib_a-__atexit.o)
 .debug_frame   0x00000c20       0x4c c:/altera/13.0sp1/nios2eds/bin/gnu/h-i686-mingw32/bin/../lib/gcc/nios2-elf/4.1.2/../../../../nios2-elf/lib/mno-hw-mul\libc.a(lib_a-__call_atexit.o)
 .debug_frame   0x00000c6c       0x20 c:/altera/13.0sp1/nios2eds/bin/gnu/h-i686-mingw32/bin/../lib/gcc/nios2-elf/4.1.2/mno-hw-mul\libgcc.a(lib2-mul.o)
 .debug_frame   0x00000c8c       0x48 ../LED_bsp/\libhal_bsp.a(alt_exit.o)

.debug_str      0x00000000      0xcef
 *(.debug_str)
 .debug_str     0x00000000       0x12 obj/default/hello_world.o
 .debug_str     0x00000012       0x12 ../LED_bsp/\libhal_bsp.a(alt_main.o)
 .debug_str     0x00000024       0x40 ../LED_bsp/\libhal_bsp.a(alt_sys_init.o)
 .debug_str     0x00000064       0x90 ../LED_bsp/\libhal_bsp.a(altera_avalon_epcs_flash_controller.o)
 .debug_str     0x000000f4       0x12 ../LED_bsp/\libhal_bsp.a(altera_avalon_jtag_uart_fd.o)
 .debug_str     0x00000106       0x1a ../LED_bsp/\libhal_bsp.a(altera_avalon_jtag_uart_init.o)
 .debug_str     0x00000120       0x12 ../LED_bsp/\libhal_bsp.a(altera_avalon_jtag_uart_ioctl.o)
 .debug_str     0x00000132       0x1a ../LED_bsp/\libhal_bsp.a(altera_avalon_jtag_uart_read.o)
 .debug_str     0x0000014c       0x1a ../LED_bsp/\libhal_bsp.a(altera_avalon_jtag_uart_write.o)
 .debug_str     0x00000166       0x12 ../LED_bsp/\libhal_bsp.a(altera_avalon_timer_sc.o)
 .debug_str     0x00000178       0x12 ../LED_bsp/\libhal_bsp.a(altera_avalon_uart_fd.o)
 .debug_str     0x0000018a       0x19 ../LED_bsp/\libhal_bsp.a(altera_avalon_uart_init.o)
 .debug_str     0x000001a3       0x1a ../LED_bsp/\libhal_bsp.a(altera_avalon_uart_read.o)
 .debug_str     0x000001bd       0x1a ../LED_bsp/\libhal_bsp.a(altera_avalon_uart_write.o)
 .debug_str     0x000001d7       0x2e ../LED_bsp/\libhal_bsp.a(epcs_commands.o)
 .debug_str     0x00000205       0x23 ../LED_bsp/\libhal_bsp.a(alt_alarm_start.o)
 .debug_str     0x00000228       0x12 ../LED_bsp/\libhal_bsp.a(alt_close.o)
 .debug_str     0x0000023a       0x12 ../LED_bsp/\libhal_bsp.a(alt_dev.o)
 .debug_str     0x0000024c       0x12 ../LED_bsp/\libhal_bsp.a(alt_dev_llist_insert.o)
 .debug_str     0x0000025e       0x12 ../LED_bsp/\libhal_bsp.a(alt_errno.o)
 .debug_str     0x00000270       0x2d ../LED_bsp/\libhal_bsp.a(alt_flash_dev.o)
 .debug_str     0x0000029d       0x18 ../LED_bsp/\libhal_bsp.a(alt_iic.o)
 .debug_str     0x000002b5       0x1a ../LED_bsp/\libhal_bsp.a(alt_iic_isr_register.o)
 .debug_str     0x000002cf       0x12 ../LED_bsp/\libhal_bsp.a(alt_io_redirect.o)
 .debug_str     0x000002e1       0x12 ../LED_bsp/\libhal_bsp.a(alt_irq_handler.o)
 .debug_str     0x000002f3       0x12 ../LED_bsp/\libhal_bsp.a(alt_open.o)
 .debug_str     0x00000305       0x1a ../LED_bsp/\libhal_bsp.a(alt_tick.o)
 .debug_str     0x0000031f       0x12 ../LED_bsp/\libhal_bsp.a(altera_nios2_qsys_irq.o)
 .debug_str     0x00000331       0x12 ../LED_bsp/\libhal_bsp.a(alt_find_dev.o)
 .debug_str     0x00000343       0x12 ../LED_bsp/\libhal_bsp.a(alt_find_file.o)
 .debug_str     0x00000355       0x12 ../LED_bsp/\libhal_bsp.a(alt_get_fd.o)
 .debug_str     0x00000367      0x187 c:/altera/13.0sp1/nios2eds/bin/gnu/h-i686-mingw32/bin/../lib/gcc/nios2-elf/4.1.2/../../../../nios2-elf/lib/mno-hw-mul\libc.a(lib_a-atexit.o)
                                0x1cd (size before relaxing)
 .debug_str     0x000004ee      0x387 c:/altera/13.0sp1/nios2eds/bin/gnu/h-i686-mingw32/bin/../lib/gcc/nios2-elf/4.1.2/../../../../nios2-elf/lib/mno-hw-mul\libc.a(lib_a-exit.o)
                                0x51a (size before relaxing)
 .debug_str     0x00000875       0xdf c:/altera/13.0sp1/nios2eds/bin/gnu/h-i686-mingw32/bin/../lib/gcc/nios2-elf/4.1.2/../../../../nios2-elf/lib/mno-hw-mul\libc.a(lib_a-impure.o)
                                0x528 (size before relaxing)
 .debug_str     0x00000954       0x40 c:/altera/13.0sp1/nios2eds/bin/gnu/h-i686-mingw32/bin/../lib/gcc/nios2-elf/4.1.2/../../../../nios2-elf/lib/mno-hw-mul\libc.a(lib_a-int_errno.o)
                                0x171 (size before relaxing)
 .debug_str     0x00000994       0xe3 c:/altera/13.0sp1/nios2eds/bin/gnu/h-i686-mingw32/bin/../lib/gcc/nios2-elf/4.1.2/../../../../nios2-elf/lib/mno-hw-mul\libc.a(lib_a-memcmp.o)
                                0x178 (size before relaxing)
 .debug_str     0x00000a77       0x6c c:/altera/13.0sp1/nios2eds/bin/gnu/h-i686-mingw32/bin/../lib/gcc/nios2-elf/4.1.2/../../../../nios2-elf/lib/mno-hw-mul\libc.a(lib_a-memcpy.o)
                                0x136 (size before relaxing)
 .debug_str     0x00000ae3       0x52 c:/altera/13.0sp1/nios2eds/bin/gnu/h-i686-mingw32/bin/../lib/gcc/nios2-elf/4.1.2/../../../../nios2-elf/lib/mno-hw-mul\libc.a(lib_a-strlen.o)
                                0x18b (size before relaxing)
 .debug_str     0x00000b35       0x54 c:/altera/13.0sp1/nios2eds/bin/gnu/h-i686-mingw32/bin/../lib/gcc/nios2-elf/4.1.2/../../../../nios2-elf/lib/mno-hw-mul\libc.a(lib_a-__atexit.o)
                                0x532 (size before relaxing)
 .debug_str     0x00000b89       0x7e c:/altera/13.0sp1/nios2eds/bin/gnu/h-i686-mingw32/bin/../lib/gcc/nios2-elf/4.1.2/../../../../nios2-elf/lib/mno-hw-mul\libc.a(lib_a-__call_atexit.o)
                                0x55c (size before relaxing)
 .debug_str     0x00000c07       0xcc c:/altera/13.0sp1/nios2eds/bin/gnu/h-i686-mingw32/bin/../lib/gcc/nios2-elf/4.1.2/mno-hw-mul\libgcc.a(lib2-mul.o)
                                0x175 (size before relaxing)
 .debug_str     0x00000cd3       0x1c ../LED_bsp/\libhal_bsp.a(alt_exit.o)

.debug_loc      0x00000000     0x13f8
 *(.debug_loc)
 .debug_loc     0x00000000       0x81 obj/default/hello_world.o
 .debug_loc     0x00000081       0x2b ../LED_bsp/\libhal_bsp.a(alt_main.o)
 .debug_loc     0x000000ac       0x81 ../LED_bsp/\libhal_bsp.a(alt_sys_init.o)
 .debug_loc     0x0000012d      0x1af ../LED_bsp/\libhal_bsp.a(altera_avalon_epcs_flash_controller.o)
 .debug_loc     0x000002dc       0xac ../LED_bsp/\libhal_bsp.a(altera_avalon_jtag_uart_fd.o)
 .debug_loc     0x00000388       0xac ../LED_bsp/\libhal_bsp.a(altera_avalon_jtag_uart_init.o)
 .debug_loc     0x00000434       0x2b ../LED_bsp/\libhal_bsp.a(altera_avalon_jtag_uart_ioctl.o)
 .debug_loc     0x0000045f       0x2b ../LED_bsp/\libhal_bsp.a(altera_avalon_jtag_uart_read.o)
 .debug_loc     0x0000048a       0x2b ../LED_bsp/\libhal_bsp.a(altera_avalon_jtag_uart_write.o)
 .debug_loc     0x000004b5       0x56 ../LED_bsp/\libhal_bsp.a(altera_avalon_timer_sc.o)
 .debug_loc     0x0000050b       0x81 ../LED_bsp/\libhal_bsp.a(altera_avalon_uart_fd.o)
 .debug_loc     0x0000058c       0xd7 ../LED_bsp/\libhal_bsp.a(altera_avalon_uart_init.o)
 .debug_loc     0x00000663       0x57 ../LED_bsp/\libhal_bsp.a(altera_avalon_uart_read.o)
 .debug_loc     0x000006ba       0x56 ../LED_bsp/\libhal_bsp.a(altera_avalon_uart_write.o)
 .debug_loc     0x00000710      0x204 ../LED_bsp/\libhal_bsp.a(epcs_commands.o)
 .debug_loc     0x00000914       0x2b ../LED_bsp/\libhal_bsp.a(alt_alarm_start.o)
 .debug_loc     0x0000093f       0x56 ../LED_bsp/\libhal_bsp.a(alt_close.o)
 .debug_loc     0x00000995       0x2b ../LED_bsp/\libhal_bsp.a(alt_dev.o)
 .debug_loc     0x000009c0       0x56 ../LED_bsp/\libhal_bsp.a(alt_dev_llist_insert.o)
 .debug_loc     0x00000a16       0x2b ../LED_bsp/\libhal_bsp.a(alt_do_ctors.o)
 .debug_loc     0x00000a41       0x2b ../LED_bsp/\libhal_bsp.a(alt_do_dtors.o)
 .debug_loc     0x00000a6c       0x56 ../LED_bsp/\libhal_bsp.a(alt_flash_dev.o)
 .debug_loc     0x00000ac2       0xac ../LED_bsp/\libhal_bsp.a(alt_iic.o)
 .debug_loc     0x00000b6e       0x2b ../LED_bsp/\libhal_bsp.a(alt_iic_isr_register.o)
 .debug_loc     0x00000b99       0x56 ../LED_bsp/\libhal_bsp.a(alt_io_redirect.o)
 .debug_loc     0x00000bef       0x2b ../LED_bsp/\libhal_bsp.a(alt_irq_handler.o)
 .debug_loc     0x00000c1a       0x81 ../LED_bsp/\libhal_bsp.a(alt_open.o)
 .debug_loc     0x00000c9b       0x2b ../LED_bsp/\libhal_bsp.a(alt_release_fd.o)
 .debug_loc     0x00000cc6       0x56 ../LED_bsp/\libhal_bsp.a(alt_tick.o)
 .debug_loc     0x00000d1c       0x2b ../LED_bsp/\libhal_bsp.a(altera_nios2_qsys_irq.o)
 .debug_loc     0x00000d47       0x2b ../LED_bsp/\libhal_bsp.a(altera_avalon_spi.o)
 .debug_loc     0x00000d72       0x2b ../LED_bsp/\libhal_bsp.a(alt_find_dev.o)
 .debug_loc     0x00000d9d       0x2b ../LED_bsp/\libhal_bsp.a(alt_find_file.o)
 .debug_loc     0x00000dc8       0x2b ../LED_bsp/\libhal_bsp.a(alt_get_fd.o)
 .debug_loc     0x00000df3       0x1e c:/altera/13.0sp1/nios2eds/bin/gnu/h-i686-mingw32/bin/../lib/gcc/nios2-elf/4.1.2/../../../../nios2-elf/lib/mno-hw-mul\libc.a(lib_a-atexit.o)
 .debug_loc     0x00000e11       0x3d c:/altera/13.0sp1/nios2eds/bin/gnu/h-i686-mingw32/bin/../lib/gcc/nios2-elf/4.1.2/../../../../nios2-elf/lib/mno-hw-mul\libc.a(lib_a-exit.o)
 .debug_loc     0x00000e4e      0x114 c:/altera/13.0sp1/nios2eds/bin/gnu/h-i686-mingw32/bin/../lib/gcc/nios2-elf/4.1.2/../../../../nios2-elf/lib/mno-hw-mul\libc.a(lib_a-memcmp.o)
 .debug_loc     0x00000f62       0xca c:/altera/13.0sp1/nios2eds/bin/gnu/h-i686-mingw32/bin/../lib/gcc/nios2-elf/4.1.2/../../../../nios2-elf/lib/mno-hw-mul\libc.a(lib_a-memcpy.o)
 .debug_loc     0x0000102c       0x3c c:/altera/13.0sp1/nios2eds/bin/gnu/h-i686-mingw32/bin/../lib/gcc/nios2-elf/4.1.2/../../../../nios2-elf/lib/mno-hw-mul\libc.a(lib_a-strlen.o)
 .debug_loc     0x00001068      0x120 c:/altera/13.0sp1/nios2eds/bin/gnu/h-i686-mingw32/bin/../lib/gcc/nios2-elf/4.1.2/../../../../nios2-elf/lib/mno-hw-mul\libc.a(lib_a-__atexit.o)
 .debug_loc     0x00001188      0x1cb c:/altera/13.0sp1/nios2eds/bin/gnu/h-i686-mingw32/bin/../lib/gcc/nios2-elf/4.1.2/../../../../nios2-elf/lib/mno-hw-mul\libc.a(lib_a-__call_atexit.o)
 .debug_loc     0x00001353       0x4f c:/altera/13.0sp1/nios2eds/bin/gnu/h-i686-mingw32/bin/../lib/gcc/nios2-elf/4.1.2/mno-hw-mul\libgcc.a(lib2-mul.o)
 .debug_loc     0x000013a2       0x56 ../LED_bsp/\libhal_bsp.a(alt_exit.o)

.debug_macinfo
 *(.debug_macinfo)

.debug_weaknames
 *(.debug_weaknames)

.debug_funcnames
 *(.debug_funcnames)

.debug_typenames
 *(.debug_typenames)

.debug_varnames
 *(.debug_varnames)

.debug_alt_sim_info
                0x00000000       0x10
 *(.debug_alt_sim_info)
 .debug_alt_sim_info
                0x00000000       0x10 ../LED_bsp//obj/HAL/src/crt0.o
                0x02000000                __alt_data_end = 0x2000000
                0x02000000                PROVIDE (__alt_stack_pointer, __alt_data_end)
                0x0000627c                PROVIDE (__alt_stack_limit, __alt_stack_base)
                0x0000627c                PROVIDE (__alt_heap_start, end)
                0x02000000                PROVIDE (__alt_heap_limit, 0x2000000)
OUTPUT(LED.elf elf32-littlenios2)

.debug_ranges   0x00000000       0x70
 .debug_ranges  0x00000000       0x28 ../LED_bsp/\libhal_bsp.a(alt_irq_entry.o)
 .debug_ranges  0x00000028       0x30 ../LED_bsp/\libhal_bsp.a(alt_exception_entry.o)
 .debug_ranges  0x00000058       0x18 c:/altera/13.0sp1/nios2eds/bin/gnu/h-i686-mingw32/bin/../lib/gcc/nios2-elf/4.1.2/../../../../nios2-elf/lib/mno-hw-mul\libc.a(lib_a-__call_atexit.o)
