Product: MDK-ARM Standard 5.10
Component: ARM Compiler 5.04 update 1 (build 49)
Tool: armlink [5040049]

==============================================================================

Section Cross References

    ftccopter.o(.text) refers to board.o(.text) for FTC_Hexacopter_board_Init()
    ftccopter.o(.text) refers to ftc_param.o(.text) for FTC_Param::Init()
    ftccopter.o(.text) refers to ftc_imu.o(.text) for FTC_IMU::Init()
    ftccopter.o(.text) refers to ftc_navgation.o(.text) for FTC_Navgation::Init()
    ftccopter.o(.text) refers to ftc_scheduler.o(.text) for FTC_Loop()
    ftccopter.o(.text) refers to ftc_param.o(.data) for param
    ftccopter.o(.text) refers to ftc_imu.o(.bss) for imu
    ftccopter.o(.text) refers to ftc_navgation.o(.bss) for nav
    ftccopter.o(.ARM.exidx) refers to ftccopter.o(.text) for .text
    ftc_config.o(.text) refers to ftc_drv_led.o(.text) for FTC_LED::ON1()
    ftc_config.o(.text) refers to ftc_config.o(.data) for cnt
    ftc_config.o(.text) refers to ftc_drv_led.o(.data) for led
    ftc_config.o(.text) refers to ftc_config.o(.bss) for ftc
    ftc_config.o(.ARM.exidx) refers to ftc_config.o(.text) for .text
    ftc_config.o(.init_array) refers to ftc_config.o(.text) for __sti___14_FTC_Config_cpp_ftc
    ftc_config.o(.init_array) refers to init_aeabi.o(.text) for __cpp_initialize__aeabi_
    ftc_dt.o(.text) refers to ftc_drv_nrf24l01.o(.text) for FTC_NRF::TxPacket(unsigned char*, unsigned char)
    ftc_dt.o(.text) refers to ftc_flycontrol.o(.text) for FTC_FlyControl::PID_Reset()
    ftc_dt.o(.text) refers to ftc_param.o(.text) for FTC_Param::SAVE_PID()
    ftc_dt.o(.text) refers to ftc_math.o(.text) for radians(float)
    ftc_dt.o(.text) refers to cosf.o(i.cosf) for cosf
    ftc_dt.o(.text) refers to fflt_clz.o(x$fpl$fflt) for __aeabi_i2f
    ftc_dt.o(.text) refers to fmul.o(x$fpl$fmul) for __aeabi_fmul
    ftc_dt.o(.text) refers to sinf.o(i.sinf) for sinf
    ftc_dt.o(.text) refers to faddsub_clz.o(x$fpl$frsb) for __aeabi_frsub
    ftc_dt.o(.text) refers to faddsub_clz.o(x$fpl$fadd) for __aeabi_fadd
    ftc_dt.o(.text) refers to ffixu.o(x$fpl$ffixu) for __aeabi_f2uiz
    ftc_dt.o(.text) refers to fdiv.o(x$fpl$fdiv) for __aeabi_fdiv
    ftc_dt.o(.text) refers to ftc_drv_nrf24l01.o(.bss) for nrf
    ftc_dt.o(.text) refers to ftc_config.o(.bss) for ftc
    ftc_dt.o(.text) refers to ftc_drv_mpu6050.o(.bss) for mpu6050
    ftc_dt.o(.text) refers to ftc_flycontrol.o(.bss) for fc
    ftc_dt.o(.text) refers to ftc_param.o(.data) for param
    ftc_dt.o(.text) refers to ftc_rc.o(.bss) for rc
    ftc_dt.o(.text) refers to ftc_imu.o(.bss) for imu
    ftc_dt.o(.text) refers to ffix.o(x$fpl$ffix) for __aeabi_f2iz
    ftc_dt.o(.text) refers to ftc_dt.o(.data) for cnt
    ftc_dt.o(.text) refers to ftc_navgation.o(.bss) for nav
    ftc_dt.o(.text) refers to ftc_motor.o(.text) for FTC_Motor::getPWM(short*)
    ftc_dt.o(.text) refers to ftc_motor.o(.bss) for motor
    ftc_dt.o(.text) refers to ftc_drv_adc.o(.data) for V_Battery
    ftc_dt.o(.ARM.exidx) refers to ftc_dt.o(.text) for .text
    ftc_filter.o(.text) refers to fmul.o(x$fpl$fmul) for __aeabi_fmul
    ftc_filter.o(.text) refers to fdiv.o(x$fpl$fdiv) for __aeabi_fdiv
    ftc_filter.o(.text) refers to faddsub_clz.o(x$fpl$fadd) for __aeabi_fadd
    ftc_filter.o(.text) refers to ftc_vector3.o(t._ZNK7Vector3IfEmlEf) for Vector3<float>::operator *(float) const
    ftc_filter.o(.text) refers to faddsub_clz.o(x$fpl$fsub) for __aeabi_fsub
    ftc_filter.o(.text) refers to ftc_vector3.o(t._ZNK7Vector3IfEplERKS0_) for Vector3<float>::operator +(const Vector3<float>&) const
    ftc_filter.o(.text) refers to ftc_vector3.o(t._ZNK7Vector3IfEmiERKS0_) for Vector3<float>::operator -(const Vector3<float>&) const
    ftc_filter.o(.text) refers to ffix.o(x$fpl$ffix) for __aeabi_f2iz
    ftc_filter.o(.text) refers to ftc_filter.o(.data) for baro_preout
    ftc_filter.o(.ARM.exidx) refers to ftc_filter.o(.text) for .text
    ftc_flycontrol.o(.text) refers to ftc_flycontrol.o(i._ZN7FTC_PID7set_pidEffff) for FTC_PID::set_pid(float, float, float, float)
    ftc_flycontrol.o(.text) refers to aeabi_vec_ctor_nocookie_nodtor.o(i.__aeabi_vec_ctor_nocookie_nodtor) for __aeabi_vec_ctor_nocookie_nodtor
    ftc_flycontrol.o(.text) refers to ftc_flycontrol.o(t._ZN7Vector3IsEC1Ev) for Vector3<short>::Vector3()
    ftc_flycontrol.o(.text) refers to ffix.o(x$fpl$ffix) for __aeabi_f2iz
    ftc_flycontrol.o(.text) refers to fmul.o(x$fpl$fmul) for __aeabi_fmul
    ftc_flycontrol.o(.text) refers to ftc_math.o(.text) for constrain_int32(int, int, int)
    ftc_flycontrol.o(.text) refers to fflt_clz.o(x$fpl$fflt) for __aeabi_i2f
    ftc_flycontrol.o(.text) refers to faddsub_clz.o(x$fpl$fsub) for __aeabi_fsub
    ftc_flycontrol.o(.text) refers to ftc_vector3.o(t._ZNK7Vector3IfEdvEf) for Vector3<float>::operator /(float) const
    ftc_flycontrol.o(.text) refers to ftc_pid.o(.text) for FTC_PID::get_p(int)
[...]
    FTC_FlyControl::Altitude_Outter_Loop()   0x08001cab   Thumb Code     2  ftc_flycontrol.o(.text)
    FTC_FlyControl::Altitude_Inner_Loop()    0x08001cad   Thumb Code     2  ftc_flycontrol.o(.text)
    FTC_IMU::FTC_IMU()                       0x08001d09   Thumb Code   142  ftc_imu.o(.text)
    FTC_IMU::FTC_IMU__sub_object()           0x08001d09   Thumb Code     0  ftc_imu.o(.text)
    FTC_IMU::sensor_Init()                   0x08001d97   Thumb Code    18  ftc_imu.o(.text)
    FTC_IMU::filter_Init()                   0x08001da9   Thumb Code    62  ftc_imu.o(.text)
    FTC_IMU::Init()                          0x08001de7   Thumb Code    18  ftc_imu.o(.text)
    FTC_IMU::updateSensor()                  0x08001df9   Thumb Code    54  ftc_imu.o(.text)
    FTC_IMU::Quaternion_CF(Vector3<float>, Vector3<float>, float) 0x08001e2f   Thumb Code   214  ftc_imu.o(.text)
    FTC_IMU::getDeltaT(unsigned)             0x08001f05   Thumb Code    46  ftc_imu.o(.text)
    FTC_IMU::getAttitude()                   0x08001f33   Thumb Code   184  ftc_imu.o(.text)
    FTC_IMU::Get_Accel_Ef()                  0x08001feb   Thumb Code    84  ftc_imu.o(.text)
    FTC_IMU::DCM_CF(Vector3<float>, Vector3<float>, float) 0x0800203f   Thumb Code   292  ftc_imu.o(.text)
    FTC_Motor::ResetPWM()                    0x080021c5   Thumb Code    24  ftc_motor.o(.text)
    FTC_Motor::writeMotor(unsigned short, int, int, int) 0x080021dd   Thumb Code   594  ftc_motor.o(.text)
    FTC_Motor::getPWM(short*)                0x0800242f   Thumb Code    26  ftc_motor.o(.text)
    FTC_Navgation::FTC_Navgation()           0x08002461   Thumb Code   174  ftc_navgation.o(.text)
    FTC_Navgation::FTC_Navgation__sub_object() 0x08002461   Thumb Code     0  ftc_navgation.o(.text)
    FTC_Navgation::sensor_Init()             0x0800250f   Thumb Code    12  ftc_navgation.o(.text)
    FTC_Navgation::filter_Init()             0x0800251b   Thumb Code    34  ftc_navgation.o(.text)
    FTC_Navgation::Init()                    0x0800253d   Thumb Code    18  ftc_navgation.o(.text)
    FTC_Navgation::update()                  0x0800254f   Thumb Code  1904  ftc_navgation.o(.text)
    FTC_Navgation::Reset()                   0x08002cbf   Thumb Code    48  ftc_navgation.o(.text)
    FTC_Param::SAVE_FirstInitFlag()          0x08002d19   Thumb Code    18  ftc_param.o(.text)
    FTC_Param::READ_GYRO_OFFSET()            0x08002d2b   Thumb Code    68  ftc_param.o(.text)
    FTC_Param::READ_ACC_OFFSET()             0x08002d6f   Thumb Code    68  ftc_param.o(.text)
    FTC_Param::READ_PID()                    0x08002db3   Thumb Code   552  ftc_param.o(.text)
    FTC_Param::READ_CONF()                   0x08002fdb   Thumb Code    24  ftc_param.o(.text)
    FTC_Param::SAVE_PID()                    0x08002ff3   Thumb Code   542  ftc_param.o(.text)
    FTC_Param::READ_FirstInitFlag()          0x08003211   Thumb Code    20  ftc_param.o(.text)
    FTC_Param::Init()                        0x08003225   Thumb Code    38  ftc_param.o(.text)
    FTC_Param::SAVE_ACC_OFFSET()             0x0800324b   Thumb Code    48  ftc_param.o(.text)
    FTC_Param::SAVE_GYRO_OFFSET()            0x0800327b   Thumb Code    48  ftc_param.o(.text)
    FTC_PID::get_d(int, float)               0x080032c5   Thumb Code   142  ftc_pid.o(.text)
    FTC_PID::get_i(int, float)               0x08003353   Thumb Code    94  ftc_pid.o(.text)
    FTC_PID::get_p(int)                      0x080033b1   Thumb Code    32  ftc_pid.o(.text)
    FTC_PID::get_pid(int, float)             0x080033d1   Thumb Code    48  ftc_pid.o(.text)
    FTC_PID::get_pi(int, float)              0x08003401   Thumb Code    36  ftc_pid.o(.text)
    FTC_PID::reset_I()                       0x08003425   Thumb Code     6  ftc_pid.o(.text)
    FTC_RC::Init()                           0x08003431   Thumb Code   156  ftc_rc.o(.text)
    FTC_RC::FTC_RC()                         0x080034cd   Thumb Code    14  ftc_rc.o(.text)
    FTC_RC::FTC_RC__sub_object()             0x080034cd   Thumb Code     0  ftc_rc.o(.text)
    FTC_RC::Cal_Command()                    0x080034db   Thumb Code   464  ftc_rc.o(.text)
    FTC_RC::check_sticks()                   0x080036ab   Thumb Code   248  ftc_rc.o(.text)
    FTC_RC::CheckAUX()                       0x080037a3   Thumb Code    64  ftc_rc.o(.text)
    FTC_Loop()                               0x0800387d   Thumb Code    94  ftc_scheduler.o(.text)
    FTC_Scheduler::FTC_Scheduler()           0x080038db   Thumb Code    14  ftc_scheduler.o(.text)
    FTC_Scheduler::FTC_Scheduler__sub_object() 0x080038db   Thumb Code     0  ftc_scheduler.o(.text)
    safe_asin(float)                         0x08003911   Thumb Code    54  ftc_math.o(.text)
    constrain_float(float, float, float)     0x08003947   Thumb Code    72  ftc_math.o(.text)
    constrain_int16(short, short, short)     0x0800398f   Thumb Code    22  ftc_math.o(.text)
    constrain_uint16(unsigned short, unsigned short, unsigned short) 0x080039a5   Thumb Code    22  ftc_math.o(.text)
    constrain_int32(int, int, int)           0x080039bb   Thumb Code    22  ftc_math.o(.text)
    applyDeadband(int, int)                  0x080039d1   Thumb Code    34  ftc_math.o(.text)
    radians(float)                           0x080039f3   Thumb Code    14  ftc_math.o(.text)
    degrees(float)                           0x08003a01   Thumb Code    14  ftc_math.o(.text)
    sq(float)                                0x08003a0f   Thumb Code    14  ftc_math.o(.text)
    pythagorous2(float, float)               0x08003a1d   Thumb Code    40  ftc_math.o(.text)
    pythagorous3(float, float, float)        0x08003a45   Thumb Code    58  ftc_math.o(.text)
    pythagorous4(float, float, float, float) 0x08003a7f   Thumb Code    76  ftc_math.o(.text)
    Quaternion::normalize()                  0x08003ae1   Thumb Code    56  ftc_quaternion.o(.text)
    Quaternion::rotation_matrix(Matrix3<float>&) 0x08003b19   Thumb Code   316  ftc_quaternion.o(.text)
    Quaternion::vector_gravity(Vector3<float>&) 0x08003c55   Thumb Code   136  ftc_quaternion.o(.text)
    Quaternion::earth_to_body(Vector3<float>&) 0x08003cdd   Thumb Code    90  ftc_quaternion.o(.text)
    Quaternion::Runge_Kutta_1st(Vector3<float>&, float) 0x08003d37   Thumb Code   500  ftc_quaternion.o(.text)
    Quaternion::from_euler(float, float, float) 0x08003f2b   Thumb Code   304  ftc_quaternion.o(.text)
    Quaternion::to_euler(float*, float*, float*) 0x0800405b   Thumb Code   278  ftc_quaternion.o(.text)
    SysTick_IRQ()                            0x0800418b   Thumb Code    54  board.o(.text)
    GetSysTime_us()                          0x080041c1   Thumb Code    58  board.o(.text)
    DelayUs(unsigned)                        0x080041fb   Thumb Code    24  board.o(.text)
    DelayMs(unsigned)                        0x08004213   Thumb Code    24  board.o(.text)
    FTC_Hexacopter_board_Init()              0x0800422b   Thumb Code   144  board.o(.text)
    FTC_ADC_Init()                           0x080043d9   Thumb Code    12  ftc_drv_adc.o(.text)
    FTC_ADC_Battery()                        0x080043e5   Thumb Code   160  ftc_drv_adc.o(.text)
    InitCurrWrAddress()                      0x08004509   Thumb Code    92  ftc_drv_eeprom.o(.text)
    EE_ReadVariable(unsigned short, unsigned short*) 0x08004613   Thumb Code    88  ftc_drv_eeprom.o(.text)
    __EE_Init()                              0x0800466b   Thumb Code   488  ftc_drv_eeprom.o(.text)
    EE_Init()                                0x08004853   Thumb Code    16  ftc_drv_eeprom.o(.text)
    EE_WriteVariable(unsigned short, unsigned short) 0x0800495d   Thumb Code    36  ftc_drv_eeprom.o(.text)
    FTC_I2C_Soft::FTC_I2C_Soft()             0x08004991   Thumb Code     2  ftc_drv_i2c_soft.o(.text)
    FTC_I2C_Soft::FTC_I2C_Soft__sub_object() 0x08004991   Thumb Code     0  ftc_drv_i2c_soft.o(.text)
    FTC_I2C_Soft::Init()                     0x08004993   Thumb Code    64  ftc_drv_i2c_soft.o(.text)
    FTC_I2C_Soft::I2C_delay()                0x080049d3   Thumb Code     2  ftc_drv_i2c_soft.o(.text)
    FTC_I2C_Soft::I2C_Stop()                 0x080049d5   Thumb Code    62  ftc_drv_i2c_soft.o(.text)
    FTC_I2C_Soft::I2C_WaitAck()              0x08004a13   Thumb Code    94  ftc_drv_i2c_soft.o(.text)
    FTC_I2C_Soft::I2C_SendByte(unsigned char) 0x08004a71   Thumb Code    88  ftc_drv_i2c_soft.o(.text)
    FTC_I2C_Soft::I2C_Start()                0x08004ac9   Thumb Code    94  ftc_drv_i2c_soft.o(.text)
    FTC_I2C_Soft::I2C_Single_Write(unsigned char, unsigned char, unsigned char) 0x08004b27   Thumb Code    86  ftc_drv_i2c_soft.o(.text)
    FTC_I2C_Soft::I2C_NoAck()                0x08004b7d   Thumb Code    62  ftc_drv_i2c_soft.o(.text)
    FTC_I2C_Soft::I2C_ReadByte()             0x08004bbb   Thumb Code    86  ftc_drv_i2c_soft.o(.text)
    FTC_I2C_Soft::I2C_Single_Read(unsigned char, unsigned char) 0x08004c11   Thumb Code   106  ftc_drv_i2c_soft.o(.text)
    FTC_I2C_Soft::I2C_Ack()                  0x08004c7b   Thumb Code    62  ftc_drv_i2c_soft.o(.text)
    FTC_I2C_Soft::I2C_Mult_Read(unsigned char, unsigned char, unsigned char*, unsigned char) 0x08004cb9   Thumb Code   156  ftc_drv_i2c_soft.o(.text)
    FTC_LED::Init()                          0x08004d59   Thumb Code    40  ftc_drv_led.o(.text)
    FTC_LED::ON1()                           0x08004d81   Thumb Code    16  ftc_drv_led.o(.text)
    FTC_LED::ON2()                           0x08004d91   Thumb Code    16  ftc_drv_led.o(.text)
    FTC_LED::OFF1()                          0x08004da1   Thumb Code    16  ftc_drv_led.o(.text)
    FTC_LED::OFF2()                          0x08004db1   Thumb Code    16  ftc_drv_led.o(.text)
    FTC_MPU6050::FTC_MPU6050()               0x08004dc5   Thumb Code    72  ftc_drv_mpu6050.o(.text)
    FTC_MPU6050::FTC_MPU6050__sub_object()   0x08004dc5   Thumb Code     0  ftc_drv_mpu6050.o(.text)
    FTC_MPU6050::delayms(unsigned short)     0x08004e0d   Thumb Code    32  ftc_drv_mpu6050.o(.text)
    FTC_MPU6050::Init(unsigned short, unsigned short) 0x08004e2d   Thumb Code   190  ftc_drv_mpu6050.o(.text)
    FTC_MPU6050::CalOffset_Acc()             0x08004eeb   Thumb Code   230  ftc_drv_mpu6050.o(.text)
    FTC_MPU6050::Read_Acc_Data()             0x08004fd1   Thumb Code   186  ftc_drv_mpu6050.o(.text)
    FTC_MPU6050::CalOffset_Gyro()            0x0800508b   Thumb Code   236  ftc_drv_mpu6050.o(.text)
    FTC_MPU6050::Read_Gyro_Data()            0x08005177   Thumb Code   186  ftc_drv_mpu6050.o(.text)
    FTC_MPU6050::Get_Acc()                   0x08005231   Thumb Code    14  ftc_drv_mpu6050.o(.text)
    FTC_MPU6050::Get_Gyro()                  0x0800523f   Thumb Code    14  ftc_drv_mpu6050.o(.text)
    FTC_MPU6050::Get_Gyro_in_dps(Vector3<float>) 0x0800524d   Thumb Code    72  ftc_drv_mpu6050.o(.text)
    FTC_MS5611::Start_T()                    0x080052c9   Thumb Code    18  ftc_drv_ms5611.o(.text)
    FTC_MS5611::Read_Prom()                  0x080052db   Thumb Code    80  ftc_drv_ms5611.o(.text)
    FTC_MS5611::Reset()                      0x0800532b   Thumb Code    18  ftc_drv_ms5611.o(.text)
    FTC_MS5611::Init()                       0x0800533d   Thumb Code    36  ftc_drv_ms5611.o(.text)
    FTC_MS5611::Start_P()                    0x08005361   Thumb Code    18  ftc_drv_ms5611.o(.text)
    FTC_MS5611::Read_Adc_T()                 0x08005373   Thumb Code    24  ftc_drv_ms5611.o(.text)
    FTC_MS5611::BaroAltCalculate()           0x0800538b   Thumb Code   452  ftc_drv_ms5611.o(.text)
    FTC_MS5611::Read_Adc_P()                 0x0800554f   Thumb Code    24  ftc_drv_ms5611.o(.text)
    FTC_MS5611::Update()                     0x08005567   Thumb Code    56  ftc_drv_ms5611.o(.text)
    FTC_MS5611::Get_BaroAlt()                0x0800559f   Thumb Code     6  ftc_drv_ms5611.o(.text)
    FTC_NRF::Write_Reg(unsigned char, unsigned char) 0x080055d5   Thumb Code    46  ftc_drv_nrf24l01.o(.text)
    FTC_NRF::Write_Buf(unsigned char, unsigned char*, unsigned char) 0x08005603   Thumb Code    60  ftc_drv_nrf24l01.o(.text)
    FTC_NRF::Init(unsigned char, unsigned char) 0x0800563f   Thumb Code   286  ftc_drv_nrf24l01.o(.text)
    FTC_NRF::TxPacket(unsigned char*, unsigned char) 0x0800575d   Thumb Code    46  ftc_drv_nrf24l01.o(.text)
    FTC_NRF::TxPacket_AP(unsigned char*, unsigned char) 0x0800578b   Thumb Code    34  ftc_drv_nrf24l01.o(.text)
    FTC_NRF::Read_Buf(unsigned char, unsigned char*, unsigned char) 0x080057ad   Thumb Code    62  ftc_drv_nrf24l01.o(.text)
    FTC_NRF::Check()                         0x080057eb   Thumb Code    68  ftc_drv_nrf24l01.o(.text)
    FTC_NRF::Read_Reg(unsigned char)         0x0800582f   Thumb Code    40  ftc_drv_nrf24l01.o(.text)
    FTC_NRF::Check_Event()                   0x08005857   Thumb Code   104  ftc_drv_nrf24l01.o(.text)
    FTC_PWM::out_Init(unsigned short)        0x080058cd   Thumb Code   350  ftc_drv_pwm.o(.text)
    FTC_PWM::SetPwm(short*)                  0x08005a2b   Thumb Code   122  ftc_drv_pwm.o(.text)
    FTC_SPI2::Init()                         0x08005abd   Thumb Code   196  ftc_drv_spi2.o(.text)
    FTC_SPI2::RW(unsigned char)              0x08005b81   Thumb Code    52  ftc_drv_spi2.o(.text)
    FTC_SPI2::CE_H()                         0x08005bb5   Thumb Code    16  ftc_drv_spi2.o(.text)
    FTC_SPI2::CE_L()                         0x08005bc5   Thumb Code    16  ftc_drv_spi2.o(.text)
    FTC_SPI2::CSN_H()                        0x08005bd5   Thumb Code    16  ftc_drv_spi2.o(.text)
    FTC_SPI2::CSN_L()                        0x08005be5   Thumb Code    16  ftc_drv_spi2.o(.text)
    FTC_UART3::Init(unsigned)                0x08005c01   Thumb Code   198  ftc_drv_uart3.o(.text)
    FTC_UART3::IRQ()                         0x08005cc7   Thumb Code   174  ftc_drv_uart3.o(.text)
    FTC_UART3::Put_Char(unsigned char)       0x08005d75   Thumb Code    48  ftc_drv_uart3.o(.text)
    FTC_UART3::Put_String(unsigned char*)    0x08005da5   Thumb Code    58  ftc_drv_uart3.o(.text)
    FTC_UART3::Put_Buf(unsigned char*, unsigned char) 0x08005ddf   Thumb Code    68  ftc_drv_uart3.o(.text)
    NMI_Handler                              0x08005e45   Thumb Code     2  stm32f10x_it.o(.text)
    MemManage_Handler                        0x08005e47   Thumb Code     4  stm32f10x_it.o(.text)
    BusFault_Handler                         0x08005e4b   Thumb Code     4  stm32f10x_it.o(.text)
    UsageFault_Handler                       0x08005e4f   Thumb Code     4  stm32f10x_it.o(.text)
    SVC_Handler                              0x08005e53   Thumb Code     2  stm32f10x_it.o(.text)
    DebugMon_Handler                         0x08005e55   Thumb Code     2  stm32f10x_it.o(.text)
    SysTick_Handler                          0x08005e57   Thumb Code     8  stm32f10x_it.o(.text)
    USART1_IRQHandler                        0x08005e5f   Thumb Code     2  stm32f10x_it.o(.text)
    USART3_IRQHandler                        0x08005e61   Thumb Code    10  stm32f10x_it.o(.text)
    NVIC_PriorityGroupConfig                 0x08005e71   Thumb Code    10  misc.o(.text)
    NVIC_Init                                0x08005e7b   Thumb Code   100  misc.o(.text)
    NVIC_SetVectorTable                      0x08005edf   Thumb Code    14  misc.o(.text)
    NVIC_SystemLPConfig                      0x08005eed   Thumb Code    34  misc.o(.text)
    SysTick_CLKSourceConfig                  0x08005f0f   Thumb Code    40  misc.o(.text)
    ADC_DeInit                               0x08005f4d   Thumb Code    78  stm32f10x_adc.o(.text)
    ADC_Init                                 0x08005f9b   Thumb Code    70  stm32f10x_adc.o(.text)
    ADC_StructInit                           0x08005fe1   Thumb Code    18  stm32f10x_adc.o(.text)
    ADC_Cmd                                  0x08005ff3   Thumb Code    22  stm32f10x_adc.o(.text)
    ADC_DMACmd                               0x08006009   Thumb Code    22  stm32f10x_adc.o(.text)
    ADC_ITConfig                             0x0800601f   Thumb Code    24  stm32f10x_adc.o(.text)
    ADC_ResetCalibration                     0x08006037   Thumb Code    10  stm32f10x_adc.o(.text)
    ADC_GetResetCalibrationStatus            0x08006041   Thumb Code    20  stm32f10x_adc.o(.text)
    ADC_StartCalibration                     0x08006055   Thumb Code    10  stm32f10x_adc.o(.text)
    ADC_GetCalibrationStatus                 0x0800605f   Thumb Code    20  stm32f10x_adc.o(.text)
    ADC_SoftwareStartConvCmd                 0x08006073   Thumb Code    22  stm32f10x_adc.o(.text)
    ADC_GetSoftwareStartConvStatus           0x08006089   Thumb Code    20  stm32f10x_adc.o(.text)
    ADC_DiscModeChannelCountConfig           0x0800609d   Thumb Code    24  stm32f10x_adc.o(.text)
    ADC_DiscModeCmd                          0x080060b5   Thumb Code    22  stm32f10x_adc.o(.text)
    ADC_RegularChannelConfig                 0x080060cb   Thumb Code   184  stm32f10x_adc.o(.text)
    ADC_ExternalTrigConvCmd                  0x08006183   Thumb Code    22  stm32f10x_adc.o(.text)
    ADC_GetConversionValue                   0x08006199   Thumb Code     8  stm32f10x_adc.o(.text)
    ADC_GetDualModeConversionValue           0x080061a1   Thumb Code     8  stm32f10x_adc.o(.text)
    ADC_AutoInjectedConvCmd                  0x080061a9   Thumb Code    22  stm32f10x_adc.o(.text)
    ADC_InjectedDiscModeCmd                  0x080061bf   Thumb Code    22  stm32f10x_adc.o(.text)
    ADC_ExternalTrigInjectedConvConfig       0x080061d5   Thumb Code    16  stm32f10x_adc.o(.text)
    ADC_ExternalTrigInjectedConvCmd          0x080061e5   Thumb Code    22  stm32f10x_adc.o(.text)
    ADC_SoftwareStartInjectedConvCmd         0x080061fb   Thumb Code    22  stm32f10x_adc.o(.text)
    ADC_GetSoftwareStartInjectedConvCmdStatus 0x08006211   Thumb Code    20  stm32f10x_adc.o(.text)
    ADC_InjectedChannelConfig                0x08006225   Thumb Code   130  stm32f10x_adc.o(.text)
    ADC_InjectedSequencerLengthConfig        0x080062a7   Thumb Code    24  stm32f10x_adc.o(.text)
    ADC_SetInjectedOffset                    0x080062bf   Thumb Code    20  stm32f10x_adc.o(.text)
    ADC_GetInjectedConversionValue           0x080062d3   Thumb Code    28  stm32f10x_adc.o(.text)
    ADC_AnalogWatchdogCmd                    0x080062ef   Thumb Code    16  stm32f10x_adc.o(.text)
    ADC_AnalogWatchdogThresholdsConfig       0x080062ff   Thumb Code     6  stm32f10x_adc.o(.text)
    ADC_AnalogWatchdogSingleChannelConfig    0x08006305   Thumb Code    16  stm32f10x_adc.o(.text)
    ADC_TempSensorVrefintCmd                 0x08006315   Thumb Code    64  stm32f10x_adc.o(.text)
    ADC_GetFlagStatus                        0x08006355   Thumb Code    18  stm32f10x_adc.o(.text)
    ADC_ClearFlag                            0x08006367   Thumb Code     6  stm32f10x_adc.o(.text)
    ADC_GetITStatus                          0x0800636d   Thumb Code    36  stm32f10x_adc.o(.text)
    ADC_ClearITPendingBit                    0x08006391   Thumb Code    10  stm32f10x_adc.o(.text)
    DMA_DeInit                               0x0800639d   Thumb Code   324  stm32f10x_dma.o(.text)
    DMA_Init                                 0x080064e1   Thumb Code    60  stm32f10x_dma.o(.text)
    DMA_StructInit                           0x0800651d   Thumb Code    26  stm32f10x_dma.o(.text)
    DMA_Cmd                                  0x08006537   Thumb Code    24  stm32f10x_dma.o(.text)
    DMA_ITConfig                             0x0800654f   Thumb Code    18  stm32f10x_dma.o(.text)
    DMA_SetCurrDataCounter                   0x08006561   Thumb Code     4  stm32f10x_dma.o(.text)
    DMA_GetCurrDataCounter                   0x08006565   Thumb Code     8  stm32f10x_dma.o(.text)
    DMA_GetFlagStatus                        0x0800656d   Thumb Code    40  stm32f10x_dma.o(.text)
    DMA_ClearFlag                            0x08006595   Thumb Code    22  stm32f10x_dma.o(.text)
    DMA_GetITStatus                          0x080065ab   Thumb Code    40  stm32f10x_dma.o(.text)
    DMA_ClearITPendingBit                    0x080065d3   Thumb Code    22  stm32f10x_dma.o(.text)
    FLASH_SetLatency                         0x080065f1   Thumb Code    18  stm32f10x_flash.o(.text)
    FLASH_HalfCycleAccessCmd                 0x08006603   Thumb Code    22  stm32f10x_flash.o(.text)
    FLASH_PrefetchBufferCmd                  0x08006619   Thumb Code    22  stm32f10x_flash.o(.text)
    FLASH_Unlock                             0x0800662f   Thumb Code    12  stm32f10x_flash.o(.text)
    FLASH_UnlockBank1                        0x0800663b   Thumb Code    12  stm32f10x_flash.o(.text)
    FLASH_Lock                               0x08006647   Thumb Code    14  stm32f10x_flash.o(.text)
    FLASH_LockBank1                          0x08006655   Thumb Code    14  stm32f10x_flash.o(.text)
    FLASH_GetBank1Status                     0x08006663   Thumb Code    48  stm32f10x_flash.o(.text)
    FLASH_WaitForLastOperation               0x08006693   Thumb Code    38  stm32f10x_flash.o(.text)
    FLASH_ErasePage                          0x080066b9   Thumb Code    72  stm32f10x_flash.o(.text)
    FLASH_EraseAllPages                      0x08006701   Thumb Code    68  stm32f10x_flash.o(.text)
    FLASH_WaitForLastBank1Operation          0x08006745   Thumb Code    38  stm32f10x_flash.o(.text)
    FLASH_EraseAllBank1Pages                 0x0800676b   Thumb Code    68  stm32f10x_flash.o(.text)
    FLASH_GetReadOutProtectionStatus         0x080067af   Thumb Code    20  stm32f10x_flash.o(.text)
    FLASH_EraseOptionBytes                   0x080067c3   Thumb Code   150  stm32f10x_flash.o(.text)
    FLASH_ProgramWord                        0x08006859   Thumb Code   102  stm32f10x_flash.o(.text)
    FLASH_ProgramHalfWord                    0x080068bf   Thumb Code    60  stm32f10x_flash.o(.text)
    FLASH_ProgramOptionByteData              0x080068fb   Thumb Code    72  stm32f10x_flash.o(.text)
    FLASH_EnableWriteProtection              0x08006943   Thumb Code   200  stm32f10x_flash.o(.text)
    FLASH_ReadOutProtection                  0x08006a0b   Thumb Code   156  stm32f10x_flash.o(.text)
    FLASH_UserOptionByteConfig               0x08006aa7   Thumb Code    88  stm32f10x_flash.o(.text)
    FLASH_GetUserOptionByte                  0x08006aff   Thumb Code     8  stm32f10x_flash.o(.text)
    FLASH_GetWriteProtectionOptionByte       0x08006b07   Thumb Code     6  stm32f10x_flash.o(.text)
    FLASH_GetPrefetchBufferStatus            0x08006b0d   Thumb Code    20  stm32f10x_flash.o(.text)
    FLASH_ITConfig                           0x08006b21   Thumb Code    26  stm32f10x_flash.o(.text)
    FLASH_GetFlagStatus                      0x08006b3b   Thumb Code    42  stm32f10x_flash.o(.text)
    FLASH_ClearFlag                          0x08006b65   Thumb Code     6  stm32f10x_flash.o(.text)
    FLASH_GetStatus                          0x08006b6b   Thumb Code    48  stm32f10x_flash.o(.text)
    GPIO_DeInit                              0x08006bad   Thumb Code   172  stm32f10x_gpio.o(.text)
    GPIO_AFIODeInit                          0x08006c59   Thumb Code    20  stm32f10x_gpio.o(.text)
    GPIO_Init                                0x08006c6d   Thumb Code   278  stm32f10x_gpio.o(.text)
    GPIO_StructInit                          0x08006d83   Thumb Code    16  stm32f10x_gpio.o(.text)
    GPIO_ReadInputDataBit                    0x08006d93   Thumb Code    18  stm32f10x_gpio.o(.text)
    GPIO_ReadInputData                       0x08006da5   Thumb Code     8  stm32f10x_gpio.o(.text)
    GPIO_ReadOutputDataBit                   0x08006dad   Thumb Code    18  stm32f10x_gpio.o(.text)
    GPIO_ReadOutputData                      0x08006dbf   Thumb Code     8  stm32f10x_gpio.o(.text)
    GPIO_SetBits                             0x08006dc7   Thumb Code     4  stm32f10x_gpio.o(.text)
    GPIO_ResetBits                           0x08006dcb   Thumb Code     4  stm32f10x_gpio.o(.text)
    GPIO_WriteBit                            0x08006dcf   Thumb Code    10  stm32f10x_gpio.o(.text)
    GPIO_Write                               0x08006dd9   Thumb Code     4  stm32f10x_gpio.o(.text)
    GPIO_PinLockConfig                       0x08006ddd   Thumb Code    18  stm32f10x_gpio.o(.text)
    GPIO_EventOutputConfig                   0x08006def   Thumb Code    26  stm32f10x_gpio.o(.text)
    GPIO_EventOutputCmd                      0x08006e09   Thumb Code     6  stm32f10x_gpio.o(.text)
    GPIO_PinRemapConfig                      0x08006e0f   Thumb Code   138  stm32f10x_gpio.o(.text)
    GPIO_EXTILineConfig                      0x08006e99   Thumb Code    66  stm32f10x_gpio.o(.text)
    GPIO_ETH_MediaInterfaceConfig            0x08006edb   Thumb Code     8  stm32f10x_gpio.o(.text)
    RCC_DeInit                               0x08006f09   Thumb Code    64  stm32f10x_rcc.o(.text)
    RCC_HSEConfig                            0x08006f49   Thumb Code    70  stm32f10x_rcc.o(.text)
    RCC_GetFlagStatus                        0x08006f8f   Thumb Code    56  stm32f10x_rcc.o(.text)
    RCC_WaitForHSEStartUp                    0x08006fc7   Thumb Code    56  stm32f10x_rcc.o(.text)
    RCC_AdjustHSICalibrationValue            0x08006fff   Thumb Code    20  stm32f10x_rcc.o(.text)
    RCC_HSICmd                               0x08007013   Thumb Code     6  stm32f10x_rcc.o(.text)
    RCC_PLLConfig                            0x08007019   Thumb Code    24  stm32f10x_rcc.o(.text)
    RCC_PLLCmd                               0x08007031   Thumb Code     6  stm32f10x_rcc.o(.text)
    RCC_SYSCLKConfig                         0x08007037   Thumb Code    18  stm32f10x_rcc.o(.text)
    RCC_GetSYSCLKSource                      0x08007049   Thumb Code    10  stm32f10x_rcc.o(.text)
    RCC_HCLKConfig                           0x08007053   Thumb Code    18  stm32f10x_rcc.o(.text)
    RCC_PCLK1Config                          0x08007065   Thumb Code    18  stm32f10x_rcc.o(.text)
    RCC_PCLK2Config                          0x08007077   Thumb Code    20  stm32f10x_rcc.o(.text)
    RCC_ITConfig                             0x0800708b   Thumb Code    26  stm32f10x_rcc.o(.text)
    RCC_USBCLKConfig                         0x080070a5   Thumb Code     8  stm32f10x_rcc.o(.text)
    RCC_ADCCLKConfig                         0x080070ad   Thumb Code    18  stm32f10x_rcc.o(.text)
    RCC_LSEConfig                            0x080070bf   Thumb Code    50  stm32f10x_rcc.o(.text)
    RCC_LSICmd                               0x080070f1   Thumb Code     6  stm32f10x_rcc.o(.text)
    RCC_RTCCLKConfig                         0x080070f7   Thumb Code    12  stm32f10x_rcc.o(.text)
    RCC_RTCCLKCmd                            0x08007103   Thumb Code     8  stm32f10x_rcc.o(.text)
    RCC_GetClocksFreq                        0x0800710b   Thumb Code   192  stm32f10x_rcc.o(.text)
    RCC_AHBPeriphClockCmd                    0x080071cb   Thumb Code    26  stm32f10x_rcc.o(.text)
    RCC_APB2PeriphClockCmd                   0x080071e5   Thumb Code    26  stm32f10x_rcc.o(.text)
    RCC_APB1PeriphClockCmd                   0x080071ff   Thumb Code    26  stm32f10x_rcc.o(.text)
    RCC_APB2PeriphResetCmd                   0x08007219   Thumb Code    26  stm32f10x_rcc.o(.text)
    RCC_APB1PeriphResetCmd                   0x08007233   Thumb Code    26  stm32f10x_rcc.o(.text)
    RCC_BackupResetCmd                       0x0800724d   Thumb Code     8  stm32f10x_rcc.o(.text)
    RCC_ClockSecuritySystemCmd               0x08007255   Thumb Code     6  stm32f10x_rcc.o(.text)
    RCC_MCOConfig                            0x0800725b   Thumb Code     6  stm32f10x_rcc.o(.text)
    RCC_ClearFlag                            0x08007261   Thumb Code    14  stm32f10x_rcc.o(.text)
    RCC_GetITStatus                          0x0800726f   Thumb Code    20  stm32f10x_rcc.o(.text)
    RCC_ClearITPendingBit                    0x08007283   Thumb Code     6  stm32f10x_rcc.o(.text)
    SPI_I2S_DeInit                           0x080072ad   Thumb Code    76  stm32f10x_spi.o(.text)
    SPI_Init                                 0x080072f9   Thumb Code    60  stm32f10x_spi.o(.text)
    I2S_Init                                 0x08007335   Thumb Code   226  stm32f10x_spi.o(.text)
    SPI_StructInit                           0x08007417   Thumb Code    24  stm32f10x_spi.o(.text)
    I2S_StructInit                           0x0800742f   Thumb Code    20  stm32f10x_spi.o(.text)
    SPI_Cmd                                  0x08007443   Thumb Code    24  stm32f10x_spi.o(.text)
    I2S_Cmd                                  0x0800745b   Thumb Code    24  stm32f10x_spi.o(.text)
    SPI_I2S_ITConfig                         0x08007473   Thumb Code    32  stm32f10x_spi.o(.text)
    SPI_I2S_DMACmd                           0x08007493   Thumb Code    18  stm32f10x_spi.o(.text)
    SPI_I2S_SendData                         0x080074a5   Thumb Code     4  stm32f10x_spi.o(.text)
    SPI_I2S_ReceiveData                      0x080074a9   Thumb Code     6  stm32f10x_spi.o(.text)
    SPI_NSSInternalSoftwareConfig            0x080074af   Thumb Code    30  stm32f10x_spi.o(.text)
    SPI_SSOutputCmd                          0x080074cd   Thumb Code    24  stm32f10x_spi.o(.text)
    SPI_DataSizeConfig                       0x080074e5   Thumb Code    18  stm32f10x_spi.o(.text)
    SPI_TransmitCRC                          0x080074f7   Thumb Code    10  stm32f10x_spi.o(.text)
    SPI_CalculateCRC                         0x08007501   Thumb Code    24  stm32f10x_spi.o(.text)
    SPI_GetCRC                               0x08007519   Thumb Code    16  stm32f10x_spi.o(.text)
    SPI_GetCRCPolynomial                     0x08007529   Thumb Code     6  stm32f10x_spi.o(.text)
    SPI_BiDirectionalLineConfig              0x0800752f   Thumb Code    28  stm32f10x_spi.o(.text)
    SPI_I2S_GetFlagStatus                    0x0800754b   Thumb Code    18  stm32f10x_spi.o(.text)
    SPI_I2S_ClearFlag                        0x0800755d   Thumb Code     6  stm32f10x_spi.o(.text)
    SPI_I2S_GetITStatus                      0x08007563   Thumb Code    52  stm32f10x_spi.o(.text)
    SPI_I2S_ClearITPendingBit                0x08007597   Thumb Code    20  stm32f10x_spi.o(.text)
    TIM_DeInit                               0x080075b9   Thumb Code   424  stm32f10x_tim.o(.text)
    TIM_TimeBaseInit                         0x08007761   Thumb Code   122  stm32f10x_tim.o(.text)
    TIM_OC1Init                              0x080077db   Thumb Code   132  stm32f10x_tim.o(.text)
    TIM_OC2Init                              0x0800785f   Thumb Code   154  stm32f10x_tim.o(.text)
    TIM_OC3Init                              0x080078f9   Thumb Code   150  stm32f10x_tim.o(.text)
    TIM_OC4Init                              0x0800798f   Thumb Code   182  stm32f10x_tim.o(.text)
    TIM_SetIC4Prescaler                      0x08007a45   Thumb Code    26  stm32f10x_tim.o(.text)
    TIM_SetIC3Prescaler                      0x08007ae1   Thumb Code    18  stm32f10x_tim.o(.text)
    TIM_SetIC2Prescaler                      0x08007b6d   Thumb Code    26  stm32f10x_tim.o(.text)
    TIM_SetIC1Prescaler                      0x08007c09   Thumb Code    18  stm32f10x_tim.o(.text)
    TIM_ICInit                               0x08007c87   Thumb Code   150  stm32f10x_tim.o(.text)
    TIM_PWMIConfig                           0x08007d1d   Thumb Code   124  stm32f10x_tim.o(.text)
    TIM_BDTRConfig                           0x08007d99   Thumb Code    32  stm32f10x_tim.o(.text)
    TIM_TimeBaseStructInit                   0x08007db9   Thumb Code    18  stm32f10x_tim.o(.text)
    TIM_OCStructInit                         0x08007dcb   Thumb Code    20  stm32f10x_tim.o(.text)
    TIM_ICStructInit                         0x08007ddf   Thumb Code    18  stm32f10x_tim.o(.text)
    TIM_BDTRStructInit                       0x08007df1   Thumb Code    40  stm32f10x_tim.o(.text)
    TIM_Cmd                                  0x08007e19   Thumb Code    24  stm32f10x_tim.o(.text)
    TIM_CtrlPWMOutputs                       0x08007e31   Thumb Code    30  stm32f10x_tim.o(.text)
    TIM_ITConfig                             0x08007e4f   Thumb Code    18  stm32f10x_tim.o(.text)
    TIM_GenerateEvent                        0x08007e61   Thumb Code     4  stm32f10x_tim.o(.text)
    TIM_DMAConfig                            0x08007e65   Thumb Code    10  stm32f10x_tim.o(.text)
    TIM_DMACmd                               0x08007e6f   Thumb Code    18  stm32f10x_tim.o(.text)
    TIM_InternalClockConfig                  0x08007e81   Thumb Code    12  stm32f10x_tim.o(.text)
    TIM_SelectInputTrigger                   0x08007e8d   Thumb Code    18  stm32f10x_tim.o(.text)
    TIM_ITRxExternalClockConfig              0x08007e9f   Thumb Code    24  stm32f10x_tim.o(.text)
    TIM_TIxExternalClockConfig               0x08007eb7   Thumb Code    62  stm32f10x_tim.o(.text)
    TIM_ETRConfig                            0x08007ef5   Thumb Code    28  stm32f10x_tim.o(.text)
    TIM_ETRClockMode1Config                  0x08007f11   Thumb Code    54  stm32f10x_tim.o(.text)
    TIM_ETRClockMode2Config                  0x08007f47   Thumb Code    32  stm32f10x_tim.o(.text)
    TIM_PrescalerConfig                      0x08007f67   Thumb Code     6  stm32f10x_tim.o(.text)
    TIM_CounterModeConfig                    0x08007f6d   Thumb Code    18  stm32f10x_tim.o(.text)
    TIM_EncoderInterfaceConfig               0x08007f7f   Thumb Code    66  stm32f10x_tim.o(.text)
    TIM_ForcedOC1Config                      0x08007fc1   Thumb Code    18  stm32f10x_tim.o(.text)
    TIM_ForcedOC2Config                      0x08007fd3   Thumb Code    26  stm32f10x_tim.o(.text)
    TIM_ForcedOC3Config                      0x08007fed   Thumb Code    18  stm32f10x_tim.o(.text)
    TIM_ForcedOC4Config                      0x08007fff   Thumb Code    26  stm32f10x_tim.o(.text)
    TIM_ARRPreloadConfig                     0x08008019   Thumb Code    24  stm32f10x_tim.o(.text)
    TIM_SelectCOM                            0x08008031   Thumb Code    24  stm32f10x_tim.o(.text)
    TIM_SelectCCDMA                          0x08008049   Thumb Code    24  stm32f10x_tim.o(.text)
    TIM_CCPreloadControl                     0x08008061   Thumb Code    24  stm32f10x_tim.o(.text)
    TIM_OC1PreloadConfig                     0x08008079   Thumb Code    18  stm32f10x_tim.o(.text)
    TIM_OC2PreloadConfig                     0x0800808b   Thumb Code    26  stm32f10x_tim.o(.text)
    TIM_OC3PreloadConfig                     0x080080a5   Thumb Code    18  stm32f10x_tim.o(.text)
    TIM_OC4PreloadConfig                     0x080080b7   Thumb Code    26  stm32f10x_tim.o(.text)
    TIM_OC1FastConfig                        0x080080d1   Thumb Code    18  stm32f10x_tim.o(.text)
    TIM_OC2FastConfig                        0x080080e3   Thumb Code    26  stm32f10x_tim.o(.text)
    TIM_OC3FastConfig                        0x080080fd   Thumb Code    18  stm32f10x_tim.o(.text)
    TIM_OC4FastConfig                        0x0800810f   Thumb Code    26  stm32f10x_tim.o(.text)
    TIM_ClearOC1Ref                          0x08008129   Thumb Code    18  stm32f10x_tim.o(.text)
    TIM_ClearOC2Ref                          0x0800813b   Thumb Code    24  stm32f10x_tim.o(.text)
    TIM_ClearOC3Ref                          0x08008153   Thumb Code    18  stm32f10x_tim.o(.text)
    TIM_ClearOC4Ref                          0x08008165   Thumb Code    24  stm32f10x_tim.o(.text)
    TIM_OC1PolarityConfig                    0x0800817d   Thumb Code    18  stm32f10x_tim.o(.text)
    TIM_OC1NPolarityConfig                   0x0800818f   Thumb Code    18  stm32f10x_tim.o(.text)
    TIM_OC2PolarityConfig                    0x080081a1   Thumb Code    26  stm32f10x_tim.o(.text)
    TIM_OC2NPolarityConfig                   0x080081bb   Thumb Code    26  stm32f10x_tim.o(.text)
    TIM_OC3PolarityConfig                    0x080081d5   Thumb Code    26  stm32f10x_tim.o(.text)
    TIM_OC3NPolarityConfig                   0x080081ef   Thumb Code    26  stm32f10x_tim.o(.text)
    TIM_OC4PolarityConfig                    0x08008209   Thumb Code    26  stm32f10x_tim.o(.text)
    TIM_CCxCmd                               0x08008223   Thumb Code    30  stm32f10x_tim.o(.text)
    TIM_CCxNCmd                              0x08008241   Thumb Code    30  stm32f10x_tim.o(.text)
    TIM_SelectOCxM                           0x0800825f   Thumb Code    82  stm32f10x_tim.o(.text)
    TIM_UpdateDisableConfig                  0x080082b1   Thumb Code    24  stm32f10x_tim.o(.text)
    TIM_UpdateRequestConfig                  0x080082c9   Thumb Code    24  stm32f10x_tim.o(.text)
    TIM_SelectHallSensor                     0x080082e1   Thumb Code    24  stm32f10x_tim.o(.text)
    TIM_SelectOnePulseMode                   0x080082f9   Thumb Code    18  stm32f10x_tim.o(.text)
    TIM_SelectOutputTrigger                  0x0800830b   Thumb Code    18  stm32f10x_tim.o(.text)
    TIM_SelectSlaveMode                      0x0800831d   Thumb Code    18  stm32f10x_tim.o(.text)
    TIM_SelectMasterSlaveMode                0x0800832f   Thumb Code    18  stm32f10x_tim.o(.text)
    TIM_SetCounter                           0x08008341   Thumb Code     4  stm32f10x_tim.o(.text)
    TIM_SetAutoreload                        0x08008345   Thumb Code     4  stm32f10x_tim.o(.text)
    TIM_SetCompare1                          0x08008349   Thumb Code     4  stm32f10x_tim.o(.text)
    TIM_SetCompare2                          0x0800834d   Thumb Code     4  stm32f10x_tim.o(.text)
    TIM_SetCompare3                          0x08008351   Thumb Code     4  stm32f10x_tim.o(.text)
    TIM_SetCompare4                          0x08008355   Thumb Code     6  stm32f10x_tim.o(.text)
    TIM_SetClockDivision                     0x0800835b   Thumb Code    18  stm32f10x_tim.o(.text)
    TIM_GetCapture1                          0x0800836d   Thumb Code     6  stm32f10x_tim.o(.text)
    TIM_GetCapture2                          0x08008373   Thumb Code     6  stm32f10x_tim.o(.text)
    TIM_GetCapture3                          0x08008379   Thumb Code     6  stm32f10x_tim.o(.text)
    TIM_GetCapture4                          0x0800837f   Thumb Code     8  stm32f10x_tim.o(.text)
    TIM_GetCounter                           0x08008387   Thumb Code     6  stm32f10x_tim.o(.text)
    TIM_GetPrescaler                         0x0800838d   Thumb Code     6  stm32f10x_tim.o(.text)
    TIM_GetFlagStatus                        0x08008393   Thumb Code    18  stm32f10x_tim.o(.text)
    TIM_ClearFlag                            0x080083a5   Thumb Code     6  stm32f10x_tim.o(.text)
    TIM_GetITStatus                          0x080083ab   Thumb Code    34  stm32f10x_tim.o(.text)
    TIM_ClearITPendingBit                    0x080083cd   Thumb Code     6  stm32f10x_tim.o(.text)
    USART_DeInit                             0x080083d5   Thumb Code   134  stm32f10x_usart.o(.text)
    USART_Init                               0x0800845b   Thumb Code   210  stm32f10x_usart.o(.text)
    USART_StructInit                         0x0800852d   Thumb Code    24  stm32f10x_usart.o(.text)
    USART_ClockInit                          0x08008545   Thumb Code    34  stm32f10x_usart.o(.text)
    USART_ClockStructInit                    0x08008567   Thumb Code    12  stm32f10x_usart.o(.text)
    USART_Cmd                                0x08008573   Thumb Code    24  stm32f10x_usart.o(.text)
    USART_ITConfig                           0x0800858b   Thumb Code    74  stm32f10x_usart.o(.text)
    USART_DMACmd                             0x080085d5   Thumb Code    18  stm32f10x_usart.o(.text)
    USART_SetAddress                         0x080085e7   Thumb Code    18  stm32f10x_usart.o(.text)
    USART_WakeUpConfig                       0x080085f9   Thumb Code    18  stm32f10x_usart.o(.text)
    USART_ReceiverWakeUpCmd                  0x0800860b   Thumb Code    24  stm32f10x_usart.o(.text)
    USART_LINBreakDetectLengthConfig         0x08008623   Thumb Code    18  stm32f10x_usart.o(.text)
    USART_LINCmd                             0x08008635   Thumb Code    24  stm32f10x_usart.o(.text)
    USART_SendData                           0x0800864d   Thumb Code     8  stm32f10x_usart.o(.text)
    USART_ReceiveData                        0x08008655   Thumb Code    10  stm32f10x_usart.o(.text)
    USART_SendBreak                          0x0800865f   Thumb Code    10  stm32f10x_usart.o(.text)
    USART_SetGuardTime                       0x08008669   Thumb Code    16  stm32f10x_usart.o(.text)
    USART_SetPrescaler                       0x08008679   Thumb Code    16  stm32f10x_usart.o(.text)
    USART_SmartCardCmd                       0x08008689   Thumb Code    24  stm32f10x_usart.o(.text)
    USART_SmartCardNACKCmd                   0x080086a1   Thumb Code    24  stm32f10x_usart.o(.text)
    USART_HalfDuplexCmd                      0x080086b9   Thumb Code    24  stm32f10x_usart.o(.text)
    USART_OverSampling8Cmd                   0x080086d1   Thumb Code    22  stm32f10x_usart.o(.text)
    USART_OneBitMethodCmd                    0x080086e7   Thumb Code    24  stm32f10x_usart.o(.text)
    USART_IrDAConfig                         0x080086ff   Thumb Code    18  stm32f10x_usart.o(.text)
    USART_IrDACmd                            0x08008711   Thumb Code    24  stm32f10x_usart.o(.text)
    USART_GetFlagStatus                      0x08008729   Thumb Code    26  stm32f10x_usart.o(.text)
    USART_ClearFlag                          0x08008743   Thumb Code    18  stm32f10x_usart.o(.text)
    USART_GetITStatus                        0x08008755   Thumb Code    84  stm32f10x_usart.o(.text)
    USART_ClearITPendingBit                  0x080087a9   Thumb Code    52  stm32f10x_usart.o(.text)
    SystemInit                               0x080088bb   Thumb Code    78  system_stm32f10x.o(.text)
    SystemCoreClockUpdate                    0x08008909   Thumb Code   142  system_stm32f10x.o(.text)
    Reset_Handler                            0x080089bd   Thumb Code     8  startup_stm32f10x_md.o(.text)
    HardFault_Handler                        0x080089c7   Thumb Code     2  startup_stm32f10x_md.o(.text)
    PendSV_Handler                           0x080089d3   Thumb Code     2  startup_stm32f10x_md.o(.text)
    ADC1_2_IRQHandler                        0x080089d7   Thumb Code     0  startup_stm32f10x_md.o(.text)
    CAN1_RX1_IRQHandler                      0x080089d7   Thumb Code     0  startup_stm32f10x_md.o(.text)
    CAN1_SCE_IRQHandler                      0x080089d7   Thumb Code     0  startup_stm32f10x_md.o(.text)
    DMA1_Channel1_IRQHandler                 0x080089d7   Thumb Code     0  startup_stm32f10x_md.o(.text)
    DMA1_Channel2_IRQHandler                 0x080089d7   Thumb Code     0  startup_stm32f10x_md.o(.text)
    DMA1_Channel3_IRQHandler                 0x080089d7   Thumb Code     0  startup_stm32f10x_md.o(.text)
    DMA1_Channel4_IRQHandler                 0x080089d7   Thumb Code     0  startup_stm32f10x_md.o(.text)
    DMA1_Channel5_IRQHandler                 0x080089d7   Thumb Code     0  startup_stm32f10x_md.o(.text)
    DMA1_Channel6_IRQHandler                 0x080089d7   Thumb Code     0  startup_stm32f10x_md.o(.text)
    DMA1_Channel7_IRQHandler                 0x080089d7   Thumb Code     0  startup_stm32f10x_md.o(.text)
    EXTI0_IRQHandler                         0x080089d7   Thumb Code     0  startup_stm32f10x_md.o(.text)
    EXTI15_10_IRQHandler                     0x080089d7   Thumb Code     0  startup_stm32f10x_md.o(.text)
    EXTI1_IRQHandler                         0x080089d7   Thumb Code     0  startup_stm32f10x_md.o(.text)
    EXTI2_IRQHandler                         0x080089d7   Thumb Code     0  startup_stm32f10x_md.o(.text)
    EXTI3_IRQHandler                         0x080089d7   Thumb Code     0  startup_stm32f10x_md.o(.text)
    EXTI4_IRQHandler                         0x080089d7   Thumb Code     0  startup_stm32f10x_md.o(.text)
    EXTI9_5_IRQHandler                       0x080089d7   Thumb Code     0  startup_stm32f10x_md.o(.text)
    FLASH_IRQHandler                         0x080089d7   Thumb Code     0  startup_stm32f10x_md.o(.text)
    I2C1_ER_IRQHandler                       0x080089d7   Thumb Code     0  startup_stm32f10x_md.o(.text)
    I2C1_EV_IRQHandler                       0x080089d7   Thumb Code     0  startup_stm32f10x_md.o(.text)
    I2C2_ER_IRQHandler                       0x080089d7   Thumb Code     0  startup_stm32f10x_md.o(.text)
    I2C2_EV_IRQHandler                       0x080089d7   Thumb Code     0  startup_stm32f10x_md.o(.text)
    PVD_IRQHandler                           0x080089d7   Thumb Code     0  startup_stm32f10x_md.o(.text)
    RCC_IRQHandler                           0x080089d7   Thumb Code     0  startup_stm32f10x_md.o(.text)
    RTCAlarm_IRQHandler                      0x080089d7   Thumb Code     0  startup_stm32f10x_md.o(.text)
    RTC_IRQHandler                           0x080089d7   Thumb Code     0  startup_stm32f10x_md.o(.text)
    SPI1_IRQHandler                          0x080089d7   Thumb Code     0  startup_stm32f10x_md.o(.text)
    SPI2_IRQHandler                          0x080089d7   Thumb Code     0  startup_stm32f10x_md.o(.text)
    TAMPER_IRQHandler                        0x080089d7   Thumb Code     0  startup_stm32f10x_md.o(.text)
    TIM1_BRK_IRQHandler                      0x080089d7   Thumb Code     0  startup_stm32f10x_md.o(.text)
    TIM1_CC_IRQHandler                       0x080089d7   Thumb Code     0  startup_stm32f10x_md.o(.text)
    TIM1_TRG_COM_IRQHandler                  0x080089d7   Thumb Code     0  startup_stm32f10x_md.o(.text)
    TIM1_UP_IRQHandler                       0x080089d7   Thumb Code     0  startup_stm32f10x_md.o(.text)
    TIM2_IRQHandler                          0x080089d7   Thumb Code     0  startup_stm32f10x_md.o(.text)
    TIM3_IRQHandler                          0x080089d7   Thumb Code     0  startup_stm32f10x_md.o(.text)
    TIM4_IRQHandler                          0x080089d7   Thumb Code     0  startup_stm32f10x_md.o(.text)
    USART2_IRQHandler                        0x080089d7   Thumb Code     0  startup_stm32f10x_md.o(.text)
    USBWakeUp_IRQHandler                     0x080089d7   Thumb Code     0  startup_stm32f10x_md.o(.text)
    USB_HP_CAN1_TX_IRQHandler                0x080089d7   Thumb Code     0  startup_stm32f10x_md.o(.text)
    USB_LP_CAN1_RX0_IRQHandler               0x080089d7   Thumb Code     0  startup_stm32f10x_md.o(.text)
    WWDG_IRQHandler                          0x080089d7   Thumb Code     0  startup_stm32f10x_md.o(.text)
    __user_initial_stackheap                 0x080089d9   Thumb Code     0  startup_stm32f10x_md.o(.text)
    __use_two_region_memory                  0x080089fd   Thumb Code     2  heapauxi.o(.text)
    __rt_heap_escrow                         0x080089ff   Thumb Code     2  heapauxi.o(.text)
    __rt_heap_expand                         0x08008a01   Thumb Code     2  heapauxi.o(.text)
    __cpp_initialize__aeabi_                 0x08008a05   Thumb Code    26  init_aeabi.o(.text)
    __read_errno                             0x08008a29   Thumb Code    10  _rserrno.o(.text)
    __set_errno                              0x08008a33   Thumb Code    12  _rserrno.o(.text)
    __aeabi_errno_addr                       0x08008a41   Thumb Code     8  rt_errno_addr_intlibspace.o(.text)
    __errno$intlibspace                      0x08008a41   Thumb Code     0  rt_errno_addr_intlibspace.o(.text)
    __rt_errno_addr$intlibspace              0x08008a41   Thumb Code     0  rt_errno_addr_intlibspace.o(.text)
    __user_libspace                          0x08008a49   Thumb Code     8  libspace.o(.text)
    __user_perproc_libspace                  0x08008a49   Thumb Code     0  libspace.o(.text)
    __user_perthread_libspace                0x08008a49   Thumb Code     0  libspace.o(.text)
    __user_setup_stackheap                   0x08008a51   Thumb Code    74  sys_stackheap_outer.o(.text)
    exit                                     0x08008a9b   Thumb Code    12  exit.o(.text)
    _sys_exit                                0x08008aa9   Thumb Code     8  sys_exit.o(.text)
    __I$use$semihosting                      0x08008ab5   Thumb Code     0  use_no_semi.o(.text)
    __use_no_semihosting_swi                 0x08008ab5   Thumb Code     2  use_no_semi.o(.text)
    FTC_Filter::LPF2ndData_t::LPF2ndData_t() 0x08008ab7   Thumb Code    30  ftc_imu.o(i._ZN10FTC_Filter12LPF2ndData_tC1Ev)
    FTC_Filter::LPF2ndData_t::LPF2ndData_t__sub_object() 0x08008ab7   Thumb Code     0  ftc_imu.o(i._ZN10FTC_Filter12LPF2ndData_tC1Ev)
    __semihosting_library_function           0x08008ab7   Thumb Code     0  indicate_semi.o(.text)
    FTC_Filter::LPF4thData_t::LPF4thData_t() 0x08008ad5   Thumb Code    90  ftc_imu.o(i._ZN10FTC_Filter12LPF4thData_tC1Ev)
    FTC_Filter::LPF4thData_t::LPF4thData_t__sub_object() 0x08008ad5   Thumb Code     0  ftc_imu.o(i._ZN10FTC_Filter12LPF4thData_tC1Ev)
    FTC_PID::set_pid(float, float, float, float) 0x08008b2f   Thumb Code    14  ftc_flycontrol.o(i._ZN7FTC_PID7set_pidEffff)
    FTC_PID::FTC_PID()                       0x08008b3d   Thumb Code    12  ftc_flycontrol.o(i._ZN7FTC_PIDC1Ev)
    FTC_PID::FTC_PID__sub_object()           0x08008b3d   Thumb Code     0  ftc_flycontrol.o(i._ZN7FTC_PIDC1Ev)
    __ARM_fpclassifyf                        0x08008b49   Thumb Code    38  fpclassifyf.o(i.__ARM_fpclassifyf)
    __ARM_isnanf                             0x08008b6f   Thumb Code    14  ftc_math.o(i.__ARM_isnanf)
    __aeabi_vec_ctor_nocookie_nodtor         0x08008b7d   Thumb Code    36  aeabi_vec_ctor_nocookie_nodtor.o(i.__aeabi_vec_ctor_nocookie_nodtor)
    __cxa_guard_acquire                      0x08008ba1   Thumb Code    16  cxa_guard_acquire.o(i.__cxa_guard_acquire)
    __mathlib_flt_underflow                  0x08008bb1   Thumb Code    10  funder.o(i.__mathlib_flt_underflow)
    __mathlib_rredf2                         0x08008bbd   Thumb Code   326  rredf.o(i.__mathlib_rredf2)
    asinf                                    0x08008d15   Thumb Code   260  asinf.o(i.asinf)
    atan2f                                   0x08008e3d   Thumb Code   528  atan2f.o(i.atan2f)
    cosf                                     0x08009099   Thumb Code   334  cosf.o(i.cosf)
    __mathlib_powf                           0x0800921d   Thumb Code     0  powf.o(i.powf)
    powf                                     0x0800921d   Thumb Code  1538  powf.o(i.powf)
    sinf                                     0x08009839   Thumb Code   344  sinf.o(i.sinf)
    sqrtf                                    0x080099c5   Thumb Code    44  sqrtf.o(i.sqrtf)
    Matrix3<float>::from_euler(const Vector3<float>&) 0x080099f1   Thumb Code   264  ftc_matrix3.o(t._ZN7Matrix3IfE10from_eulerERK7Vector3IfE)
    Matrix3<float>::Matrix3()                0x08009af9   Thumb Code    40  ftc_imu.o(t._ZN7Matrix3IfEC1Ev)
    Matrix3<float>::Matrix3__sub_object()    0x08009af9   Thumb Code     0  ftc_imu.o(t._ZN7Matrix3IfEC1Ev)
    Vector3<double>::Vector3()               0x08009b21   Thumb Code    16  ftc_imu.o(t._ZN7Vector3IdEC1Ev)
    Vector3<double>::Vector3__sub_object()   0x08009b21   Thumb Code     0  ftc_imu.o(t._ZN7Vector3IdEC1Ev)
    Vector3<float>::get_rollpitch(Vector3<float>&) 0x08009b31   Thumb Code    84  ftc_vector3.o(t._ZN7Vector3IfE13get_rollpitchERS0_)
    Vector3<float>::get_yaw(Vector3<float>&) 0x08009b85   Thumb Code    24  ftc_vector3.o(t._ZN7Vector3IfE7get_yawERS0_)
    Vector3<float>::Vector3(float, float, float) 0x08009b9d   Thumb Code     8  ftc_imu.o(t._ZN7Vector3IfEC1Efff)
    Vector3<float>::Vector3__sub_object(float, float, float) 0x08009b9d   Thumb Code     0  ftc_imu.o(t._ZN7Vector3IfEC1Efff)
    Vector3<float>::Vector3()                0x08009ba5   Thumb Code    10  ftc_imu.o(t._ZN7Vector3IfEC1Ev)
    Vector3<float>::Vector3__sub_object()    0x08009ba5   Thumb Code     0  ftc_imu.o(t._ZN7Vector3IfEC1Ev)
    Vector3<float>::operator ()(float, float, float) 0x08009baf   Thumb Code     8  ftc_navgation.o(t._ZN7Vector3IfEclEfff)
    Vector3<float>::operator /=(float)       0x08009bb7   Thumb Code    40  ftc_vector3.o(t._ZN7Vector3IfEdVEf)
    Vector3<float>::operator +=(const Vector3<float>&) 0x08009bdf   Thumb Code    40  ftc_vector3.o(t._ZN7Vector3IfEpLERKS0_)
    Vector3<short>::Vector3()                0x08009c07   Thumb Code    10  ftc_flycontrol.o(t._ZN7Vector3IsEC1Ev)
    Vector3<short>::Vector3__sub_object()    0x08009c07   Thumb Code     0  ftc_flycontrol.o(t._ZN7Vector3IsEC1Ev)
    Vector3<short>::operator ()(short, short, short) 0x08009c11   Thumb Code     8  ftc_drv_mpu6050.o(t._ZN7Vector3IsEclEsss)
    Matrix3<float>::operator *(const Vector3<float>&) const 0x08009c19   Thumb Code   164  ftc_matrix3.o(t._ZNK7Matrix3IfEmlERK7Vector3IfE)
    Vector3<float>::length() const           0x08009cbd   Thumb Code    14  ftc_vector3.o(t._ZNK7Vector3IfE6lengthEv)
    Vector3<float>::operator /(float) const  0x08009ccb   Thumb Code    56  ftc_vector3.o(t._ZNK7Vector3IfEdvEf)
    Vector3<float>::operator -(const Vector3<float>&) const 0x08009d03   Thumb Code    56  ftc_vector3.o(t._ZNK7Vector3IfEmiERKS0_)
    Vector3<float>::operator *(const Vector3<float>&) const 0x08009d3b   Thumb Code    56  ftc_vector3.o(t._ZNK7Vector3IfEmlERKS0_)
    Vector3<float>::operator *(float) const  0x08009d73   Thumb Code    56  ftc_vector3.o(t._ZNK7Vector3IfEmlEf)
    Vector3<float>::operator +(const Vector3<float>&) const 0x08009dab   Thumb Code    56  ftc_vector3.o(t._ZNK7Vector3IfEplERKS0_)
    Vector3<float>::operator %(const Vector3<float>&) const 0x08009de3   Thumb Code   118  ftc_vector3.o(t._ZNK7Vector3IfErmERKS0_)
    __aeabi_d2f                              0x08009e59   Thumb Code     0  d2f.o(x$fpl$d2f)
    _d2f                                     0x08009e59   Thumb Code    98  d2f.o(x$fpl$d2f)
    __aeabi_dadd                             0x08009ebd   Thumb Code     0  daddsub_clz.o(x$fpl$dadd)
    _dadd                                    0x08009ebd   Thumb Code   332  daddsub_clz.o(x$fpl$dadd)
    __fpl_dcmp_Inf                           0x0800a00d   Thumb Code    24  dcmpi.o(x$fpl$dcmpinf)
    __aeabi_d2iz                             0x0800a025   Thumb Code     0  dfix.o(x$fpl$dfix)
    _dfix                                    0x0800a025   Thumb Code    94  dfix.o(x$fpl$dfix)
    __aeabi_i2d                              0x0800a083   Thumb Code     0  dflt_clz.o(x$fpl$dflt)
    _dflt                                    0x0800a083   Thumb Code    46  dflt_clz.o(x$fpl$dflt)
    __aeabi_ui2d                             0x0800a0b1   Thumb Code     0  dflt_clz.o(x$fpl$dfltu)
    _dfltu                                   0x0800a0b1   Thumb Code    38  dflt_clz.o(x$fpl$dfltu)
    __aeabi_cdcmple                          0x0800a0d9   Thumb Code     0  dleqf.o(x$fpl$dleqf)
    _dcmple                                  0x0800a0d9   Thumb Code   120  dleqf.o(x$fpl$dleqf)
    __fpl_dcmple_InfNaN                      0x0800a13b   Thumb Code     0  dleqf.o(x$fpl$dleqf)
    __aeabi_dmul                             0x0800a151   Thumb Code     0  dmul.o(x$fpl$dmul)
    _dmul                                    0x0800a151   Thumb Code   332  dmul.o(x$fpl$dmul)
    __fpl_dnaninf                            0x0800a2a5   Thumb Code   156  dnaninf.o(x$fpl$dnaninf)
    __fpl_dretinf                            0x0800a341   Thumb Code    12  dretinf.o(x$fpl$dretinf)
    __aeabi_dsub                             0x0800a34d   Thumb Code     0  daddsub_clz.o(x$fpl$dsub)
    _dsub                                    0x0800a34d   Thumb Code   464  daddsub_clz.o(x$fpl$dsub)
    __aeabi_f2d                              0x0800a521   Thumb Code     0  f2d.o(x$fpl$f2d)
    _f2d                                     0x0800a521   Thumb Code    86  f2d.o(x$fpl$f2d)
    __aeabi_fadd                             0x0800a579   Thumb Code     0  faddsub_clz.o(x$fpl$fadd)
    _fadd                                    0x0800a579   Thumb Code   196  faddsub_clz.o(x$fpl$fadd)
    __fpl_fcheck_NaN1                        0x0800a63d   Thumb Code     6  fcheck1.o(x$fpl$fcheck1)
    __fpl_fcmp_Inf                           0x0800a649   Thumb Code    24  fcmpi.o(x$fpl$fcmpinf)
    __aeabi_fdiv                             0x0800a661   Thumb Code     0  fdiv.o(x$fpl$fdiv)
    _fdiv                                    0x0800a661   Thumb Code   384  fdiv.o(x$fpl$fdiv)
    __aeabi_cfcmpeq                          0x0800a7e5   Thumb Code     0  feqf.o(x$fpl$feqf)
    _fcmpeq                                  0x0800a7e5   Thumb Code   104  feqf.o(x$fpl$feqf)
    __aeabi_f2iz                             0x0800a84d   Thumb Code     0  ffix.o(x$fpl$ffix)
    _ffix                                    0x0800a84d   Thumb Code    54  ffix.o(x$fpl$ffix)
    _ffix_r                                  0x0800a885   Thumb Code    82  ffix.o(x$fpl$ffixr)
    __aeabi_f2uiz                            0x0800a8d9   Thumb Code     0  ffixu.o(x$fpl$ffixu)
    _ffixu                                   0x0800a8d9   Thumb Code    62  ffixu.o(x$fpl$ffixu)
    __aeabi_i2f                              0x0800a919   Thumb Code     0  fflt_clz.o(x$fpl$fflt)
    _fflt                                    0x0800a919   Thumb Code    48  fflt_clz.o(x$fpl$fflt)
    __aeabi_ui2f                             0x0800a949   Thumb Code     0  fflt_clz.o(x$fpl$ffltu)
    _ffltu                                   0x0800a949   Thumb Code    38  fflt_clz.o(x$fpl$ffltu)
    __aeabi_cfcmple                          0x0800a971   Thumb Code     0  fleqf.o(x$fpl$fleqf)
    _fcmple                                  0x0800a971   Thumb Code   104  fleqf.o(x$fpl$fleqf)
    __fpl_fcmple_InfNaN                      0x0800a9c3   Thumb Code     0  fleqf.o(x$fpl$fleqf)
    __aeabi_fmul                             0x0800a9d9   Thumb Code     0  fmul.o(x$fpl$fmul)
    _fmul                                    0x0800a9d9   Thumb Code   258  fmul.o(x$fpl$fmul)
    __fpl_fnaninf                            0x0800aadb   Thumb Code   140  fnaninf.o(x$fpl$fnaninf)
    __fpl_fretinf                            0x0800ab67   Thumb Code    10  fretinf.o(x$fpl$fretinf)
    __aeabi_cfrcmple                         0x0800ab71   Thumb Code     0  frleqf.o(x$fpl$frleqf)
    _frcmple                                 0x0800ab71   Thumb Code    98  frleqf.o(x$fpl$frleqf)
    _frnd                                    0x0800abd5   Thumb Code    96  frnd.o(x$fpl$frnd)
    __aeabi_frsub                            0x0800ac35   Thumb Code     0  faddsub_clz.o(x$fpl$frsb)
    _frsb                                    0x0800ac35   Thumb Code    20  faddsub_clz.o(x$fpl$frsb)
    _fsqrt                                   0x0800ac49   Thumb Code   272  fsqrt.o(x$fpl$fsqrt)
    __aeabi_fsub                             0x0800ad59   Thumb Code     0  faddsub_clz.o(x$fpl$fsub)
    _fsub                                    0x0800ad59   Thumb Code   234  faddsub_clz.o(x$fpl$fsub)
    __fpl_return_NaN                         0x0800ae43   Thumb Code   100  retnan.o(x$fpl$retnan)
    __ARM_scalbnf                            0x0800aea7   Thumb Code    76  scalbnf.o(x$fpl$scalbnf)
    __fpl_cmpreturn                          0x0800aef3   Thumb Code    48  trapv.o(x$fpl$trapveneer)
    __I$use$fp                               0x0800af22   Number         0  usenofp.o(x$fpl$usenofp)
    VirtAddVarTab                            0x0800af2a   Data          50  ftc_drv_eeprom.o(.constdata)
    Region$$Table$$Base                      0x0800b0bc   Number         0  anon$$obj.o(Region$$Table)
    Region$$Table$$Limit                     0x0800b0dc   Number         0  anon$$obj.o(Region$$Table)
    SHT$$INIT_ARRAY$$Base                    0x0800b0dc   Number         0  ftc_config.o(.init_array)
    SHT$$INIT_ARRAY$$Limit                   0x0800b0fc   Number         0  init_aeabi.o(.init_array)
    param                                    0x2000004a   Data           1  ftc_param.o(.data)
    FirstInitFlag                            0x2000004c   Data           2  ftc_param.o(.data)
    ADC_ConvertedValue                       0x20000058   Data           2  ftc_drv_adc.o(.data)
    ADC_Battery                              0x2000005c   Data           4  ftc_drv_adc.o(.data)
    V_Battery                                0x20000060   Data           4  ftc_drv_adc.o(.data)
    DataVar                                  0x20000064   Data           2  ftc_drv_eeprom.o(.data)
    CurWrAddress                             0x20000068   Data           4  ftc_drv_eeprom.o(.data)
    led                                      0x2000006c   Data           1  ftc_drv_led.o(.data)
    TX_ADDRESS                               0x20000089   Data           5  ftc_drv_nrf24l01.o(.data)
    RX_ADDRESS                               0x2000008e   Data           5  ftc_drv_nrf24l01.o(.data)
    pwm                                      0x20000093   Data           1  ftc_drv_pwm.o(.data)
    uart3                                    0x20000094   Data           1  ftc_drv_uart3.o(.data)
    TxCounter3                               0x20000095   Data           1  ftc_drv_uart3.o(.data)
    count3                                   0x20000096   Data           1  ftc_drv_uart3.o(.data)
    SystemCoreClock                          0x200000b0   Data           4  system_stm32f10x.o(.data)
    AHBPrescTable                            0x200000b4   Data          16  system_stm32f10x.o(.data)
    ftc                                      0x200000c4   Data          16  ftc_config.o(.bss)
    dt                                       0x200000d4   Data          65  ftc_dt.o(.bss)
    fc                                       0x20000118   Data         264  ftc_flycontrol.o(.bss)
    imu                                      0x20000220   Data         688  ftc_imu.o(.bss)
    motor                                    0x20000500   Data          12  ftc_motor.o(.bss)
    nav                                      0x2000050c   Data         212  ftc_navgation.o(.bss)
    rc                                       0x200005e0   Data          66  ftc_rc.o(.bss)
    scheduler                                0x20000622   Data          10  ftc_scheduler.o(.bss)
    mpu6050                                  0x2000062c   Data          64  ftc_drv_mpu6050.o(.bss)
    ms5611                                   0x20000684   Data          40  ftc_drv_ms5611.o(.bss)
    nrf                                      0x200006ac   Data         510  ftc_drv_nrf24l01.o(.bss)
    TxBuffer3                                0x200008aa   Data         256  ftc_drv_uart3.o(.bss)
    __libspace_start                         0x200009dc   Data          96  libspace.o(.bss)
    __temporary_stack_top$libspace           0x20000a3c   Data           0  libspace.o(.bss)



==============================================================================

Memory Map of the image

  Image Entry point : 0x080000ed

  Load Region LR_IROM1 (Base: 0x08000000, Size: 0x0000b1c0, Max: 0x00010000, ABSOLUTE)

    Execution Region ER_IROM1 (Base: 0x08000000, Size: 0x0000b0fc, Max: 0x00010000, ABSOLUTE)

    Base Addr    Size         Type   Attr      Idx    E Section Name        Object

    0x08000000   0x000000ec   Data   RO         1774    RESET               startup_stm32f10x_md.o
    0x080000ec   0x00000008   Code   RO         1785  * !!!main             c_w.l(__main.o)
    0x080000f4   0x00000034   Code   RO         2239    !!!scatter          c_w.l(__scatter.o)
    0x08000128   0x0000001a   Code   RO         2241    !!handler_copy      c_w.l(__scatter_copy.o)
    0x08000142   0x00000002   PAD
    0x08000144   0x0000001c   Code   RO         2243    !!handler_zi        c_w.l(__scatter_zi.o)
    0x08000160   0x00000002   Code   RO         2042    .ARM.Collect$$libinit$$00000000  c_w.l(libinit.o)
    0x08000162   0x00000000   Code   RO         1926    .ARM.Collect$$libinit$$00000002  c_w.l(libinit2.o)
    0x08000162   0x00000000   Code   RO         1929    .ARM.Collect$$libinit$$00000008  c_w.l(libinit2.o)
    0x08000162   0x00000000   Code   RO         1931    .ARM.Collect$$libinit$$0000000A  c_w.l(libinit2.o)
    0x08000162   0x00000000   Code   RO         1933    .ARM.Collect$$libinit$$0000000C  c_w.l(libinit2.o)
    0x08000162   0x00000000   Code   RO         1936    .ARM.Collect$$libinit$$0000000F  c_w.l(libinit2.o)
    0x08000162   0x00000000   Code   RO         1938    .ARM.Collect$$libinit$$00000011  c_w.l(libinit2.o)
    0x08000162   0x00000000   Code   RO         1940    .ARM.Collect$$libinit$$00000013  c_w.l(libinit2.o)
    0x08000162   0x00000000   Code   RO         1942    .ARM.Collect$$libinit$$00000015  c_w.l(libinit2.o)
    0x08000162   0x00000000   Code   RO         1944    .ARM.Collect$$libinit$$00000017  c_w.l(libinit2.o)
    0x08000162   0x00000000   Code   RO         1946    .ARM.Collect$$libinit$$00000019  c_w.l(libinit2.o)
    0x08000162   0x00000000   Code   RO         1948    .ARM.Collect$$libinit$$0000001B  c_w.l(libinit2.o)
    0x08000162   0x00000000   Code   RO         1950    .ARM.Collect$$libinit$$0000001D  c_w.l(libinit2.o)
    0x08000162   0x00000000   Code   RO         1952    .ARM.Collect$$libinit$$0000001F  c_w.l(libinit2.o)
    0x08000162   0x00000000   Code   RO         1954    .ARM.Collect$$libinit$$00000021  c_w.l(libinit2.o)
    0x08000162   0x00000000   Code   RO         1956    .ARM.Collect$$libinit$$00000023  c_w.l(libinit2.o)
    0x08000162   0x00000000   Code   RO         1960    .ARM.Collect$$libinit$$0000002A  c_w.l(libinit2.o)
    0x08000162   0x00000000   Code   RO         1962    .ARM.Collect$$libinit$$0000002C  c_w.l(libinit2.o)
    0x08000162   0x00000000   Code   RO         1964    .ARM.Collect$$libinit$$0000002E  c_w.l(libinit2.o)
    0x08000162   0x00000004   Code   RO         1965    .ARM.Collect$$libinit$$0000002F  c_w.l(libinit2.o)
    0x08000166   0x00000000   Code   RO         1966    .ARM.Collect$$libinit$$00000030  c_w.l(libinit2.o)
    0x08000166   0x00000002   Code   RO         1967    .ARM.Collect$$libinit$$00000031  c_w.l(libinit2.o)
    0x08000168   0x00000002   Code   RO         2197    .ARM.Collect$$libshutdown$$00000000  c_w.l(libshutdown.o)
    0x0800016a   0x00000000   Code   RO         2206    .ARM.Collect$$libshutdown$$00000003  c_w.l(libshutdown2.o)
    0x0800016a   0x00000000   Code   RO         2209    .ARM.Collect$$libshutdown$$00000006  c_w.l(libshutdown2.o)
    0x0800016a   0x00000000   Code   RO         2212    .ARM.Collect$$libshutdown$$00000009  c_w.l(libshutdown2.o)
    0x0800016a   0x00000000   Code   RO         2214    .ARM.Collect$$libshutdown$$0000000B  c_w.l(libshutdown2.o)
    0x0800016a   0x00000000   Code   RO         2217    .ARM.Collect$$libshutdown$$0000000E  c_w.l(libshutdown2.o)
    0x0800016a   0x00000002   Code   RO         2218    .ARM.Collect$$libshutdown$$0000000F  c_w.l(libshutdown2.o)
    0x0800016c   0x00000000   Code   RO         1922    .ARM.Collect$$rtentry$$00000000  c_w.l(rtentry.o)
    0x0800016c   0x00000000   Code   RO         1999    .ARM.Collect$$rtentry$$00000002  c_w.l(rtentry2.o)
    0x0800016c   0x00000006   Code   RO         2011    .ARM.Collect$$rtentry$$00000004  c_w.l(rtentry4.o)
    0x08000172   0x00000000   Code   RO         2001    .ARM.Collect$$rtentry$$00000009  c_w.l(rtentry2.o)
    0x08000172   0x00000004   Code   RO         2002    .ARM.Collect$$rtentry$$0000000A  c_w.l(rtentry2.o)
    0x08000176   0x00000000   Code   RO         2004    .ARM.Collect$$rtentry$$0000000C  c_w.l(rtentry2.o)
    0x08000176   0x00000008   Code   RO         2005    .ARM.Collect$$rtentry$$0000000D  c_w.l(rtentry2.o)
    0x0800017e   0x00000002   Code   RO         2053    .ARM.Collect$$rtexit$$00000000  c_w.l(rtexit.o)
    0x08000180   0x00000000   Code   RO         2137    .ARM.Collect$$rtexit$$00000002  c_w.l(rtexit2.o)
    0x08000180   0x00000004   Code   RO         2138    .ARM.Collect$$rtexit$$00000003  c_w.l(rtexit2.o)
    0x08000184   0x00000006   Code   RO         2139    .ARM.Collect$$rtexit$$00000004  c_w.l(rtexit2.o)
    0x0800018a   0x00000002   PAD
    0x0800018c   0x0000002c   Code   RO            3    .text               ftccopter.o
    0x080001b8   0x00000100   Code   RO          199    .text               ftc_config.o
    0x080002b8   0x00001340   Code   RO          230    .text               ftc_dt.o
    0x080015f8   0x00000334   Code   RO          255    .text               ftc_filter.o
    0x0800192c   0x000003dc   Code   RO          307    .text               ftc_flycontrol.o
    0x08001d08   0x000004bc   Code   RO          359    .text               ftc_imu.o
    0x080021c4   0x0000029c   Code   RO          459    .text               ftc_motor.o
    0x08002460   0x000008b8   Code   RO          485    .text               ftc_navgation.o
    0x08002d18   0x000005ac   Code   RO          526    .text               ftc_param.o
    0x080032c4   0x0000016c   Code   RO          550    .text               ftc_pid.o
    0x08003430   0x000003e0   Code   RO          588    .text               ftc_rc.o
    0x08003810   0x00000100   Code   RO          617    .text               ftc_scheduler.o
    0x08003910   0x000001d0   Code   RO          681    .text               ftc_math.o
    0x08003ae0   0x00000690   Code   RO          814    .text               ftc_quaternion.o
    0x08004170   0x0000016c   Code   RO         1106    .text               board.o
    0x080042dc   0x000001dc   Code   RO         1178    .text               ftc_drv_adc.o
    0x080044b8   0x000004d8   Code   RO         1205    .text               ftc_drv_eeprom.o
    0x08004990   0x000003c8   Code   RO         1233    .text               ftc_drv_i2c_soft.o
    0x08004d58   0x0000006c   Code   RO         1253    .text               ftc_drv_led.o
    0x08004dc4   0x00000504   Code   RO         1279    .text               ftc_drv_mpu6050.o
    0x080052c8   0x0000030c   Code   RO         1338    .text               ftc_drv_ms5611.o
    0x080055d4   0x000002f8   Code   RO         1375    .text               ftc_drv_nrf24l01.o
    0x080058cc   0x000001f0   Code   RO         1402    .text               ftc_drv_pwm.o
    0x08005abc   0x00000144   Code   RO         1428    .text               ftc_drv_spi2.o
    0x08005c00   0x00000244   Code   RO         1448    .text               ftc_drv_uart3.o
    0x08005e44   0x0000002c   Code   RO         1475    .text               stm32f10x_it.o
    0x08005e70   0x000000dc   Code   RO         1499    .text               misc.o
    0x08005f4c   0x0000044e   Code   RO         1564    .text               stm32f10x_adc.o
    0x0800639a   0x00000002   PAD
    0x0800639c   0x00000254   Code   RO         1585    .text               stm32f10x_dma.o
    0x080065f0   0x000005bc   Code   RO         1606    .text               stm32f10x_flash.o
    0x08006bac   0x0000035c   Code   RO         1627    .text               stm32f10x_gpio.o
    0x08006f08   0x000003a4   Code   RO         1648    .text               stm32f10x_rcc.o
    0x080072ac   0x0000030c   Code   RO         1671    .text               stm32f10x_spi.o
    0x080075b8   0x00000e1a   Code   RO         1692    .text               stm32f10x_tim.o
    0x080083d2   0x00000002   PAD
    0x080083d4   0x00000408   Code   RO         1713    .text               stm32f10x_usart.o
    0x080087dc   0x000001e0   Code   RO         1734    .text               system_stm32f10x.o
    0x080089bc   0x00000040   Code   RO         1775    .text               startup_stm32f10x_md.o
    0x080089fc   0x00000006   Code   RO         1783    .text               c_w.l(heapauxi.o)
    0x08008a02   0x00000002   PAD
    0x08008a04   0x00000024   Code   RO         1790    .text               c_w.l(init_aeabi.o)
    0x08008a28   0x00000016   Code   RO         1923    .text               c_w.l(_rserrno.o)
    0x08008a3e   0x00000002   PAD
    0x08008a40   0x00000008   Code   RO         2016    .text               c_w.l(rt_errno_addr_intlibspace.o)
    0x08008a48   0x00000008   Code   RO         2026    .text               c_w.l(libspace.o)
    0x08008a50   0x0000004a   Code   RO         2029    .text               c_w.l(sys_stackheap_outer.o)
    0x08008a9a   0x0000000c   Code   RO         2031    .text               c_w.l(exit.o)
    0x08008aa6   0x00000002   PAD
    0x08008aa8   0x0000000c   Code   RO         2129    .text               c_w.l(sys_exit.o)
    0x08008ab4   0x00000002   Code   RO         2131    .text               c_w.l(use_no_semi.o)
    0x08008ab6   0x00000000   Code   RO         2135    .text               c_w.l(indicate_semi.o)
    0x08008ab6   0x0000001e   Code   RO          400    i._ZN10FTC_Filter12LPF2ndData_tC1Ev  ftc_imu.o
    0x08008ad4   0x0000005a   Code   RO          379    i._ZN10FTC_Filter12LPF4thData_tC1Ev  ftc_imu.o
    0x08008b2e   0x0000000e   Code   RO          326    i._ZN7FTC_PID7set_pidEffff  ftc_flycontrol.o
    0x08008b3c   0x0000000c   Code   RO          338    i._ZN7FTC_PIDC1Ev   ftc_flycontrol.o
    0x08008b48   0x00000026   Code   RO         1991    i.__ARM_fpclassifyf  m_ws.l(fpclassifyf.o)
    0x08008b6e   0x0000000e   Code   RO          691    i.__ARM_isnanf      ftc_math.o
    0x08008b7c   0x00000024   Code   RO         1793    i.__aeabi_vec_ctor_nocookie_nodtor  cpprt_w.l(aeabi_vec_ctor_nocookie_nodtor.o)
    0x08008ba0   0x00000010   Code   RO         1796    i.__cxa_guard_acquire  cpprt_w.l(cxa_guard_acquire.o)
    0x08008bb0   0x0000000a   Code   RO         1993    i.__mathlib_flt_underflow  m_ws.l(funder.o)
    0x08008bba   0x00000002   PAD
    0x08008bbc   0x00000158   Code   RO         1995    i.__mathlib_rredf2  m_ws.l(rredf.o)
    0x08008d14   0x00000128   Code   RO         1873    i.asinf             m_ws.l(asinf.o)
    0x08008e3c   0x0000025c   Code   RO         1881    i.atan2f            m_ws.l(atan2f.o)
    0x08009098   0x00000184   Code   RO         1889    i.cosf              m_ws.l(cosf.o)
    0x0800921c   0x0000061c   Code   RO         1897    i.powf              m_ws.l(powf.o)
    0x08009838   0x0000018c   Code   RO         1907    i.sinf              m_ws.l(sinf.o)
    0x080099c4   0x0000002c   Code   RO         1915    i.sqrtf             m_ws.l(sqrtf.o)
    0x080099f0   0x00000108   Code   RO          770    t._ZN7Matrix3IfE10from_eulerERK7Vector3IfE  ftc_matrix3.o
    0x08009af8   0x00000028   Code   RO          382    t._ZN7Matrix3IfEC1Ev  ftc_imu.o
    0x08009b20   0x00000010   Code   RO          403    t._ZN7Vector3IdEC1Ev  ftc_imu.o
    0x08009b30   0x00000054   Code   RO          868    t._ZN7Vector3IfE13get_rollpitchERS0_  ftc_vector3.o
    0x08009b84   0x00000018   Code   RO          874    t._ZN7Vector3IfE7get_yawERS0_  ftc_vector3.o
    0x08009b9c   0x00000008   Code   RO          394    t._ZN7Vector3IfEC1Efff  ftc_imu.o
    0x08009ba4   0x0000000a   Code   RO          388    t._ZN7Vector3IfEC1Ev  ftc_imu.o
    0x08009bae   0x00000008   Code   RO          505    t._ZN7Vector3IfEclEfff  ftc_navgation.o
    0x08009bb6   0x00000028   Code   RO          910    t._ZN7Vector3IfEdVEf  ftc_vector3.o
    0x08009bde   0x00000028   Code   RO          928    t._ZN7Vector3IfEpLERKS0_  ftc_vector3.o
    0x08009c06   0x0000000a   Code   RO          332    t._ZN7Vector3IsEC1Ev  ftc_flycontrol.o
    0x08009c10   0x00000008   Code   RO         1299    t._ZN7Vector3IsEclEsss  ftc_drv_mpu6050.o
    0x08009c18   0x000000a4   Code   RO          740    t._ZNK7Matrix3IfEmlERK7Vector3IfE  ftc_matrix3.o
    0x08009cbc   0x0000000e   Code   RO          850    t._ZNK7Vector3IfE6lengthEv  ftc_vector3.o
    0x08009cca   0x00000038   Code   RO          904    t._ZNK7Vector3IfEdvEf  ftc_vector3.o
    0x08009d02   0x00000038   Code   RO          934    t._ZNK7Vector3IfEmiERKS0_  ftc_vector3.o
    0x08009d3a   0x00000038   Code   RO          856    t._ZNK7Vector3IfEmlERKS0_  ftc_vector3.o
    0x08009d72   0x00000038   Code   RO          892    t._ZNK7Vector3IfEmlEf  ftc_vector3.o
    0x08009daa   0x00000038   Code   RO          922    t._ZNK7Vector3IfEplERKS0_  ftc_vector3.o
    0x08009de2   0x00000076   Code   RO          886    t._ZNK7Vector3IfErmERKS0_  ftc_vector3.o
    0x08009e58   0x00000062   Code   RO         1802    x$fpl$d2f           fz_ws.l(d2f.o)
    0x08009eba   0x00000002   PAD
    0x08009ebc   0x00000150   Code   RO         1804    x$fpl$dadd          fz_ws.l(daddsub_clz.o)
    0x0800a00c   0x00000018   Code   RO         1970    x$fpl$dcmpinf       fz_ws.l(dcmpi.o)
    0x0800a024   0x0000005e   Code   RO         1816    x$fpl$dfix          fz_ws.l(dfix.o)
    0x0800a082   0x0000002e   Code   RO         1821    x$fpl$dflt          fz_ws.l(dflt_clz.o)
    0x0800a0b0   0x00000026   Code   RO         1820    x$fpl$dfltu         fz_ws.l(dflt_clz.o)
    0x0800a0d6   0x00000002   PAD
    0x0800a0d8   0x00000078   Code   RO         1826    x$fpl$dleqf         fz_ws.l(dleqf.o)
    0x0800a150   0x00000154   Code   RO         1828    x$fpl$dmul          fz_ws.l(dmul.o)
    0x0800a2a4   0x0000009c   Code   RO         1972    x$fpl$dnaninf       fz_ws.l(dnaninf.o)
    0x0800a340   0x0000000c   Code   RO         1974    x$fpl$dretinf       fz_ws.l(dretinf.o)
    0x0800a34c   0x000001d4   Code   RO         1806    x$fpl$dsub          fz_ws.l(daddsub_clz.o)
    0x0800a520   0x00000056   Code   RO         1830    x$fpl$f2d           fz_ws.l(f2d.o)
    0x0800a576   0x00000002   PAD
    0x0800a578   0x000000c4   Code   RO         1832    x$fpl$fadd          fz_ws.l(faddsub_clz.o)
    0x0800a63c   0x0000000c   Code   RO         2022    x$fpl$fcheck1       fz_ws.l(fcheck1.o)
    0x0800a648   0x00000018   Code   RO         1976    x$fpl$fcmpinf       fz_ws.l(fcmpi.o)
    0x0800a660   0x00000184   Code   RO         1839    x$fpl$fdiv          fz_ws.l(fdiv.o)
    0x0800a7e4   0x00000068   Code   RO         1842    x$fpl$feqf          fz_ws.l(feqf.o)
    0x0800a84c   0x00000036   Code   RO         1844    x$fpl$ffix          fz_ws.l(ffix.o)
    0x0800a882   0x00000002   PAD
    0x0800a884   0x00000052   Code   RO         1845    x$fpl$ffixr         fz_ws.l(ffix.o)
    0x0800a8d6   0x00000002   PAD
    0x0800a8d8   0x0000003e   Code   RO         1848    x$fpl$ffixu         fz_ws.l(ffixu.o)
    0x0800a916   0x00000002   PAD
    0x0800a918   0x00000030   Code   RO         1853    x$fpl$fflt          fz_ws.l(fflt_clz.o)
    0x0800a948   0x00000026   Code   RO         1852    x$fpl$ffltu         fz_ws.l(fflt_clz.o)
    0x0800a96e   0x00000002   PAD
    0x0800a970   0x00000068   Code   RO         1858    x$fpl$fleqf         fz_ws.l(fleqf.o)
    0x0800a9d8   0x00000102   Code   RO         1860    x$fpl$fmul          fz_ws.l(fmul.o)
    0x0800aada   0x0000008c   Code   RO         1978    x$fpl$fnaninf       fz_ws.l(fnaninf.o)
    0x0800ab66   0x0000000a   Code   RO         1980    x$fpl$fretinf       fz_ws.l(fretinf.o)
    0x0800ab70   0x00000062   Code   RO         1862    x$fpl$frleqf        fz_ws.l(frleqf.o)
    0x0800abd2   0x00000002   PAD
    0x0800abd4   0x00000060   Code   RO         1982    x$fpl$frnd          fz_ws.l(frnd.o)
    0x0800ac34   0x00000014   Code   RO         1833    x$fpl$frsb          fz_ws.l(faddsub_clz.o)
    0x0800ac48   0x00000110   Code   RO         1984    x$fpl$fsqrt         fz_ws.l(fsqrt.o)
    0x0800ad58   0x000000ea   Code   RO         1834    x$fpl$fsub          fz_ws.l(faddsub_clz.o)
    0x0800ae42   0x00000064   Code   RO         2049    x$fpl$retnan        fz_ws.l(retnan.o)
    0x0800aea6   0x0000004c   Code   RO         1988    x$fpl$scalbnf       fz_ws.l(scalbnf.o)
    0x0800aef2   0x00000030   Code   RO         2127    x$fpl$trapveneer    fz_ws.l(trapv.o)
    0x0800af22   0x00000000   Code   RO         1990    x$fpl$usenofp       fz_ws.l(usenofp.o)
    0x0800af22   0x00000008   Data   RO          591    .constdata          ftc_rc.o
    0x0800af2a   0x00000032   Data   RO         1207    .constdata          ftc_drv_eeprom.o
    0x0800af5c   0x00000140   Data   RO         1898    .constdata          m_ws.l(powf.o)
    0x0800b09c   0x00000020   Data   RO         1996    .constdata          m_ws.l(rredf.o)
    0x0800b0bc   0x00000020   Data   RO         2237    Region$$Table       anon$$obj.o
    0x0800b0dc   0x00000004   Data   RO          203    .init_array         ftc_config.o
    0x0800b0e0   0x00000004   Data   RO          310    .init_array         ftc_flycontrol.o
    0x0800b0e4   0x00000004   Data   RO          363    .init_array         ftc_imu.o
    0x0800b0e8   0x00000004   Data   RO          489    .init_array         ftc_navgation.o
    0x0800b0ec   0x00000004   Data   RO          593    .init_array         ftc_rc.o
    0x0800b0f0   0x00000004   Data   RO          620    .init_array         ftc_scheduler.o
    0x0800b0f4   0x00000004   Data   RO         1283    .init_array         ftc_drv_mpu6050.o
    0x0800b0f8   0x00000004   Data   RO         1342    .init_array         ftc_drv_ms5611.o
    0x0800b0fc   0x00000000   Data   RO         1788    .init_array         c_w.l(init_aeabi.o)


    Execution Region RW_IRAM1 (Base: 0x20000000, Size: 0x00001040, Max: 0x00005000, ABSOLUTE)

    Base Addr    Size         Type   Attr      Idx    E Section Name        Object

    0x20000000   0x00000002   Data   RW          202    .data               ftc_config.o
    0x20000002   0x00000009   Data   RW          233    .data               ftc_dt.o
    0x2000000b   0x00000001   PAD
    0x2000000c   0x00000010   Data   RW          257    .data               ftc_filter.o
    0x2000001c   0x00000014   Data   RW          362    .data               ftc_imu.o
    0x20000030   0x00000019   Data   RW          488    .data               ftc_navgation.o
    0x20000049   0x00000001   PAD
    0x2000004a   0x00000004   Data   RW          528    .data               ftc_param.o
    0x2000004e   0x00000002   Data   RW          592    .data               ftc_rc.o
    0x20000050   0x00000008   Data   RW         1108    .data               board.o
    0x20000058   0x0000000c   Data   RW         1180    .data               ftc_drv_adc.o
    0x20000064   0x00000008   Data   RW         1208    .data               ftc_drv_eeprom.o
    0x2000006c   0x00000001   Data   RW         1255    .data               ftc_drv_led.o
    0x2000006d   0x00000003   PAD
    0x20000070   0x0000000e   Data   RW         1282    .data               ftc_drv_mpu6050.o
    0x2000007e   0x00000002   PAD
    0x20000080   0x00000009   Data   RW         1341    .data               ftc_drv_ms5611.o
    0x20000089   0x0000000a   Data   RW         1378    .data               ftc_drv_nrf24l01.o
    0x20000093   0x00000001   Data   RW         1404    .data               ftc_drv_pwm.o
    0x20000094   0x00000005   Data   RW         1451    .data               ftc_drv_uart3.o
    0x20000099   0x00000014   Data   RW         1650    .data               stm32f10x_rcc.o
    0x200000ad   0x00000003   PAD
    0x200000b0   0x00000014   Data   RW         1736    .data               system_stm32f10x.o
    0x200000c4   0x00000010   Zero   RW          201    .bss                ftc_config.o
    0x200000d4   0x00000041   Zero   RW          232    .bss                ftc_dt.o
    0x20000115   0x00000003   PAD
    0x20000118   0x00000108   Zero   RW          309    .bss                ftc_flycontrol.o
    0x20000220   0x000002e0   Zero   RW          361    .bss                ftc_imu.o
    0x20000500   0x0000000c   Zero   RW          461    .bss                ftc_motor.o
    0x2000050c   0x000000d4   Zero   RW          487    .bss                ftc_navgation.o
    0x200005e0   0x00000042   Zero   RW          590    .bss                ftc_rc.o
    0x20000622   0x0000000a   Zero   RW          619    .bss                ftc_scheduler.o
    0x2000062c   0x00000058   Zero   RW         1281    .bss                ftc_drv_mpu6050.o
    0x20000684   0x00000028   Zero   RW         1340    .bss                ftc_drv_ms5611.o
    0x200006ac   0x000001fe   Zero   RW         1377    .bss                ftc_drv_nrf24l01.o
    0x200008aa   0x00000132   Zero   RW         1450    .bss                ftc_drv_uart3.o
    0x200009dc   0x00000060   Zero   RW         2027    .bss                c_w.l(libspace.o)
    0x20000a3c   0x00000004   PAD
    0x20000a40   0x00000200   Zero   RW         1773    HEAP                startup_stm32f10x_md.o
    0x20000c40   0x00000400   Zero   RW         1772    STACK               startup_stm32f10x_md.o


==============================================================================

Image component sizes


      Code (inc. data)   RO Data    RW Data    ZI Data      Debug   Object Name

       364         34          0          8          0      25653   board.o
       256         16          4          2         16       2198   ftc_config.o
       476         52          0         12          0       1794   ftc_drv_adc.o
      1240         40         50          8          0       5148   ftc_drv_eeprom.o
       968          4          0          0          0       3848   ftc_drv_i2c_soft.o
       108          4          0          1          0       1622   ftc_drv_led.o
      1292         42          4         14         88       8142   ftc_drv_mpu6050.o
       780         32          4          9         40       4175   ftc_drv_ms5611.o
       760         14          0         10        510       4964   ftc_drv_nrf24l01.o
       496         24          0          1          0       1962   ftc_drv_pwm.o
       324         12          0          0          0       1352   ftc_drv_spi2.o
       580         34          0          5        306       3048   ftc_drv_uart3.o
      4928        132          0          9         65       9157   ftc_dt.o
       820         26          0         16          0      10656   ftc_filter.o
      1024         80          4          0        264       6225   ftc_flycontrol.o
      1406         88          4         20        736      13790   ftc_imu.o
       478         22          0          0          0       6741   ftc_math.o
       428          0          0          0          0       4004   ftc_matrix3.o
       668         24          0          0         12       2356   ftc_motor.o
      2240        128          4         25        212       4142   ftc_navgation.o
      1452         50          0          4          0       3074   ftc_param.o
       364          6          0          0          0       3075   ftc_pid.o
      1680          6          0          0          0       4308   ftc_quaternion.o
       992         36         12          2         66       3521   ftc_rc.o
       256         30          4          0         10       2015   ftc_scheduler.o
       600          0          0          0          0       5776   ftc_vector3.o
        44         14          0          0          0     291487   ftccopter.o
       220         22          0          0          0     281845   misc.o
        64         26        236          0       1536        888   startup_stm32f10x_md.o
      1102         26          0          0          0      11029   stm32f10x_adc.o
       596          8          0          0          0       4474   stm32f10x_dma.o
      1468         34          0          0          0       8178   stm32f10x_flash.o
       860         38          0          0          0       5797   stm32f10x_gpio.o
        44          6          0          0          0       1325   stm32f10x_it.o
       932         36          0         20          0       8996   stm32f10x_rcc.o
       780         14          0          0          0       6690   stm32f10x_spi.o
      3610         88          0          0          0      22452   stm32f10x_tim.o
      1032         22          0          0          0       8548   stm32f10x_usart.o
       480         38          0         20          0       2059   system_stm32f10x.o

    ----------------------------------------------------------------------
     36216       1308        358        196       3864     796514   Object Totals
         0          0         32          0          0          0   (incl. Generated)
         4          0          0         10          3          0   (incl. Padding)

    ----------------------------------------------------------------------

      Code (inc. data)   RO Data    RW Data    ZI Data      Debug   Library Member Name

         8          0          0          0          0         68   __main.o
        52          8          0          0          0          0   __scatter.o
        26          0          0          0          0          0   __scatter_copy.o
        28          0          0          0          0          0   __scatter_zi.o
        22          0          0          0          0        100   _rserrno.o
        12          0          0          0          0         72   exit.o
         6          0          0          0          0        152   heapauxi.o
         0          0          0          0          0          0   indicate_semi.o
        36         10          0          0          0         80   init_aeabi.o
         2          0          0          0          0          0   libinit.o
         6          0          0          0          0          0   libinit2.o
         2          0          0          0          0          0   libshutdown.o
         2          0          0          0          0          0   libshutdown2.o
         8          4          0          0         96         68   libspace.o
         8          4          0          0          0         68   rt_errno_addr_intlibspace.o
         0          0          0          0          0          0   rtentry.o
        12          0          0          0          0          0   rtentry2.o
         6          0          0          0          0          0   rtentry4.o
         2          0          0          0          0          0   rtexit.o
        10          0          0          0          0          0   rtexit2.o
        12          4          0          0          0         68   sys_exit.o
        74          0          0          0          0         80   sys_stackheap_outer.o
         2          0          0          0          0         68   use_no_semi.o
        36          0          0          0          0         84   aeabi_vec_ctor_nocookie_nodtor.o
        16          0          0          0          0         68   cxa_guard_acquire.o
        98          4          0          0          0         92   d2f.o
       804         16          0          0          0        272   daddsub_clz.o
        24          0          0          0          0         68   dcmpi.o
        94          4          0          0          0         92   dfix.o
        84          0          0          0          0        136   dflt_clz.o
       120          4          0          0          0         92   dleqf.o
       340         12          0          0          0        104   dmul.o
       156          4          0          0          0         92   dnaninf.o
        12          0          0          0          0         68   dretinf.o
        86          4          0          0          0         84   f2d.o
       450          8          0          0          0        236   faddsub_clz.o
        12          4          0          0          0         68   fcheck1.o
        24          0          0          0          0         68   fcmpi.o
       388         76          0          0          0         96   fdiv.o
       104          4          0          0          0         84   feqf.o
       136          8          0          0          0        168   ffix.o
        62          4          0          0          0         84   ffixu.o
        86          0          0          0          0        136   fflt_clz.o
       104          4          0          0          0         84   fleqf.o
       258          4          0          0          0         84   fmul.o
       140          4          0          0          0         84   fnaninf.o
        10          0          0          0          0         68   fretinf.o
        98          0          0          0          0         68   frleqf.o
        96          4          0          0          0         76   frnd.o
       272        100          0          0          0         88   fsqrt.o
       100          0          0          0          0         68   retnan.o
        76          0          0          0          0         68   scalbnf.o
        48          0          0          0          0         68   trapv.o
         0          0          0          0          0          0   usenofp.o
       296         36          0          0          0        120   asinf.o
       604         76          0          0          0        116   atan2f.o
       388         54          0          0          0        124   cosf.o
        38          0          0          0          0         68   fpclassifyf.o
        10          0          0          0          0         68   funder.o
      1564         82        320          0          0        240   powf.o
       344         18         32          0          0         88   rredf.o
       396         52          0          0          0        124   sinf.o
        44          0          0          0          0         80   sqrtf.o

    ----------------------------------------------------------------------
      8382        616        352          0        100       4800   Library Totals
        28          0          0          0          4          0   (incl. Padding)

    ----------------------------------------------------------------------

      Code (inc. data)   RO Data    RW Data    ZI Data      Debug   Library Name

       336         30          0          0         96        824   c_w.l
        52          0          0          0          0        152   cpprt_w.l
      4282        268          0          0          0       2796   fz_ws.l
      3684        318        352          0          0       1028   m_ws.l

    ----------------------------------------------------------------------
      8382        616        352          0        100       4800   Library Totals

    ----------------------------------------------------------------------

==============================================================================


      Code (inc. data)   RO Data    RW Data    ZI Data      Debug   

     44598       1924        710        196       3964     794030   Grand Totals
     44598       1924        710        196       3964     794030   ELF Image Totals
     44598       1924        710        196          0          0   ROM Totals

==============================================================================

    Total RO  Size (Code + RO Data)                45308 (  44.25kB)
    Total RW  Size (RW Data + ZI Data)              4160 (   4.06kB)
    Total ROM Size (Code + RO Data + RW Data)      45504 (  44.44kB)

==============================================================================

