Archive member included because of file (symbol)

../interrupts_bsp/\libhal_bsp.a(alt_iic.o)
                              obj/default/hello_world.o (alt_ic_isr_register)
../interrupts_bsp/\libhal_bsp.a(alt_iic_isr_register.o)
                              ../interrupts_bsp/\libhal_bsp.a(alt_iic.o) (alt_iic_isr_register)
../interrupts_bsp/\libhal_bsp.a(alt_irq_entry.o)
                              ../interrupts_bsp/\libhal_bsp.a(alt_iic_isr_register.o) (alt_irq_entry)
../interrupts_bsp/\libhal_bsp.a(alt_irq_handler.o)
                              ../interrupts_bsp/\libhal_bsp.a(alt_iic_isr_register.o) (alt_irq_handler)
../interrupts_bsp/\libhal_bsp.a(alt_irq_vars.o)
                              ../interrupts_bsp/\libhal_bsp.a(alt_iic.o) (alt_irq_active)
../interrupts_bsp/\libhal_bsp.a(alt_main.o)
                              ../interrupts_bsp//obj/HAL/src/crt0.o (alt_main)
../interrupts_bsp/\libhal_bsp.a(alt_sys_init.o)
                              ../interrupts_bsp/\libhal_bsp.a(alt_main.o) (alt_irq_init)
../interrupts_bsp/\libhal_bsp.a(altera_avalon_epcs_flash_controller.o)
                              ../interrupts_bsp/\libhal_bsp.a(alt_sys_init.o) (alt_epcs_flash_init)
../interrupts_bsp/\libhal_bsp.a(altera_avalon_jtag_uart_fd.o)
                              ../interrupts_bsp/\libhal_bsp.a(alt_sys_init.o) (altera_avalon_jtag_uart_read_fd)
../interrupts_bsp/\libhal_bsp.a(altera_avalon_jtag_uart_init.o)
                              ../interrupts_bsp/\libhal_bsp.a(alt_sys_init.o) (altera_avalon_jtag_uart_init)
../interrupts_bsp/\libhal_bsp.a(altera_avalon_jtag_uart_ioctl.o)
                              ../interrupts_bsp/\libhal_bsp.a(altera_avalon_jtag_uart_fd.o) (altera_avalon_jtag_uart_ioctl)
../interrupts_bsp/\libhal_bsp.a(altera_avalon_jtag_uart_read.o)
                              ../interrupts_bsp/\libhal_bsp.a(altera_avalon_jtag_uart_fd.o) (altera_avalon_jtag_uart_read)
../interrupts_bsp/\libhal_bsp.a(altera_avalon_jtag_uart_write.o)
                              ../interrupts_bsp/\libhal_bsp.a(altera_avalon_jtag_uart_fd.o) (altera_avalon_jtag_uart_write)
../interrupts_bsp/\libhal_bsp.a(altera_avalon_timer_sc.o)
                              ../interrupts_bsp/\libhal_bsp.a(alt_sys_init.o) (alt_avalon_timer_sc_init)
../interrupts_bsp/\libhal_bsp.a(altera_avalon_uart_fd.o)
                              ../interrupts_bsp/\libhal_bsp.a(alt_sys_init.o) (altera_avalon_uart_read_fd)
../interrupts_bsp/\libhal_bsp.a(altera_avalon_uart_init.o)
                              ../interrupts_bsp/\libhal_bsp.a(alt_sys_init.o) (altera_avalon_uart_init)
../interrupts_bsp/\libhal_bsp.a(altera_avalon_uart_read.o)
                              ../interrupts_bsp/\libhal_bsp.a(altera_avalon_uart_fd.o) (altera_avalon_uart_read)
../interrupts_bsp/\libhal_bsp.a(altera_avalon_uart_write.o)
                              ../interrupts_bsp/\libhal_bsp.a(altera_avalon_uart_fd.o) (altera_avalon_uart_write)
../interrupts_bsp/\libhal_bsp.a(epcs_commands.o)
                              ../interrupts_bsp/\libhal_bsp.a(altera_avalon_epcs_flash_controller.o) (epcs_sector_erase)
../interrupts_bsp/\libhal_bsp.a(alt_alarm_start.o)
                              ../interrupts_bsp/\libhal_bsp.a(altera_avalon_jtag_uart_init.o) (alt_alarm_start)
../interrupts_bsp/\libhal_bsp.a(alt_close.o)
                              ../interrupts_bsp/\libhal_bsp.a(alt_main.o) (close)
../interrupts_bsp/\libhal_bsp.a(alt_dev.o)
                              ../interrupts_bsp/\libhal_bsp.a(alt_sys_init.o) (alt_dev_list)
../interrupts_bsp/\libhal_bsp.a(alt_dev_llist_insert.o)
                              ../interrupts_bsp/\libhal_bsp.a(alt_sys_init.o) (alt_dev_llist_insert)
../interrupts_bsp/\libhal_bsp.a(alt_do_ctors.o)
                              ../interrupts_bsp/\libhal_bsp.a(alt_main.o) (_do_ctors)
../interrupts_bsp/\libhal_bsp.a(alt_do_dtors.o)
                              ../interrupts_bsp/\libhal_bsp.a(alt_main.o) (_do_dtors)
../interrupts_bsp/\libhal_bsp.a(alt_errno.o)
                              ../interrupts_bsp/\libhal_bsp.a(altera_avalon_uart_read.o) (alt_errno)
../interrupts_bsp/\libhal_bsp.a(alt_exception_entry.o)
                              ../interrupts_bsp/\libhal_bsp.a(alt_irq_entry.o) (alt_exception)
../interrupts_bsp/\libhal_bsp.a(alt_flash_dev.o)
                              ../interrupts_bsp/\libhal_bsp.a(altera_avalon_epcs_flash_controller.o) (alt_flash_dev_list)
../interrupts_bsp/\libhal_bsp.a(alt_io_redirect.o)
                              ../interrupts_bsp/\libhal_bsp.a(alt_main.o) (alt_io_redirect)
../interrupts_bsp/\libhal_bsp.a(alt_open.o)
                              ../interrupts_bsp/\libhal_bsp.a(alt_io_redirect.o) (open)
../interrupts_bsp/\libhal_bsp.a(alt_release_fd.o)
                              ../interrupts_bsp/\libhal_bsp.a(alt_close.o) (alt_release_fd)
../interrupts_bsp/\libhal_bsp.a(alt_tick.o)
                              ../interrupts_bsp/\libhal_bsp.a(altera_avalon_jtag_uart_init.o) (_alt_tick_rate)
../interrupts_bsp/\libhal_bsp.a(altera_nios2_qsys_irq.o)
                              ../interrupts_bsp/\libhal_bsp.a(alt_sys_init.o) (altera_nios2_qsys_irq_init)
../interrupts_bsp/\libhal_bsp.a(altera_avalon_spi.o)
                              ../interrupts_bsp/\libhal_bsp.a(epcs_commands.o) (alt_avalon_spi_command)
../interrupts_bsp/\libhal_bsp.a(alt_find_dev.o)
                              ../interrupts_bsp/\libhal_bsp.a(alt_flash_dev.o) (alt_find_dev)
../interrupts_bsp/\libhal_bsp.a(alt_find_file.o)
                              ../interrupts_bsp/\libhal_bsp.a(alt_open.o) (alt_find_file)
../interrupts_bsp/\libhal_bsp.a(alt_get_fd.o)
                              ../interrupts_bsp/\libhal_bsp.a(alt_open.o) (alt_get_fd)
c:/altera/13.0sp1/nios2eds/bin/gnu/h-i686-mingw32/bin/../lib/gcc/nios2-elf/4.1.2/../../../../nios2-elf/lib/mno-hw-mul\libc.a(lib_a-atexit.o)
                              ../interrupts_bsp/\libhal_bsp.a(alt_main.o) (atexit)
c:/altera/13.0sp1/nios2eds/bin/gnu/h-i686-mingw32/bin/../lib/gcc/nios2-elf/4.1.2/../../../../nios2-elf/lib/mno-hw-mul\libc.a(lib_a-exit.o)
                              ../interrupts_bsp/\libhal_bsp.a(alt_main.o) (exit)
c:/altera/13.0sp1/nios2eds/bin/gnu/h-i686-mingw32/bin/../lib/gcc/nios2-elf/4.1.2/../../../../nios2-elf/lib/mno-hw-mul\libc.a(lib_a-impure.o)
                              c:/altera/13.0sp1/nios2eds/bin/gnu/h-i686-mingw32/bin/../lib/gcc/nios2-elf/4.1.2/../../../../nios2-elf/lib/mno-hw-mul\libc.a(lib_a-exit.o) (_global_impure_ptr)
c:/altera/13.0sp1/nios2eds/bin/gnu/h-i686-mingw32/bin/../lib/gcc/nios2-elf/4.1.2/../../../../nios2-elf/lib/mno-hw-mul\libc.a(lib_a-int_errno.o)
                              ../interrupts_bsp/\libhal_bsp.a(altera_avalon_uart_read.o) (errno)
c:/altera/13.0sp1/nios2eds/bin/gnu/h-i686-mingw32/bin/../lib/gcc/nios2-elf/4.1.2/../../../../nios2-elf/lib/mno-hw-mul\libc.a(lib_a-memcmp.o)
                              ../interrupts_bsp/\libhal_bsp.a(altera_avalon_epcs_flash_controller.o) (memcmp)
c:/altera/13.0sp1/nios2eds/bin/gnu/h-i686-mingw32/bin/../lib/gcc/nios2-elf/4.1.2/../../../../nios2-elf/lib/mno-hw-mul\libc.a(lib_a-memcpy.o)
                              ../interrupts_bsp/\libhal_bsp.a(altera_avalon_jtag_uart_read.o) (memcpy)
c:/altera/13.0sp1/nios2eds/bin/gnu/h-i686-mingw32/bin/../lib/gcc/nios2-elf/4.1.2/../../../../nios2-elf/lib/mno-hw-mul\libc.a(lib_a-strlen.o)
                              ../interrupts_bsp/\libhal_bsp.a(alt_find_dev.o) (strlen)
c:/altera/13.0sp1/nios2eds/bin/gnu/h-i686-mingw32/bin/../lib/gcc/nios2-elf/4.1.2/../../../../nios2-elf/lib/mno-hw-mul\libc.a(lib_a-__atexit.o)
                              c:/altera/13.0sp1/nios2eds/bin/gnu/h-i686-mingw32/bin/../lib/gcc/nios2-elf/4.1.2/../../../../nios2-elf/lib/mno-hw-mul\libc.a(lib_a-atexit.o) (__register_exitproc)
c:/altera/13.0sp1/nios2eds/bin/gnu/h-i686-mingw32/bin/../lib/gcc/nios2-elf/4.1.2/../../../../nios2-elf/lib/mno-hw-mul\libc.a(lib_a-__call_atexit.o)
                              c:/altera/13.0sp1/nios2eds/bin/gnu/h-i686-mingw32/bin/../lib/gcc/nios2-elf/4.1.2/../../../../nios2-elf/lib/mno-hw-mul\libc.a(lib_a-exit.o) (__call_exitprocs)
c:/altera/13.0sp1/nios2eds/bin/gnu/h-i686-mingw32/bin/../lib/gcc/nios2-elf/4.1.2/mno-hw-mul\libgcc.a(lib2-mul.o)
                              ../interrupts_bsp/\libhal_bsp.a(alt_close.o) (__mulsi3)
../interrupts_bsp/\libhal_bsp.a(alt_exit.o)
                              c:/altera/13.0sp1/nios2eds/bin/gnu/h-i686-mingw32/bin/../lib/gcc/nios2-elf/4.1.2/../../../../nios2-elf/lib/mno-hw-mul\libc.a(lib_a-exit.o) (_exit)

Allocating common symbols
Common symbol       size              file

alt_irq             0x100             ../interrupts_bsp/\libhal_bsp.a(alt_irq_handler.o)
errno               0x4               c:/altera/13.0sp1/nios2eds/bin/gnu/h-i686-mingw32/bin/../lib/gcc/nios2-elf/4.1.2/../../../../nios2-elf/lib/mno-hw-mul\libc.a(lib_a-int_errno.o)
_atexit0            0x190             c:/altera/13.0sp1/nios2eds/bin/gnu/h-i686-mingw32/bin/../lib/gcc/nios2-elf/4.1.2/../../../../nios2-elf/lib/mno-hw-mul\libc.a(lib_a-atexit.o)

Memory Configuration

Name             Origin             Length             Attributes
sdram_BEFORE_EXCEPTION 0x00000000         0x00000020
sdram            0x00000020         0x01ffffe0
onchip_memory2_0 0x02004000         0x00004000
reset            0x02009000         0x00000020
epcs_flash_controller_0 0x02009020         0x000007e0
*default*        0x00000000         0xffffffff

Linker script and memory map

LOAD ../interrupts_bsp//obj/HAL/src/crt0.o
LOAD obj/default/hello_world.o
LOAD c:/altera/13.0sp1/nios2eds/bin/gnu/h-i686-mingw32/bin/../lib/gcc/nios2-elf/4.1.2/../../../../nios2-elf/lib/mno-hw-mul\libstdc++.a
LOAD c:/altera/13.0sp1/nios2eds/bin/gnu/h-i686-mingw32/bin/../lib/gcc/nios2-elf/4.1.2/../../../../nios2-elf/lib/mno-hw-mul\libm.a
LOAD c:/altera/13.0sp1/nios2eds/bin/gnu/h-i686-mingw32/bin/../lib/gcc/nios2-elf/4.1.2/mno-hw-mul\libgcc.a
START GROUP
LOAD c:/altera/13.0sp1/nios2eds/bin/gnu/h-i686-mingw32/bin/../lib/gcc/nios2-elf/4.1.2/../../../../nios2-elf/lib/mno-hw-mul\libc.a
LOAD c:/altera/13.0sp1/nios2eds/bin/gnu/h-i686-mingw32/bin/../lib/gcc/nios2-elf/4.1.2/mno-hw-mul\libgcc.a
LOAD ../interrupts_bsp/\libhal_bsp.a
END GROUP
LOAD c:/altera/13.0sp1/nios2eds/bin/gnu/h-i686-mingw32/bin/../lib/gcc/nios2-elf/4.1.2/mno-hw-mul\libgcc.a
                0x00000000                __alt_mem_sdram = 0x0
                0x02004000                __alt_mem_onchip_memory2_0 = 0x2004000
                0x02009000                __alt_mem_epcs_flash_controller_0 = 0x2009000

.entry          0x02009000        0x0
 *(.entry)
 .entry         0x02009000        0x0 ../interrupts_bsp//obj/HAL/src/crt0.o
                0x02009000                __reset

.exceptions     0x00000020      0x194
                0x00000020                PROVIDE (__ram_exceptions_start, ABSOLUTE (.))
                0x00000020                . = ALIGN (0x20)
 *(.irq)
 *(.exceptions.entry.label)
 .exceptions.entry.label
                0x00000020        0x0 ../interrupts_bsp/\libhal_bsp.a(alt_irq_entry.o)
                0x00000020                alt_irq_entry
 .exceptions.entry.label
                0x00000020        0x0 ../interrupts_bsp/\libhal_bsp.a(alt_exception_entry.o)
                0x00000020                alt_exception
 *(.exceptions.entry.user)
 *(.exceptions.entry)
 .exceptions.entry
                0x00000020       0x54 ../interrupts_bsp/\libhal_bsp.a(alt_exception_entry.o)
 *(.exceptions.irqtest.user)
 *(.exceptions.irqtest)
 .exceptions.irqtest
                0x00000074       0x10 ../interrupts_bsp/\libhal_bsp.a(alt_irq_entry.o)
 *(.exceptions.irqhandler.user)
 *(.exceptions.irqhandler)
 .exceptions.irqhandler
                0x00000084        0x4 ../interrupts_bsp/\libhal_bsp.a(alt_irq_entry.o)
 *(.exceptions.irqreturn.user)
 *(.exceptions.irqreturn)
 .exceptions.irqreturn
                0x00000088        0x4 ../interrupts_bsp/\libhal_bsp.a(alt_irq_entry.o)
 *(.exceptions.notirq.label)
 .exceptions.notirq.label
                0x0000008c        0x0 ../interrupts_bsp/\libhal_bsp.a(alt_irq_entry.o)
 *(.exceptions.notirq.user)
 *(.exceptions.notirq)
 .exceptions.notirq
                0x0000008c        0x8 ../interrupts_bsp/\libhal_bsp.a(alt_exception_entry.o)
 *(.exceptions.soft.user)
 *(.exceptions.soft)
 *(.exceptions.unknown.user)
 *(.exceptions.unknown)
 .exceptions.unknown
                0x00000094        0x4 ../interrupts_bsp/\libhal_bsp.a(alt_exception_entry.o)
 *(.exceptions.exit.label)
 .exceptions.exit.label
                0x00000098        0x0 ../interrupts_bsp/\libhal_bsp.a(alt_irq_entry.o)
 .exceptions.exit.label
                0x00000098        0x0 ../interrupts_bsp/\libhal_bsp.a(alt_exception_entry.o)
 *(.exceptions.exit.user)
 *(.exceptions.exit)
 .exceptions.exit
                0x00000098       0x54 ../interrupts_bsp/\libhal_bsp.a(alt_exception_entry.o)
 *(.exceptions)
 .exceptions    0x000000ec       0xc8 ../interrupts_bsp/\libhal_bsp.a(alt_irq_handler.o)
                0x000000ec                alt_irq_handler
                0x000001b4                PROVIDE (__ram_exceptions_end, ABSOLUTE (.))
                0x00000020                PROVIDE (__flash_exceptions_start, LOADADDR (.exceptions))

.text           0x000001b4     0x42a4
                0x000001b4                PROVIDE (stext, ABSOLUTE (.))
 *(.interp)
 *(.hash)
 *(.dynsym)
 *(.dynstr)
 *(.gnu.version)
 *(.gnu.version_d)
 *(.gnu.version_r)
 *(.rel.init)
 *(.rela.init)
 *(.rel.text .rel.text.* .rel.gnu.linkonce.t.*)
 *(.rela.text .rela.text.* .rela.gnu.linkonce.t.*)
 *(.rel.fini)
 *(.rela.fini)
 *(.rel.rodata .rel.rodata.* .rel.gnu.linkonce.r.*)
 *(.rela.rodata .rela.rodata.* .rela.gnu.linkonce.r.*)
 *(.rel.data .rel.data.* .rel.gnu.linkonce.d.*)
 *(.rela.data .rela.data.* .rela.gnu.linkonce.d.*)
 *(.rel.tdata .rel.tdata.* .rel.gnu.linkonce.td.*)
 *(.rela.tdata .rela.tdata.* .rela.gnu.linkonce.td.*)
 *(.rel.tbss .rel.tbss.* .rel.gnu.linkonce.tb.*)
 *(.rela.tbss .rela.tbss.* .rela.gnu.linkonce.tb.*)
 *(.rel.ctors)
 *(.rela.ctors)
 *(.rel.dtors)
 *(.rela.dtors)
 *(.rel.got)
 *(.rela.got)
 *(.rel.sdata .rel.sdata.* .rel.gnu.linkonce.s.*)
 *(.rela.sdata .rela.sdata.* .rela.gnu.linkonce.s.*)
 *(.rel.sbss .rel.sbss.* .rel.gnu.linkonce.sb.*)
 *(.rela.sbss .rela.sbss.* .rela.gnu.linkonce.sb.*)
 *(.rel.sdata2 .rel.sdata2.* .rel.gnu.linkonce.s2.*)
 *(.rela.sdata2 .rela.sdata2.* .rela.gnu.linkonce.s2.*)
 *(.rel.sbss2 .rel.sbss2.* .rel.gnu.linkonce.sb2.*)
 *(.rela.sbss2 .rela.sbss2.* .rela.gnu.linkonce.sb2.*)
 *(.rel.bss .rel.bss.* .rel.gnu.linkonce.b.*)
 *(.rela.bss .rela.bss.* .rela.gnu.linkonce.b.*)
 *(.rel.plt)
 *(.rela.plt)
 *(.rel.dyn)
 *(.init)
 *(.plt)
 *(.text .stub .text.* .gnu.linkonce.t.*)
 .text          0x000001b4       0x38 ../interrupts_bsp//obj/HAL/src/crt0.o
                0x000001b4                _start
 .text          0x000001ec      0x18c obj/default/hello_world.o
                0x000001ec                main
                0x000002c4                initialize
                0x00000324                callback_func
 .text          0x00000378      0x1d4 ../interrupts_bsp/\libhal_bsp.a(alt_iic.o)
                0x00000378                alt_ic_isr_register
                0x000003c8                alt_ic_irq_enable
                0x00000464                alt_ic_irq_disable
                0x00000504                alt_ic_irq_enabled
 .text          0x0000054c       0xf8 ../interrupts_bsp/\libhal_bsp.a(alt_iic_isr_register.o)
                0x0000054c                alt_iic_isr_register
 .text          0x00000644        0x0 ../interrupts_bsp/\libhal_bsp.a(alt_irq_entry.o)
 .text          0x00000644        0x0 ../interrupts_bsp/\libhal_bsp.a(alt_irq_handler.o)
 .text          0x00000644        0x0 ../interrupts_bsp/\libhal_bsp.a(alt_irq_vars.o)
 .text          0x00000644       0x6c ../interrupts_bsp/\libhal_bsp.a(alt_main.o)
                0x00000644                alt_main
 .text          0x000006b0      0x184 ../interrupts_bsp/\libhal_bsp.a(alt_sys_init.o)
                0x000006b0                alt_irq_init
                0x000006e4                alt_sys_init
 .text          0x00000834      0x9e4 ../interrupts_bsp/\libhal_bsp.a(altera_avalon_epcs_flash_controller.o)
                0x00000834                alt_epcs_flash_init
                0x00000c50                alt_epcs_flash_write
                0x00000ed0                alt_epcs_flash_get_info
                0x00000f60                alt_epcs_flash_erase_block
                0x00001064                alt_epcs_flash_write_block
                0x00001180                alt_epcs_flash_read
 .text          0x00001218      0x148 ../interrupts_bsp/\libhal_bsp.a(altera_avalon_jtag_uart_fd.o)
                0x00001218                altera_avalon_jtag_uart_read_fd
                0x00001270                altera_avalon_jtag_uart_write_fd
                0x000012c8                altera_avalon_jtag_uart_close_fd
                0x00001310                altera_avalon_jtag_uart_ioctl_fd
 .text          0x00001360      0x40c ../interrupts_bsp/\libhal_bsp.a(altera_avalon_jtag_uart_init.o)
                0x00001360                altera_avalon_jtag_uart_init
                0x000016f8                altera_avalon_jtag_uart_close
 .text          0x0000176c       0xf4 ../interrupts_bsp/\libhal_bsp.a(altera_avalon_jtag_uart_ioctl.o)
                0x0000176c                altera_avalon_jtag_uart_ioctl
 .text          0x00001860      0x224 ../interrupts_bsp/\libhal_bsp.a(altera_avalon_jtag_uart_read.o)
                0x00001860                altera_avalon_jtag_uart_read
 .text          0x00001a84      0x240 ../interrupts_bsp/\libhal_bsp.a(altera_avalon_jtag_uart_write.o)
                0x00001a84                altera_avalon_jtag_uart_write
 .text          0x00001cc4      0x100 ../interrupts_bsp/\libhal_bsp.a(altera_avalon_timer_sc.o)
                0x00001d34                alt_avalon_timer_sc_init
 .text          0x00001dc4       0xf8 ../interrupts_bsp/\libhal_bsp.a(altera_avalon_uart_fd.o)
                0x00001dc4                altera_avalon_uart_read_fd
                0x00001e1c                altera_avalon_uart_write_fd
                0x00001e74                altera_avalon_uart_close_fd
 .text          0x00001ebc      0x400 ../interrupts_bsp/\libhal_bsp.a(altera_avalon_uart_init.o)
                0x00001ebc                altera_avalon_uart_init
                0x0000225c                altera_avalon_uart_close
 .text          0x000022bc      0x290 ../interrupts_bsp/\libhal_bsp.a(altera_avalon_uart_read.o)
                0x000022bc                altera_avalon_uart_read
 .text          0x0000254c      0x228 ../interrupts_bsp/\libhal_bsp.a(altera_avalon_uart_write.o)
                0x0000254c                altera_avalon_uart_write
 .text          0x00002774      0x6d4 ../interrupts_bsp/\libhal_bsp.a(epcs_commands.o)
                0x00002774                epcs_read_status_register
                0x000027d4                epcs_sector_erase
                0x0000293c                epcs_read_buffer
                0x00002a88                epcs_write_enable
                0x00002ad8                epcs_write_status_register
                0x00002b3c                epcs_write_buffer
                0x00002cac                epcs_read_electronic_signature
                0x00002d18                epcs_read_device_id
                0x00002d98                epcs_enter_4_bytes_mode
                0x00002df0                epcs_exit_4_bytes_mode
 .text          0x00002e48      0x154 ../interrupts_bsp/\libhal_bsp.a(alt_alarm_start.o)
                0x00002e48                alt_alarm_start
 .text          0x00002f9c      0x160 ../interrupts_bsp/\libhal_bsp.a(alt_close.o)
                0x00002f9c                close
 .text          0x000030fc       0x2c ../interrupts_bsp/\libhal_bsp.a(alt_dev.o)
 .text          0x00003128      0x114 ../interrupts_bsp/\libhal_bsp.a(alt_dev_llist_insert.o)
                0x00003128                alt_dev_llist_insert
 .text          0x0000323c       0x64 ../interrupts_bsp/\libhal_bsp.a(alt_do_ctors.o)
                0x0000323c                _do_ctors
 .text          0x000032a0       0x64 ../interrupts_bsp/\libhal_bsp.a(alt_do_dtors.o)
                0x000032a0                _do_dtors
 .text          0x00003304        0x0 ../interrupts_bsp/\libhal_bsp.a(alt_errno.o)
 .text          0x00003304        0x0 ../interrupts_bsp/\libhal_bsp.a(alt_exception_entry.o)
 .text          0x00003304       0xd0 ../interrupts_bsp/\libhal_bsp.a(alt_flash_dev.o)
                0x00003304                alt_flash_open_dev
                0x00003380                alt_flash_close_dev
 .text          0x000033d4      0x150 ../interrupts_bsp/\libhal_bsp.a(alt_io_redirect.o)
                0x000034ac                alt_io_redirect
 .text          0x00003524      0x2e4 ../interrupts_bsp/\libhal_bsp.a(alt_open.o)
                0x0000361c                open
 .text          0x00003808       0x78 ../interrupts_bsp/\libhal_bsp.a(alt_release_fd.o)
                0x00003808                alt_release_fd
 .text          0x00003880      0x1a4 ../interrupts_bsp/\libhal_bsp.a(alt_tick.o)
                0x00003880                alt_alarm_stop
                0x00003918                alt_tick
 .text          0x00003a24       0x20 ../interrupts_bsp/\libhal_bsp.a(altera_nios2_qsys_irq.o)
                0x00003a24                altera_nios2_qsys_irq_init
 .text          0x00003a44      0x238 ../interrupts_bsp/\libhal_bsp.a(altera_avalon_spi.o)
                0x00003a44                alt_avalon_spi_command
 .text          0x00003c7c       0x94 ../interrupts_bsp/\libhal_bsp.a(alt_find_dev.o)
                0x00003c7c                alt_find_dev
 .text          0x00003d10      0x120 ../interrupts_bsp/\libhal_bsp.a(alt_find_file.o)
                0x00003d10                alt_find_file
 .text          0x00003e30       0xd0 ../interrupts_bsp/\libhal_bsp.a(alt_get_fd.o)
                0x00003e30                alt_get_fd
 .text          0x00003f00       0x14 c:/altera/13.0sp1/nios2eds/bin/gnu/h-i686-mingw32/bin/../lib/gcc/nios2-elf/4.1.2/../../../../nios2-elf/lib/mno-hw-mul\libc.a(lib_a-atexit.o)
                0x00003f00                atexit
 .text          0x00003f14       0x38 c:/altera/13.0sp1/nios2eds/bin/gnu/h-i686-mingw32/bin/../lib/gcc/nios2-elf/4.1.2/../../../../nios2-elf/lib/mno-hw-mul\libc.a(lib_a-exit.o)
                0x00003f14                exit
 .text          0x00003f4c        0x0 c:/altera/13.0sp1/nios2eds/bin/gnu/h-i686-mingw32/bin/../lib/gcc/nios2-elf/4.1.2/../../../../nios2-elf/lib/mno-hw-mul\libc.a(lib_a-impure.o)
 .text          0x00003f4c        0x0 c:/altera/13.0sp1/nios2eds/bin/gnu/h-i686-mingw32/bin/../lib/gcc/nios2-elf/4.1.2/../../../../nios2-elf/lib/mno-hw-mul\libc.a(lib_a-int_errno.o)
 .text          0x00003f4c       0x74 c:/altera/13.0sp1/nios2eds/bin/gnu/h-i686-mingw32/bin/../lib/gcc/nios2-elf/4.1.2/../../../../nios2-elf/lib/mno-hw-mul\libc.a(lib_a-memcmp.o)
                0x00003f4c                memcmp
 .text          0x00003fc0       0xa0 c:/altera/13.0sp1/nios2eds/bin/gnu/h-i686-mingw32/bin/../lib/gcc/nios2-elf/4.1.2/../../../../nios2-elf/lib/mno-hw-mul\libc.a(lib_a-memcpy.o)
                0x00003fc0                memcpy
 .text          0x00004060       0x74 c:/altera/13.0sp1/nios2eds/bin/gnu/h-i686-mingw32/bin/../lib/gcc/nios2-elf/4.1.2/../../../../nios2-elf/lib/mno-hw-mul\libc.a(lib_a-strlen.o)
                0x00004060                strlen
 .text          0x000040d4      0x134 c:/altera/13.0sp1/nios2eds/bin/gnu/h-i686-mingw32/bin/../lib/gcc/nios2-elf/4.1.2/../../../../nios2-elf/lib/mno-hw-mul\libc.a(lib_a-__atexit.o)
                0x000040d4                __register_exitproc
 .text          0x00004208      0x1b4 c:/altera/13.0sp1/nios2eds/bin/gnu/h-i686-mingw32/bin/../lib/gcc/nios2-elf/4.1.2/../../../../nios2-elf/lib/mno-hw-mul\libc.a(lib_a-__call_atexit.o)
                0x0000420c                __call_exitprocs
 .text          0x000043bc       0x38 c:/altera/13.0sp1/nios2eds/bin/gnu/h-i686-mingw32/bin/../lib/gcc/nios2-elf/4.1.2/mno-hw-mul\libgcc.a(lib2-mul.o)
                0x000043bc                __mulsi3
 .text          0x000043f4       0x60 ../interrupts_bsp/\libhal_bsp.a(alt_exit.o)
                0x00004434                _exit
 *(.gnu.warning.*)
 *(.fini)
                0x00004454                PROVIDE (__etext, ABSOLUTE (.))
                0x00004454                PROVIDE (_etext, ABSOLUTE (.))
                0x00004454                PROVIDE (etext, ABSOLUTE (.))
 *(.eh_frame_hdr)
                0x00004454                . = ALIGN (0x4)
                0x00004454                PROVIDE (__preinit_array_start, ABSOLUTE (.))
 *(.preinit_array)
                0x00004454                PROVIDE (__preinit_array_end, ABSOLUTE (.))
                0x00004454                PROVIDE (__init_array_start, ABSOLUTE (.))
 *(.init_array)
                0x00004454                PROVIDE (__init_array_end, ABSOLUTE (.))
                0x00004454                PROVIDE (__fini_array_start, ABSOLUTE (.))
 *(.fini_array)
                0x00004454                PROVIDE (__fini_array_end, ABSOLUTE (.))
 *(.eh_frame)
 *(.gcc_except_table)
 *(.dynamic)
                0x00004454                PROVIDE (__CTOR_LIST__, ABSOLUTE (.))
 *(.ctors)
 *(SORT(.ctors.*))
 .ctors.65535   0x00004454        0x4 c:/altera/13.0sp1/nios2eds/bin/gnu/h-i686-mingw32/bin/../lib/gcc/nios2-elf/4.1.2/../../../../nios2-elf/lib/mno-hw-mul\libc.a(lib_a-__call_atexit.o)
                0x00004458                PROVIDE (__CTOR_END__, ABSOLUTE (.))
                0x00004458                PROVIDE (__DTOR_LIST__, ABSOLUTE (.))
 *(.dtors)
 *(SORT(.dtors.*))
                0x00004458                PROVIDE (__DTOR_END__, ABSOLUTE (.))
 *(.jcr)
                0x00004458                . = ALIGN (0x4)

.rodata         0x00004458       0xc4
                0x00004458                PROVIDE (__ram_rodata_start, ABSOLUTE (.))
                0x00004458                . = ALIGN (0x4)
 *(.rodata .rodata.* .gnu.linkonce.r.*)
 .rodata        0x00004458       0x14 ../interrupts_bsp/\libhal_bsp.a(alt_main.o)
 .rodata        0x0000446c       0xa0 ../interrupts_bsp/\libhal_bsp.a(alt_sys_init.o)
 .rodata        0x0000450c        0xc ../interrupts_bsp/\libhal_bsp.a(alt_dev.o)
 .rodata.str1.4
                0x00004518        0x4 c:/altera/13.0sp1/nios2eds/bin/gnu/h-i686-mingw32/bin/../lib/gcc/nios2-elf/4.1.2/../../../../nios2-elf/lib/mno-hw-mul\libc.a(lib_a-impure.o)
 *(.rodata1)
                0x0000451c                . = ALIGN (0x4)
                0x0000451c                PROVIDE (__ram_rodata_end, ABSOLUTE (.))
                0x00004458                PROVIDE (__flash_rodata_start, LOADADDR (.rodata))

.rwdata         0x0000451c     0x1ad8
                0x0000451c                PROVIDE (__ram_rwdata_start, ABSOLUTE (.))
                0x0000451c                . = ALIGN (0x4)
 *(.got.plt)
 *(.got)
 *(.data1)
 *(.data .data.* .gnu.linkonce.d.*)
 .data          0x0000451c        0x0 ../interrupts_bsp//obj/HAL/src/crt0.o
 .data          0x0000451c        0x0 obj/default/hello_world.o
 .data          0x0000451c        0x0 ../interrupts_bsp/\libhal_bsp.a(alt_iic.o)
 .data          0x0000451c        0x0 ../interrupts_bsp/\libhal_bsp.a(alt_iic_isr_register.o)
 .data          0x0000451c        0x0 ../interrupts_bsp/\libhal_bsp.a(alt_irq_entry.o)
 .data          0x0000451c        0x0 ../interrupts_bsp/\libhal_bsp.a(alt_irq_handler.o)
 .data          0x0000451c        0x0 ../interrupts_bsp/\libhal_bsp.a(alt_irq_vars.o)
 .data          0x0000451c        0x0 ../interrupts_bsp/\libhal_bsp.a(alt_main.o)
 .data          0x0000451c     0x14fc ../interrupts_bsp/\libhal_bsp.a(alt_sys_init.o)
 .data          0x00005a18        0x0 ../interrupts_bsp/\libhal_bsp.a(altera_avalon_epcs_flash_controller.o)
 .data          0x00005a18        0x0 ../interrupts_bsp/\libhal_bsp.a(altera_avalon_jtag_uart_fd.o)
 .data          0x00005a18        0x0 ../interrupts_bsp/\libhal_bsp.a(altera_avalon_jtag_uart_init.o)
 .data          0x00005a18        0x0 ../interrupts_bsp/\libhal_bsp.a(altera_avalon_jtag_uart_ioctl.o)
 .data          0x00005a18        0x0 ../interrupts_bsp/\libhal_bsp.a(altera_avalon_jtag_uart_read.o)
 .data          0x00005a18        0x0 ../interrupts_bsp/\libhal_bsp.a(altera_avalon_jtag_uart_write.o)
 .data          0x00005a18        0x0 ../interrupts_bsp/\libhal_bsp.a(altera_avalon_timer_sc.o)
 .data          0x00005a18        0x0 ../interrupts_bsp/\libhal_bsp.a(altera_avalon_uart_fd.o)
 .data          0x00005a18        0x0 ../interrupts_bsp/\libhal_bsp.a(altera_avalon_uart_init.o)
 .data          0x00005a18        0x0 ../interrupts_bsp/\libhal_bsp.a(altera_avalon_uart_read.o)
 .data          0x00005a18        0x0 ../interrupts_bsp/\libhal_bsp.a(altera_avalon_uart_write.o)
 .data          0x00005a18        0x0 ../interrupts_bsp/\libhal_bsp.a(epcs_commands.o)
 .data          0x00005a18        0x0 ../interrupts_bsp/\libhal_bsp.a(alt_alarm_start.o)
 .data          0x00005a18        0x0 ../interrupts_bsp/\libhal_bsp.a(alt_close.o)
 .data          0x00005a18      0x1a8 ../interrupts_bsp/\libhal_bsp.a(alt_dev.o)
                0x00005a18                alt_dev_null
                0x00005a40                alt_fd_list
 .data          0x00005bc0        0x0 ../interrupts_bsp/\libhal_bsp.a(alt_dev_llist_insert.o)
 .data          0x00005bc0        0x0 ../interrupts_bsp/\libhal_bsp.a(alt_do_ctors.o)
 .data          0x00005bc0        0x0 ../interrupts_bsp/\libhal_bsp.a(alt_do_dtors.o)
 .data          0x00005bc0        0x0 ../interrupts_bsp/\libhal_bsp.a(alt_errno.o)
 .data          0x00005bc0        0x0 ../interrupts_bsp/\libhal_bsp.a(alt_exception_entry.o)
 .data          0x00005bc0        0x0 ../interrupts_bsp/\libhal_bsp.a(alt_flash_dev.o)
 .data          0x00005bc0        0x0 ../interrupts_bsp/\libhal_bsp.a(alt_io_redirect.o)
 .data          0x00005bc0        0x0 ../interrupts_bsp/\libhal_bsp.a(alt_open.o)
 .data          0x00005bc0        0x0 ../interrupts_bsp/\libhal_bsp.a(alt_release_fd.o)
 .data          0x00005bc0        0x0 ../interrupts_bsp/\libhal_bsp.a(alt_tick.o)
 .data          0x00005bc0        0x0 ../interrupts_bsp/\libhal_bsp.a(altera_nios2_qsys_irq.o)
 .data          0x00005bc0        0x0 ../interrupts_bsp/\libhal_bsp.a(altera_avalon_spi.o)
 .data          0x00005bc0        0x0 ../interrupts_bsp/\libhal_bsp.a(alt_find_dev.o)
 .data          0x00005bc0        0x0 ../interrupts_bsp/\libhal_bsp.a(alt_find_file.o)
 .data          0x00005bc0        0x0 ../interrupts_bsp/\libhal_bsp.a(alt_get_fd.o)
 .data          0x00005bc0        0x0 c:/altera/13.0sp1/nios2eds/bin/gnu/h-i686-mingw32/bin/../lib/gcc/nios2-elf/4.1.2/../../../../nios2-elf/lib/mno-hw-mul\libc.a(lib_a-atexit.o)
 .data          0x00005bc0        0x0 c:/altera/13.0sp1/nios2eds/bin/gnu/h-i686-mingw32/bin/../lib/gcc/nios2-elf/4.1.2/../../../../nios2-elf/lib/mno-hw-mul\libc.a(lib_a-exit.o)
 .data          0x00005bc0      0x400 c:/altera/13.0sp1/nios2eds/bin/gnu/h-i686-mingw32/bin/../lib/gcc/nios2-elf/4.1.2/../../../../nios2-elf/lib/mno-hw-mul\libc.a(lib_a-impure.o)
 .data          0x00005fc0        0x0 c:/altera/13.0sp1/nios2eds/bin/gnu/h-i686-mingw32/bin/../lib/gcc/nios2-elf/4.1.2/../../../../nios2-elf/lib/mno-hw-mul\libc.a(lib_a-int_errno.o)
 .data          0x00005fc0        0x0 c:/altera/13.0sp1/nios2eds/bin/gnu/h-i686-mingw32/bin/../lib/gcc/nios2-elf/4.1.2/../../../../nios2-elf/lib/mno-hw-mul\libc.a(lib_a-memcmp.o)
 .data          0x00005fc0        0x0 c:/altera/13.0sp1/nios2eds/bin/gnu/h-i686-mingw32/bin/../lib/gcc/nios2-elf/4.1.2/../../../../nios2-elf/lib/mno-hw-mul\libc.a(lib_a-memcpy.o)
 .data          0x00005fc0        0x0 c:/altera/13.0sp1/nios2eds/bin/gnu/h-i686-mingw32/bin/../lib/gcc/nios2-elf/4.1.2/../../../../nios2-elf/lib/mno-hw-mul\libc.a(lib_a-strlen.o)
 .data          0x00005fc0        0x0 c:/altera/13.0sp1/nios2eds/bin/gnu/h-i686-mingw32/bin/../lib/gcc/nios2-elf/4.1.2/../../../../nios2-elf/lib/mno-hw-mul\libc.a(lib_a-__atexit.o)
 .data          0x00005fc0        0x0 c:/altera/13.0sp1/nios2eds/bin/gnu/h-i686-mingw32/bin/../lib/gcc/nios2-elf/4.1.2/../../../../nios2-elf/lib/mno-hw-mul\libc.a(lib_a-__call_atexit.o)
 .data          0x00005fc0        0x0 c:/altera/13.0sp1/nios2eds/bin/gnu/h-i686-mingw32/bin/../lib/gcc/nios2-elf/4.1.2/mno-hw-mul\libgcc.a(lib2-mul.o)
 .data          0x00005fc0        0x0 ../interrupts_bsp/\libhal_bsp.a(alt_exit.o)
                0x0000dfc0                _gp = ABSOLUTE ((. + 0x8000))
                0x0000dfc0                PROVIDE (gp, _gp)
 *(.rwdata .rwdata.*)
 *(.sdata .sdata.* .gnu.linkonce.s.*)
 .sdata         0x00005fc0        0x4 ../interrupts_bsp/\libhal_bsp.a(alt_irq_vars.o)
                0x00005fc0                alt_priority_mask
 .sdata         0x00005fc4       0x14 ../interrupts_bsp/\libhal_bsp.a(alt_dev.o)
                0x00005fc4                alt_fs_list
                0x00005fcc                alt_dev_list
                0x00005fd4                alt_max_fd
 .sdata         0x00005fd8        0x4 ../interrupts_bsp/\libhal_bsp.a(alt_errno.o)
                0x00005fd8                alt_errno
 .sdata         0x00005fdc        0x8 ../interrupts_bsp/\libhal_bsp.a(alt_flash_dev.o)
                0x00005fdc                alt_flash_dev_list
 .sdata         0x00005fe4        0x8 ../interrupts_bsp/\libhal_bsp.a(alt_tick.o)
                0x00005fe4                alt_alarm_list
 .sdata         0x00005fec        0x8 c:/altera/13.0sp1/nios2eds/bin/gnu/h-i686-mingw32/bin/../lib/gcc/nios2-elf/4.1.2/../../../../nios2-elf/lib/mno-hw-mul\libc.a(lib_a-impure.o)
                0x00005fec                _impure_ptr
                0x00005ff0                _global_impure_ptr
 *(.sdata2 .sdata2.* .gnu.linkonce.s2.*)
                0x00005ff4                . = ALIGN (0x4)
                0x00005ff4                _edata = ABSOLUTE (.)
                0x00005ff4                PROVIDE (edata, ABSOLUTE (.))
                0x00005ff4                PROVIDE (__ram_rwdata_end, ABSOLUTE (.))
                0x0000451c                PROVIDE (__flash_rwdata_start, LOADADDR (.rwdata))

.bss            0x00005ff4      0x2b0
                0x00005ff4                __bss_start = ABSOLUTE (.)
                0x00005ff4                PROVIDE (__sbss_start, ABSOLUTE (.))
                0x00005ff4                PROVIDE (___sbss_start, ABSOLUTE (.))
 *(.dynsbss)
 *(.sbss .sbss.* .gnu.linkonce.sb.*)
 .sbss          0x00005ff4        0x1 obj/default/hello_world.o
 *fill*         0x00005ff5        0x3 00
 .sbss          0x00005ff8        0x4 ../interrupts_bsp/\libhal_bsp.a(alt_irq_vars.o)
                0x00005ff8                alt_irq_active
 .sbss          0x00005ffc        0xc ../interrupts_bsp/\libhal_bsp.a(alt_main.o)
                0x00005ffc                alt_argc
                0x00006000                alt_argv
                0x00006004                alt_envp
 .sbss          0x00006008        0x8 ../interrupts_bsp/\libhal_bsp.a(alt_tick.o)
                0x00006008                _alt_tick_rate
                0x0000600c                _alt_nticks
 .sbss          0x00006010        0x4 c:/altera/13.0sp1/nios2eds/bin/gnu/h-i686-mingw32/bin/../lib/gcc/nios2-elf/4.1.2/../../../../nios2-elf/lib/mno-hw-mul\libc.a(lib_a-int_errno.o)
                0x00006010                errno
 *(.sbss2 .sbss2.* .gnu.linkonce.sb2.*)
 *(.scommon)
                0x00006014                PROVIDE (__sbss_end, ABSOLUTE (.))
                0x00006014                PROVIDE (___sbss_end, ABSOLUTE (.))
 *(.dynbss)
 *(.bss .bss.* .gnu.linkonce.b.*)
 .bss           0x00006014        0x0 ../interrupts_bsp//obj/HAL/src/crt0.o
 .bss           0x00006014        0x0 obj/default/hello_world.o
 .bss           0x00006014        0x0 ../interrupts_bsp/\libhal_bsp.a(alt_iic.o)
 .bss           0x00006014        0x0 ../interrupts_bsp/\libhal_bsp.a(alt_iic_isr_register.o)
 .bss           0x00006014        0x0 ../interrupts_bsp/\libhal_bsp.a(alt_irq_entry.o)
 .bss           0x00006014        0x0 ../interrupts_bsp/\libhal_bsp.a(alt_irq_handler.o)
 .bss           0x00006014        0x0 ../interrupts_bsp/\libhal_bsp.a(alt_irq_vars.o)
 .bss           0x00006014        0x0 ../interrupts_bsp/\libhal_bsp.a(alt_main.o)
 .bss           0x00006014        0x0 ../interrupts_bsp/\libhal_bsp.a(alt_sys_init.o)
 .bss           0x00006014        0x0 ../interrupts_bsp/\libhal_bsp.a(altera_avalon_epcs_flash_controller.o)
 .bss           0x00006014        0x0 ../interrupts_bsp/\libhal_bsp.a(altera_avalon_jtag_uart_fd.o)
 .bss           0x00006014        0x0 ../interrupts_bsp/\libhal_bsp.a(altera_avalon_jtag_uart_init.o)
 .bss           0x00006014        0x0 ../interrupts_bsp/\libhal_bsp.a(altera_avalon_jtag_uart_ioctl.o)
 .bss           0x00006014        0x0 ../interrupts_bsp/\libhal_bsp.a(altera_avalon_jtag_uart_read.o)
 .bss           0x00006014        0x0 ../interrupts_bsp/\libhal_bsp.a(altera_avalon_jtag_uart_write.o)
 .bss           0x00006014        0x0 ../interrupts_bsp/\libhal_bsp.a(altera_avalon_timer_sc.o)
 .bss           0x00006014        0x0 ../interrupts_bsp/\libhal_bsp.a(altera_avalon_uart_fd.o)
 .bss           0x00006014        0x0 ../interrupts_bsp/\libhal_bsp.a(altera_avalon_uart_init.o)
 .bss           0x00006014        0x0 ../interrupts_bsp/\libhal_bsp.a(altera_avalon_uart_read.o)
 .bss           0x00006014        0x0 ../interrupts_bsp/\libhal_bsp.a(altera_avalon_uart_write.o)
 .bss           0x00006014        0x0 ../interrupts_bsp/\libhal_bsp.a(epcs_commands.o)
 .bss           0x00006014        0x0 ../interrupts_bsp/\libhal_bsp.a(alt_alarm_start.o)
 .bss           0x00006014        0x0 ../interrupts_bsp/\libhal_bsp.a(alt_close.o)
 .bss           0x00006014        0x0 ../interrupts_bsp/\libhal_bsp.a(alt_dev.o)
 .bss           0x00006014        0x0 ../interrupts_bsp/\libhal_bsp.a(alt_dev_llist_insert.o)
 .bss           0x00006014        0x0 ../interrupts_bsp/\libhal_bsp.a(alt_do_ctors.o)
 .bss           0x00006014        0x0 ../interrupts_bsp/\libhal_bsp.a(alt_do_dtors.o)
 .bss           0x00006014        0x0 ../interrupts_bsp/\libhal_bsp.a(alt_errno.o)
 .bss           0x00006014        0x0 ../interrupts_bsp/\libhal_bsp.a(alt_exception_entry.o)
 .bss           0x00006014        0x0 ../interrupts_bsp/\libhal_bsp.a(alt_flash_dev.o)
 .bss           0x00006014        0x0 ../interrupts_bsp/\libhal_bsp.a(alt_io_redirect.o)
 .bss           0x00006014        0x0 ../interrupts_bsp/\libhal_bsp.a(alt_open.o)
 .bss           0x00006014        0x0 ../interrupts_bsp/\libhal_bsp.a(alt_release_fd.o)
 .bss           0x00006014        0x0 ../interrupts_bsp/\libhal_bsp.a(alt_tick.o)
 .bss           0x00006014        0x0 ../interrupts_bsp/\libhal_bsp.a(altera_nios2_qsys_irq.o)
 .bss           0x00006014        0x0 ../interrupts_bsp/\libhal_bsp.a(altera_avalon_spi.o)
 .bss           0x00006014        0x0 ../interrupts_bsp/\libhal_bsp.a(alt_find_dev.o)
 .bss           0x00006014        0x0 ../interrupts_bsp/\libhal_bsp.a(alt_find_file.o)
 .bss           0x00006014        0x0 ../interrupts_bsp/\libhal_bsp.a(alt_get_fd.o)
 .bss           0x00006014        0x0 c:/altera/13.0sp1/nios2eds/bin/gnu/h-i686-mingw32/bin/../lib/gcc/nios2-elf/4.1.2/../../../../nios2-elf/lib/mno-hw-mul\libc.a(lib_a-atexit.o)
 .bss           0x00006014        0x0 c:/altera/13.0sp1/nios2eds/bin/gnu/h-i686-mingw32/bin/../lib/gcc/nios2-elf/4.1.2/../../../../nios2-elf/lib/mno-hw-mul\libc.a(lib_a-exit.o)
 .bss           0x00006014        0x0 c:/altera/13.0sp1/nios2eds/bin/gnu/h-i686-mingw32/bin/../lib/gcc/nios2-elf/4.1.2/../../../../nios2-elf/lib/mno-hw-mul\libc.a(lib_a-impure.o)
 .bss           0x00006014        0x0 c:/altera/13.0sp1/nios2eds/bin/gnu/h-i686-mingw32/bin/../lib/gcc/nios2-elf/4.1.2/../../../../nios2-elf/lib/mno-hw-mul\libc.a(lib_a-int_errno.o)
 .bss           0x00006014        0x0 c:/altera/13.0sp1/nios2eds/bin/gnu/h-i686-mingw32/bin/../lib/gcc/nios2-elf/4.1.2/../../../../nios2-elf/lib/mno-hw-mul\libc.a(lib_a-memcmp.o)
 .bss           0x00006014        0x0 c:/altera/13.0sp1/nios2eds/bin/gnu/h-i686-mingw32/bin/../lib/gcc/nios2-elf/4.1.2/../../../../nios2-elf/lib/mno-hw-mul\libc.a(lib_a-memcpy.o)
 .bss           0x00006014        0x0 c:/altera/13.0sp1/nios2eds/bin/gnu/h-i686-mingw32/bin/../lib/gcc/nios2-elf/4.1.2/../../../../nios2-elf/lib/mno-hw-mul\libc.a(lib_a-strlen.o)
 .bss           0x00006014        0x0 c:/altera/13.0sp1/nios2eds/bin/gnu/h-i686-mingw32/bin/../lib/gcc/nios2-elf/4.1.2/../../../../nios2-elf/lib/mno-hw-mul\libc.a(lib_a-__atexit.o)
 .bss           0x00006014        0x0 c:/altera/13.0sp1/nios2eds/bin/gnu/h-i686-mingw32/bin/../lib/gcc/nios2-elf/4.1.2/../../../../nios2-elf/lib/mno-hw-mul\libc.a(lib_a-__call_atexit.o)
 .bss           0x00006014        0x0 c:/altera/13.0sp1/nios2eds/bin/gnu/h-i686-mingw32/bin/../lib/gcc/nios2-elf/4.1.2/mno-hw-mul\libgcc.a(lib2-mul.o)
 .bss           0x00006014        0x0 ../interrupts_bsp/\libhal_bsp.a(alt_exit.o)
 *(COMMON)
 COMMON         0x00006014      0x100 ../interrupts_bsp/\libhal_bsp.a(alt_irq_handler.o)
                0x00006014                alt_irq
 COMMON         0x00006114      0x190 c:/altera/13.0sp1/nios2eds/bin/gnu/h-i686-mingw32/bin/../lib/gcc/nios2-elf/4.1.2/../../../../nios2-elf/lib/mno-hw-mul\libc.a(lib_a-atexit.o)
                0x00006114                _atexit0
                0x000062a4                . = ALIGN (0x4)
                0x000062a4                __bss_end = ABSOLUTE (.)

.sdram          0x000062a4        0x0
                0x000062a4                PROVIDE (_alt_partition_sdram_start, ABSOLUTE (.))
 *(.sdram. sdram.*)
                0x000062a4                . = ALIGN (0x4)
                0x000062a4                PROVIDE (_alt_partition_sdram_end, ABSOLUTE (.))
                0x000062a4                _end = ABSOLUTE (.)
                0x000062a4                end = ABSOLUTE (.)
                0x000062a4                __alt_stack_base = ABSOLUTE (.)
                0x000062a4                PROVIDE (_alt_partition_sdram_load_addr, LOADADDR (.sdram))

.onchip_memory2_0
                0x02004000        0x0
                0x02004000                PROVIDE (_alt_partition_onchip_memory2_0_start, ABSOLUTE (.))
 *(.onchip_memory2_0. onchip_memory2_0.*)
                0x02004000                . = ALIGN (0x4)
                0x02004000                PROVIDE (_alt_partition_onchip_memory2_0_end, ABSOLUTE (.))
                0x02004000                PROVIDE (_alt_partition_onchip_memory2_0_load_addr, LOADADDR (.onchip_memory2_0))

.epcs_flash_controller_0
                0x02009020        0x0
                0x02009020                PROVIDE (_alt_partition_epcs_flash_controller_0_start, ABSOLUTE (.))
 *(.epcs_flash_controller_0. epcs_flash_controller_0.*)
                0x02009020                . = ALIGN (0x4)
                0x02009020                PROVIDE (_alt_partition_epcs_flash_controller_0_end, ABSOLUTE (.))
                0x02009020                PROVIDE (_alt_partition_epcs_flash_controller_0_load_addr, LOADADDR (.epcs_flash_controller_0))

.stab
 *(.stab)

.stabstr
 *(.stabstr)

.stab.excl
 *(.stab.excl)

.stab.exclstr
 *(.stab.exclstr)

.stab.index
 *(.stab.index)

.stab.indexstr
 *(.stab.indexstr)

.comment        0x00000000       0x26
 *(.comment)
 .comment       0x00000000       0x26 obj/default/hello_world.o
                                 0x27 (size before relaxing)
 .comment       0x00000000       0x27 ../interrupts_bsp/\libhal_bsp.a(alt_iic.o)
 .comment       0x00000000       0x27 ../interrupts_bsp/\libhal_bsp.a(alt_iic_isr_register.o)
 .comment       0x00000000       0x27 ../interrupts_bsp/\libhal_bsp.a(alt_irq_handler.o)
 .comment       0x00000000       0x27 ../interrupts_bsp/\libhal_bsp.a(alt_irq_vars.o)
 .comment       0x00000000       0x27 ../interrupts_bsp/\libhal_bsp.a(alt_main.o)
 .comment       0x00000000       0x27 ../interrupts_bsp/\libhal_bsp.a(alt_sys_init.o)
 .comment       0x00000000       0x27 ../interrupts_bsp/\libhal_bsp.a(altera_avalon_epcs_flash_controller.o)
 .comment       0x00000000       0x27 ../interrupts_bsp/\libhal_bsp.a(altera_avalon_jtag_uart_fd.o)
 .comment       0x00000000       0x27 ../interrupts_bsp/\libhal_bsp.a(altera_avalon_jtag_uart_init.o)
 .comment       0x00000000       0x27 ../interrupts_bsp/\libhal_bsp.a(altera_avalon_jtag_uart_ioctl.o)
 .comment       0x00000000       0x27 ../interrupts_bsp/\libhal_bsp.a(altera_avalon_jtag_uart_read.o)
 .comment       0x00000000       0x27 ../interrupts_bsp/\libhal_bsp.a(altera_avalon_jtag_uart_write.o)
 .comment       0x00000000       0x27 ../interrupts_bsp/\libhal_bsp.a(altera_avalon_timer_sc.o)
 .comment       0x00000000       0x27 ../interrupts_bsp/\libhal_bsp.a(altera_avalon_uart_fd.o)
 .comment       0x00000000       0x27 ../interrupts_bsp/\libhal_bsp.a(altera_avalon_uart_init.o)
 .comment       0x00000000       0x27 ../interrupts_bsp/\libhal_bsp.a(altera_avalon_uart_read.o)
 .comment       0x00000000       0x27 ../interrupts_bsp/\libhal_bsp.a(altera_avalon_uart_write.o)
 .comment       0x00000000       0x27 ../interrupts_bsp/\libhal_bsp.a(epcs_commands.o)
 .comment       0x00000000       0x27 ../interrupts_bsp/\libhal_bsp.a(alt_alarm_start.o)
 .comment       0x00000000       0x27 ../interrupts_bsp/\libhal_bsp.a(alt_close.o)
 .comment       0x00000000       0x27 ../interrupts_bsp/\libhal_bsp.a(alt_dev.o)
 .comment       0x00000000       0x27 ../interrupts_bsp/\libhal_bsp.a(alt_dev_llist_insert.o)
 .comment       0x00000000       0x27 ../interrupts_bsp/\libhal_bsp.a(alt_do_ctors.o)
 .comment       0x00000000       0x27 ../interrupts_bsp/\libhal_bsp.a(alt_do_dtors.o)
 .comment       0x00000000       0x27 ../interrupts_bsp/\libhal_bsp.a(alt_errno.o)
 .comment       0x00000000       0x27 ../interrupts_bsp/\libhal_bsp.a(alt_flash_dev.o)
 .comment       0x00000000       0x27 ../interrupts_bsp/\libhal_bsp.a(alt_io_redirect.o)
 .comment       0x00000000       0x27 ../interrupts_bsp/\libhal_bsp.a(alt_open.o)
 .comment       0x00000000       0x27 ../interrupts_bsp/\libhal_bsp.a(alt_release_fd.o)
 .comment       0x00000000       0x27 ../interrupts_bsp/\libhal_bsp.a(alt_tick.o)
 .comment       0x00000000       0x27 ../interrupts_bsp/\libhal_bsp.a(altera_nios2_qsys_irq.o)
 .comment       0x00000000       0x27 ../interrupts_bsp/\libhal_bsp.a(altera_avalon_spi.o)
 .comment       0x00000000       0x27 ../interrupts_bsp/\libhal_bsp.a(alt_find_dev.o)
 .comment       0x00000000       0x27 ../interrupts_bsp/\libhal_bsp.a(alt_find_file.o)
 .comment       0x00000000       0x27 ../interrupts_bsp/\libhal_bsp.a(alt_get_fd.o)
 .comment       0x00000000       0x27 c:/altera/13.0sp1/nios2eds/bin/gnu/h-i686-mingw32/bin/../lib/gcc/nios2-elf/4.1.2/../../../../nios2-elf/lib/mno-hw-mul\libc.a(lib_a-atexit.o)
 .comment       0x00000000       0x27 c:/altera/13.0sp1/nios2eds/bin/gnu/h-i686-mingw32/bin/../lib/gcc/nios2-elf/4.1.2/../../../../nios2-elf/lib/mno-hw-mul\libc.a(lib_a-exit.o)
 .comment       0x00000000       0x27 c:/altera/13.0sp1/nios2eds/bin/gnu/h-i686-mingw32/bin/../lib/gcc/nios2-elf/4.1.2/../../../../nios2-elf/lib/mno-hw-mul\libc.a(lib_a-impure.o)
 .comment       0x00000000       0x27 c:/altera/13.0sp1/nios2eds/bin/gnu/h-i686-mingw32/bin/../lib/gcc/nios2-elf/4.1.2/../../../../nios2-elf/lib/mno-hw-mul\libc.a(lib_a-int_errno.o)
 .comment       0x00000000       0x27 c:/altera/13.0sp1/nios2eds/bin/gnu/h-i686-mingw32/bin/../lib/gcc/nios2-elf/4.1.2/../../../../nios2-elf/lib/mno-hw-mul\libc.a(lib_a-memcmp.o)
 .comment       0x00000000       0x27 c:/altera/13.0sp1/nios2eds/bin/gnu/h-i686-mingw32/bin/../lib/gcc/nios2-elf/4.1.2/../../../../nios2-elf/lib/mno-hw-mul\libc.a(lib_a-memcpy.o)
 .comment       0x00000000       0x27 c:/altera/13.0sp1/nios2eds/bin/gnu/h-i686-mingw32/bin/../lib/gcc/nios2-elf/4.1.2/../../../../nios2-elf/lib/mno-hw-mul\libc.a(lib_a-strlen.o)
 .comment       0x00000000       0x27 c:/altera/13.0sp1/nios2eds/bin/gnu/h-i686-mingw32/bin/../lib/gcc/nios2-elf/4.1.2/../../../../nios2-elf/lib/mno-hw-mul\libc.a(lib_a-__atexit.o)
 .comment       0x00000000       0x27 c:/altera/13.0sp1/nios2eds/bin/gnu/h-i686-mingw32/bin/../lib/gcc/nios2-elf/4.1.2/../../../../nios2-elf/lib/mno-hw-mul\libc.a(lib_a-__call_atexit.o)
 .comment       0x00000000       0x27 c:/altera/13.0sp1/nios2eds/bin/gnu/h-i686-mingw32/bin/../lib/gcc/nios2-elf/4.1.2/mno-hw-mul\libgcc.a(lib2-mul.o)
 .comment       0x00000000       0x27 ../interrupts_bsp/\libhal_bsp.a(alt_exit.o)

.debug
 *(.debug)

.line
 *(.line)

.debug_srcinfo
 *(.debug_srcinfo)

.debug_sfnames
 *(.debug_sfnames)

.debug_aranges  0x00000000      0x5f0
 *(.debug_aranges)
 .debug_aranges
                0x00000000       0x20 ../interrupts_bsp//obj/HAL/src/crt0.o
 .debug_aranges
                0x00000020       0x20 obj/default/hello_world.o
 .debug_aranges
                0x00000040       0x20 ../interrupts_bsp/\libhal_bsp.a(alt_iic.o)
 .debug_aranges
                0x00000060       0x20 ../interrupts_bsp/\libhal_bsp.a(alt_iic_isr_register.o)
 .debug_aranges
                0x00000080       0x30 ../interrupts_bsp/\libhal_bsp.a(alt_irq_entry.o)
 .debug_aranges
                0x000000b0       0x28 ../interrupts_bsp/\libhal_bsp.a(alt_irq_handler.o)
 .debug_aranges
                0x000000d8       0x20 ../interrupts_bsp/\libhal_bsp.a(alt_main.o)
 .debug_aranges
                0x000000f8       0x20 ../interrupts_bsp/\libhal_bsp.a(alt_sys_init.o)
 .debug_aranges
                0x00000118       0x20 ../interrupts_bsp/\libhal_bsp.a(altera_avalon_epcs_flash_controller.o)
 .debug_aranges
                0x00000138       0x20 ../interrupts_bsp/\libhal_bsp.a(altera_avalon_jtag_uart_fd.o)
 .debug_aranges
                0x00000158       0x20 ../interrupts_bsp/\libhal_bsp.a(altera_avalon_jtag_uart_init.o)
 .debug_aranges
                0x00000178       0x20 ../interrupts_bsp/\libhal_bsp.a(altera_avalon_jtag_uart_ioctl.o)
 .debug_aranges
                0x00000198       0x20 ../interrupts_bsp/\libhal_bsp.a(altera_avalon_jtag_uart_read.o)
 .debug_aranges
                0x000001b8       0x20 ../interrupts_bsp/\libhal_bsp.a(altera_avalon_jtag_uart_write.o)
 .debug_aranges
                0x000001d8       0x20 ../interrupts_bsp/\libhal_bsp.a(altera_avalon_timer_sc.o)
 .debug_aranges
                0x000001f8       0x20 ../interrupts_bsp/\libhal_bsp.a(altera_avalon_uart_fd.o)
 .debug_aranges
                0x00000218       0x20 ../interrupts_bsp/\libhal_bsp.a(altera_avalon_uart_init.o)
 .debug_aranges
                0x00000238       0x20 ../interrupts_bsp/\libhal_bsp.a(altera_avalon_uart_read.o)
 .debug_aranges
                0x00000258       0x20 ../interrupts_bsp/\libhal_bsp.a(altera_avalon_uart_write.o)
 .debug_aranges
                0x00000278       0x20 ../interrupts_bsp/\libhal_bsp.a(epcs_commands.o)
 .debug_aranges
                0x00000298       0x20 ../interrupts_bsp/\libhal_bsp.a(alt_alarm_start.o)
 .debug_aranges
                0x000002b8       0x20 ../interrupts_bsp/\libhal_bsp.a(alt_close.o)
 .debug_aranges
                0x000002d8       0x20 ../interrupts_bsp/\libhal_bsp.a(alt_dev.o)
 .debug_aranges
                0x000002f8       0x20 ../interrupts_bsp/\libhal_bsp.a(alt_dev_llist_insert.o)
 .debug_aranges
                0x00000318       0x20 ../interrupts_bsp/\libhal_bsp.a(alt_do_ctors.o)
 .debug_aranges
                0x00000338       0x20 ../interrupts_bsp/\libhal_bsp.a(alt_do_dtors.o)
 .debug_aranges
                0x00000358       0x38 ../interrupts_bsp/\libhal_bsp.a(alt_exception_entry.o)
 .debug_aranges
                0x00000390       0x20 ../interrupts_bsp/\libhal_bsp.a(alt_flash_dev.o)
 .debug_aranges
                0x000003b0       0x20 ../interrupts_bsp/\libhal_bsp.a(alt_io_redirect.o)
 .debug_aranges
                0x000003d0       0x20 ../interrupts_bsp/\libhal_bsp.a(alt_open.o)
 .debug_aranges
                0x000003f0       0x20 ../interrupts_bsp/\libhal_bsp.a(alt_release_fd.o)
 .debug_aranges
                0x00000410       0x20 ../interrupts_bsp/\libhal_bsp.a(alt_tick.o)
 .debug_aranges
                0x00000430       0x20 ../interrupts_bsp/\libhal_bsp.a(altera_nios2_qsys_irq.o)
 .debug_aranges
                0x00000450       0x20 ../interrupts_bsp/\libhal_bsp.a(altera_avalon_spi.o)
 .debug_aranges
                0x00000470       0x20 ../interrupts_bsp/\libhal_bsp.a(alt_find_dev.o)
 .debug_aranges
                0x00000490       0x20 ../interrupts_bsp/\libhal_bsp.a(alt_find_file.o)
 .debug_aranges
                0x000004b0       0x20 ../interrupts_bsp/\libhal_bsp.a(alt_get_fd.o)
 .debug_aranges
                0x000004d0       0x20 c:/altera/13.0sp1/nios2eds/bin/gnu/h-i686-mingw32/bin/../lib/gcc/nios2-elf/4.1.2/../../../../nios2-elf/lib/mno-hw-mul\libc.a(lib_a-atexit.o)
 .debug_aranges
                0x000004f0       0x20 c:/altera/13.0sp1/nios2eds/bin/gnu/h-i686-mingw32/bin/../lib/gcc/nios2-elf/4.1.2/../../../../nios2-elf/lib/mno-hw-mul\libc.a(lib_a-exit.o)
 .debug_aranges
                0x00000510       0x20 c:/altera/13.0sp1/nios2eds/bin/gnu/h-i686-mingw32/bin/../lib/gcc/nios2-elf/4.1.2/../../../../nios2-elf/lib/mno-hw-mul\libc.a(lib_a-memcmp.o)
 .debug_aranges
                0x00000530       0x20 c:/altera/13.0sp1/nios2eds/bin/gnu/h-i686-mingw32/bin/../lib/gcc/nios2-elf/4.1.2/../../../../nios2-elf/lib/mno-hw-mul\libc.a(lib_a-memcpy.o)
 .debug_aranges
                0x00000550       0x20 c:/altera/13.0sp1/nios2eds/bin/gnu/h-i686-mingw32/bin/../lib/gcc/nios2-elf/4.1.2/../../../../nios2-elf/lib/mno-hw-mul\libc.a(lib_a-strlen.o)
 .debug_aranges
                0x00000570       0x20 c:/altera/13.0sp1/nios2eds/bin/gnu/h-i686-mingw32/bin/../lib/gcc/nios2-elf/4.1.2/../../../../nios2-elf/lib/mno-hw-mul\libc.a(lib_a-__atexit.o)
 .debug_aranges
                0x00000590       0x20 c:/altera/13.0sp1/nios2eds/bin/gnu/h-i686-mingw32/bin/../lib/gcc/nios2-elf/4.1.2/../../../../nios2-elf/lib/mno-hw-mul\libc.a(lib_a-__call_atexit.o)
 .debug_aranges
                0x000005b0       0x20 c:/altera/13.0sp1/nios2eds/bin/gnu/h-i686-mingw32/bin/../lib/gcc/nios2-elf/4.1.2/mno-hw-mul\libgcc.a(lib2-mul.o)
 .debug_aranges
                0x000005d0       0x20 ../interrupts_bsp/\libhal_bsp.a(alt_exit.o)

.debug_pubnames
                0x00000000      0xaff
 *(.debug_pubnames)
 .debug_pubnames
                0x00000000       0x3c obj/default/hello_world.o
 .debug_pubnames
                0x0000003c       0x6e ../interrupts_bsp/\libhal_bsp.a(alt_iic.o)
 .debug_pubnames
                0x000000aa       0x2b ../interrupts_bsp/\libhal_bsp.a(alt_iic_isr_register.o)
 .debug_pubnames
                0x000000d5       0x32 ../interrupts_bsp/\libhal_bsp.a(alt_irq_handler.o)
 .debug_pubnames
                0x00000107       0x3b ../interrupts_bsp/\libhal_bsp.a(alt_irq_vars.o)
 .debug_pubnames
                0x00000142       0x46 ../interrupts_bsp/\libhal_bsp.a(alt_main.o)
 .debug_pubnames
                0x00000188       0x34 ../interrupts_bsp/\libhal_bsp.a(alt_sys_init.o)
 .debug_pubnames
                0x000001bc       0xb5 ../interrupts_bsp/\libhal_bsp.a(altera_avalon_epcs_flash_controller.o)
 .debug_pubnames
                0x00000271       0xa5 ../interrupts_bsp/\libhal_bsp.a(altera_avalon_jtag_uart_fd.o)
 .debug_pubnames
                0x00000316       0x55 ../interrupts_bsp/\libhal_bsp.a(altera_avalon_jtag_uart_init.o)
 .debug_pubnames
                0x0000036b       0x34 ../interrupts_bsp/\libhal_bsp.a(altera_avalon_jtag_uart_ioctl.o)
 .debug_pubnames
                0x0000039f       0x33 ../interrupts_bsp/\libhal_bsp.a(altera_avalon_jtag_uart_read.o)
 .debug_pubnames
                0x000003d2       0x34 ../interrupts_bsp/\libhal_bsp.a(altera_avalon_jtag_uart_write.o)
 .debug_pubnames
                0x00000406       0x2f ../interrupts_bsp/\libhal_bsp.a(altera_avalon_timer_sc.o)
 .debug_pubnames
                0x00000435       0x71 ../interrupts_bsp/\libhal_bsp.a(altera_avalon_uart_fd.o)
 .debug_pubnames
                0x000004a6       0x4b ../interrupts_bsp/\libhal_bsp.a(altera_avalon_uart_init.o)
 .debug_pubnames
                0x000004f1       0x2e ../interrupts_bsp/\libhal_bsp.a(altera_avalon_uart_read.o)
 .debug_pubnames
                0x0000051f       0x2f ../interrupts_bsp/\libhal_bsp.a(altera_avalon_uart_write.o)
 .debug_pubnames
                0x0000054e      0x118 ../interrupts_bsp/\libhal_bsp.a(epcs_commands.o)
 .debug_pubnames
                0x00000666       0x26 ../interrupts_bsp/\libhal_bsp.a(alt_alarm_start.o)
 .debug_pubnames
                0x0000068c       0x1c ../interrupts_bsp/\libhal_bsp.a(alt_close.o)
 .debug_pubnames
                0x000006a8       0x63 ../interrupts_bsp/\libhal_bsp.a(alt_dev.o)
 .debug_pubnames
                0x0000070b       0x2b ../interrupts_bsp/\libhal_bsp.a(alt_dev_llist_insert.o)
 .debug_pubnames
                0x00000736       0x20 ../interrupts_bsp/\libhal_bsp.a(alt_do_ctors.o)
 .debug_pubnames
                0x00000756       0x20 ../interrupts_bsp/\libhal_bsp.a(alt_do_dtors.o)
 .debug_pubnames
                0x00000776       0x20 ../interrupts_bsp/\libhal_bsp.a(alt_errno.o)
 .debug_pubnames
                0x00000796       0x58 ../interrupts_bsp/\libhal_bsp.a(alt_flash_dev.o)
 .debug_pubnames
                0x000007ee       0x26 ../interrupts_bsp/\libhal_bsp.a(alt_io_redirect.o)
 .debug_pubnames
                0x00000814       0x1b ../interrupts_bsp/\libhal_bsp.a(alt_open.o)
 .debug_pubnames
                0x0000082f       0x25 ../interrupts_bsp/\libhal_bsp.a(alt_release_fd.o)
 .debug_pubnames
                0x00000854       0x68 ../interrupts_bsp/\libhal_bsp.a(alt_tick.o)
 .debug_pubnames
                0x000008bc       0x31 ../interrupts_bsp/\libhal_bsp.a(altera_nios2_qsys_irq.o)
 .debug_pubnames
                0x000008ed       0x2d ../interrupts_bsp/\libhal_bsp.a(altera_avalon_spi.o)
 .debug_pubnames
                0x0000091a       0x23 ../interrupts_bsp/\libhal_bsp.a(alt_find_dev.o)
 .debug_pubnames
                0x0000093d       0x24 ../interrupts_bsp/\libhal_bsp.a(alt_find_file.o)
 .debug_pubnames
                0x00000961       0x21 ../interrupts_bsp/\libhal_bsp.a(alt_get_fd.o)
 .debug_pubnames
                0x00000982       0x2a c:/altera/13.0sp1/nios2eds/bin/gnu/h-i686-mingw32/bin/../lib/gcc/nios2-elf/4.1.2/../../../../nios2-elf/lib/mno-hw-mul\libc.a(lib_a-atexit.o)
 .debug_pubnames
                0x000009ac       0x1b c:/altera/13.0sp1/nios2eds/bin/gnu/h-i686-mingw32/bin/../lib/gcc/nios2-elf/4.1.2/../../../../nios2-elf/lib/mno-hw-mul\libc.a(lib_a-exit.o)
 .debug_pubnames
                0x000009c7       0x39 c:/altera/13.0sp1/nios2eds/bin/gnu/h-i686-mingw32/bin/../lib/gcc/nios2-elf/4.1.2/../../../../nios2-elf/lib/mno-hw-mul\libc.a(lib_a-impure.o)
 .debug_pubnames
                0x00000a00       0x1c c:/altera/13.0sp1/nios2eds/bin/gnu/h-i686-mingw32/bin/../lib/gcc/nios2-elf/4.1.2/../../../../nios2-elf/lib/mno-hw-mul\libc.a(lib_a-int_errno.o)
 .debug_pubnames
                0x00000a1c       0x1d c:/altera/13.0sp1/nios2eds/bin/gnu/h-i686-mingw32/bin/../lib/gcc/nios2-elf/4.1.2/../../../../nios2-elf/lib/mno-hw-mul\libc.a(lib_a-memcmp.o)
 .debug_pubnames
                0x00000a39       0x1d c:/altera/13.0sp1/nios2eds/bin/gnu/h-i686-mingw32/bin/../lib/gcc/nios2-elf/4.1.2/../../../../nios2-elf/lib/mno-hw-mul\libc.a(lib_a-memcpy.o)
 .debug_pubnames
                0x00000a56       0x1d c:/altera/13.0sp1/nios2eds/bin/gnu/h-i686-mingw32/bin/../lib/gcc/nios2-elf/4.1.2/../../../../nios2-elf/lib/mno-hw-mul\libc.a(lib_a-strlen.o)
 .debug_pubnames
                0x00000a73       0x2a c:/altera/13.0sp1/nios2eds/bin/gnu/h-i686-mingw32/bin/../lib/gcc/nios2-elf/4.1.2/../../../../nios2-elf/lib/mno-hw-mul\libc.a(lib_a-__atexit.o)
 .debug_pubnames
                0x00000a9d       0x27 c:/altera/13.0sp1/nios2eds/bin/gnu/h-i686-mingw32/bin/../lib/gcc/nios2-elf/4.1.2/../../../../nios2-elf/lib/mno-hw-mul\libc.a(lib_a-__call_atexit.o)
 .debug_pubnames
                0x00000ac4       0x1f c:/altera/13.0sp1/nios2eds/bin/gnu/h-i686-mingw32/bin/../lib/gcc/nios2-elf/4.1.2/mno-hw-mul\libgcc.a(lib2-mul.o)
 .debug_pubnames
                0x00000ae3       0x1c ../interrupts_bsp/\libhal_bsp.a(alt_exit.o)

.debug_info     0x00000000     0xca33
 *(.debug_info .gnu.linkonce.wi.*)
 .debug_info    0x00000000       0x50 ../interrupts_bsp//obj/HAL/src/crt0.o
 .debug_info    0x00000050      0x17e obj/default/hello_world.o
 .debug_info    0x000001ce      0x464 ../interrupts_bsp/\libhal_bsp.a(alt_iic.o)
 .debug_info    0x00000632      0x2e5 ../interrupts_bsp/\libhal_bsp.a(alt_iic_isr_register.o)
 .debug_info    0x00000917       0x55 ../interrupts_bsp/\libhal_bsp.a(alt_irq_entry.o)
 .debug_info    0x0000096c      0x246 ../interrupts_bsp/\libhal_bsp.a(alt_irq_handler.o)
 .debug_info    0x00000bb2      0x138 ../interrupts_bsp/\libhal_bsp.a(alt_irq_vars.o)
 .debug_info    0x00000cea      0x1f6 ../interrupts_bsp/\libhal_bsp.a(alt_main.o)
 .debug_info    0x00000ee0      0xcda ../interrupts_bsp/\libhal_bsp.a(alt_sys_init.o)
 .debug_info    0x00001bba      0xb7a ../interrupts_bsp/\libhal_bsp.a(altera_avalon_epcs_flash_controller.o)
 .debug_info    0x00002734      0x7aa ../interrupts_bsp/\libhal_bsp.a(altera_avalon_jtag_uart_fd.o)
 .debug_info    0x00002ede      0x5d2 ../interrupts_bsp/\libhal_bsp.a(altera_avalon_jtag_uart_init.o)
 .debug_info    0x000034b0      0x414 ../interrupts_bsp/\libhal_bsp.a(altera_avalon_jtag_uart_ioctl.o)
 .debug_info    0x000038c4      0x517 ../interrupts_bsp/\libhal_bsp.a(altera_avalon_jtag_uart_read.o)
 .debug_info    0x00003ddb      0x50f ../interrupts_bsp/\libhal_bsp.a(altera_avalon_jtag_uart_write.o)
 .debug_info    0x000042ea      0x35c ../interrupts_bsp/\libhal_bsp.a(altera_avalon_timer_sc.o)
 .debug_info    0x00004646      0x60d ../interrupts_bsp/\libhal_bsp.a(altera_avalon_uart_fd.o)
 .debug_info    0x00004c53      0x4df ../interrupts_bsp/\libhal_bsp.a(altera_avalon_uart_init.o)
 .debug_info    0x00005132      0x493 ../interrupts_bsp/\libhal_bsp.a(altera_avalon_uart_read.o)
 .debug_info    0x000055c5      0x491 ../interrupts_bsp/\libhal_bsp.a(altera_avalon_uart_write.o)
 .debug_info    0x00005a56      0x60d ../interrupts_bsp/\libhal_bsp.a(epcs_commands.o)
 .debug_info    0x00006063      0x413 ../interrupts_bsp/\libhal_bsp.a(alt_alarm_start.o)
 .debug_info    0x00006476      0x438 ../interrupts_bsp/\libhal_bsp.a(alt_close.o)
 .debug_info    0x000068ae      0x650 ../interrupts_bsp/\libhal_bsp.a(alt_dev.o)
 .debug_info    0x00006efe      0x288 ../interrupts_bsp/\libhal_bsp.a(alt_dev_llist_insert.o)
 .debug_info    0x00007186       0xe0 ../interrupts_bsp/\libhal_bsp.a(alt_do_ctors.o)
 .debug_info    0x00007266       0xdf ../interrupts_bsp/\libhal_bsp.a(alt_do_dtors.o)
 .debug_info    0x00007345      0x135 ../interrupts_bsp/\libhal_bsp.a(alt_errno.o)
 .debug_info    0x0000747a       0x5b ../interrupts_bsp/\libhal_bsp.a(alt_exception_entry.o)
 .debug_info    0x000074d5      0x56a ../interrupts_bsp/\libhal_bsp.a(alt_flash_dev.o)
 .debug_info    0x00007a3f      0x666 ../interrupts_bsp/\libhal_bsp.a(alt_io_redirect.o)
 .debug_info    0x000080a5      0x4f6 ../interrupts_bsp/\libhal_bsp.a(alt_open.o)
 .debug_info    0x0000859b      0x3c3 ../interrupts_bsp/\libhal_bsp.a(alt_release_fd.o)
 .debug_info    0x0000895e      0x3cf ../interrupts_bsp/\libhal_bsp.a(alt_tick.o)
 .debug_info    0x00008d2d      0x134 ../interrupts_bsp/\libhal_bsp.a(altera_nios2_qsys_irq.o)
 .debug_info    0x00008e61      0x27a ../interrupts_bsp/\libhal_bsp.a(altera_avalon_spi.o)
 .debug_info    0x000090db      0x3e9 ../interrupts_bsp/\libhal_bsp.a(alt_find_dev.o)
 .debug_info    0x000094c4      0x3f0 ../interrupts_bsp/\libhal_bsp.a(alt_find_file.o)
 .debug_info    0x000098b4      0x431 ../interrupts_bsp/\libhal_bsp.a(alt_get_fd.o)
 .debug_info    0x00009ce5      0x181 c:/altera/13.0sp1/nios2eds/bin/gnu/h-i686-mingw32/bin/../lib/gcc/nios2-elf/4.1.2/../../../../nios2-elf/lib/mno-hw-mul\libc.a(lib_a-atexit.o)
 .debug_info    0x00009e66      0x93f c:/altera/13.0sp1/nios2eds/bin/gnu/h-i686-mingw32/bin/../lib/gcc/nios2-elf/4.1.2/../../../../nios2-elf/lib/mno-hw-mul\libc.a(lib_a-exit.o)
 .debug_info    0x0000a7a5      0x93d c:/altera/13.0sp1/nios2eds/bin/gnu/h-i686-mingw32/bin/../lib/gcc/nios2-elf/4.1.2/../../../../nios2-elf/lib/mno-hw-mul\libc.a(lib_a-impure.o)
 .debug_info    0x0000b0e2       0x8c c:/altera/13.0sp1/nios2eds/bin/gnu/h-i686-mingw32/bin/../lib/gcc/nios2-elf/4.1.2/../../../../nios2-elf/lib/mno-hw-mul\libc.a(lib_a-int_errno.o)
 .debug_info    0x0000b16e      0x115 c:/altera/13.0sp1/nios2eds/bin/gnu/h-i686-mingw32/bin/../lib/gcc/nios2-elf/4.1.2/../../../../nios2-elf/lib/mno-hw-mul\libc.a(lib_a-memcmp.o)
 .debug_info    0x0000b283      0x106 c:/altera/13.0sp1/nios2eds/bin/gnu/h-i686-mingw32/bin/../lib/gcc/nios2-elf/4.1.2/../../../../nios2-elf/lib/mno-hw-mul\libc.a(lib_a-memcpy.o)
 .debug_info    0x0000b389       0xdb c:/altera/13.0sp1/nios2eds/bin/gnu/h-i686-mingw32/bin/../lib/gcc/nios2-elf/4.1.2/../../../../nios2-elf/lib/mno-hw-mul\libc.a(lib_a-strlen.o)
 .debug_info    0x0000b464      0x99c c:/altera/13.0sp1/nios2eds/bin/gnu/h-i686-mingw32/bin/../lib/gcc/nios2-elf/4.1.2/../../../../nios2-elf/lib/mno-hw-mul\libc.a(lib_a-__atexit.o)
 .debug_info    0x0000be00      0x9e2 c:/altera/13.0sp1/nios2eds/bin/gnu/h-i686-mingw32/bin/../lib/gcc/nios2-elf/4.1.2/../../../../nios2-elf/lib/mno-hw-mul\libc.a(lib_a-__call_atexit.o)
 .debug_info    0x0000c7e2       0xf3 c:/altera/13.0sp1/nios2eds/bin/gnu/h-i686-mingw32/bin/../lib/gcc/nios2-elf/4.1.2/mno-hw-mul\libgcc.a(lib2-mul.o)
 .debug_info    0x0000c8d5      0x15e ../interrupts_bsp/\libhal_bsp.a(alt_exit.o)

.debug_abbrev   0x00000000     0x2e6a
 *(.debug_abbrev)
 .debug_abbrev  0x00000000       0x14 ../interrupts_bsp//obj/HAL/src/crt0.o
 .debug_abbrev  0x00000014       0x7f obj/default/hello_world.o
 .debug_abbrev  0x00000093      0x134 ../interrupts_bsp/\libhal_bsp.a(alt_iic.o)
 .debug_abbrev  0x000001c7      0x14e ../interrupts_bsp/\libhal_bsp.a(alt_iic_isr_register.o)
 .debug_abbrev  0x00000315       0x12 ../interrupts_bsp/\libhal_bsp.a(alt_irq_entry.o)
 .debug_abbrev  0x00000327      0x10c ../interrupts_bsp/\libhal_bsp.a(alt_irq_handler.o)
 .debug_abbrev  0x00000433       0x44 ../interrupts_bsp/\libhal_bsp.a(alt_irq_vars.o)
 .debug_abbrev  0x00000477       0xb7 ../interrupts_bsp/\libhal_bsp.a(alt_main.o)
 .debug_abbrev  0x0000052e      0x167 ../interrupts_bsp/\libhal_bsp.a(alt_sys_init.o)
 .debug_abbrev  0x00000695      0x1bf ../interrupts_bsp/\libhal_bsp.a(altera_avalon_epcs_flash_controller.o)
 .debug_abbrev  0x00000854       0xf7 ../interrupts_bsp/\libhal_bsp.a(altera_avalon_jtag_uart_fd.o)
 .debug_abbrev  0x0000094b      0x17c ../interrupts_bsp/\libhal_bsp.a(altera_avalon_jtag_uart_init.o)
 .debug_abbrev  0x00000ac7       0xf0 ../interrupts_bsp/\libhal_bsp.a(altera_avalon_jtag_uart_ioctl.o)
 .debug_abbrev  0x00000bb7      0x191 ../interrupts_bsp/\libhal_bsp.a(altera_avalon_jtag_uart_read.o)
 .debug_abbrev  0x00000d48      0x18d ../interrupts_bsp/\libhal_bsp.a(altera_avalon_jtag_uart_write.o)
 .debug_abbrev  0x00000ed5      0x137 ../interrupts_bsp/\libhal_bsp.a(altera_avalon_timer_sc.o)
 .debug_abbrev  0x0000100c       0xe8 ../interrupts_bsp/\libhal_bsp.a(altera_avalon_uart_fd.o)
 .debug_abbrev  0x000010f4      0x148 ../interrupts_bsp/\libhal_bsp.a(altera_avalon_uart_init.o)
 .debug_abbrev  0x0000123c      0x174 ../interrupts_bsp/\libhal_bsp.a(altera_avalon_uart_read.o)
 .debug_abbrev  0x000013b0      0x17b ../interrupts_bsp/\libhal_bsp.a(altera_avalon_uart_write.o)
 .debug_abbrev  0x0000152b      0x145 ../interrupts_bsp/\libhal_bsp.a(epcs_commands.o)
 .debug_abbrev  0x00001670      0x172 ../interrupts_bsp/\libhal_bsp.a(alt_alarm_start.o)
 .debug_abbrev  0x000017e2       0xfb ../interrupts_bsp/\libhal_bsp.a(alt_close.o)
 .debug_abbrev  0x000018dd       0xc7 ../interrupts_bsp/\libhal_bsp.a(alt_dev.o)
 .debug_abbrev  0x000019a4       0xf6 ../interrupts_bsp/\libhal_bsp.a(alt_dev_llist_insert.o)
 .debug_abbrev  0x00001a9a       0x76 ../interrupts_bsp/\libhal_bsp.a(alt_do_ctors.o)
 .debug_abbrev  0x00001b10       0x76 ../interrupts_bsp/\libhal_bsp.a(alt_do_dtors.o)
 .debug_abbrev  0x00001b86       0x5e ../interrupts_bsp/\libhal_bsp.a(alt_errno.o)
 .debug_abbrev  0x00001be4       0x12 ../interrupts_bsp/\libhal_bsp.a(alt_exception_entry.o)
 .debug_abbrev  0x00001bf6      0x121 ../interrupts_bsp/\libhal_bsp.a(alt_flash_dev.o)
 .debug_abbrev  0x00001d17       0xf0 ../interrupts_bsp/\libhal_bsp.a(alt_io_redirect.o)
 .debug_abbrev  0x00001e07      0x112 ../interrupts_bsp/\libhal_bsp.a(alt_open.o)
 .debug_abbrev  0x00001f19       0xc1 ../interrupts_bsp/\libhal_bsp.a(alt_release_fd.o)
 .debug_abbrev  0x00001fda      0x150 ../interrupts_bsp/\libhal_bsp.a(alt_tick.o)
 .debug_abbrev  0x0000212a       0x3f ../interrupts_bsp/\libhal_bsp.a(altera_nios2_qsys_irq.o)
 .debug_abbrev  0x00002169       0x7c ../interrupts_bsp/\libhal_bsp.a(altera_avalon_spi.o)
 .debug_abbrev  0x000021e5       0xcf ../interrupts_bsp/\libhal_bsp.a(alt_find_dev.o)
 .debug_abbrev  0x000022b4       0xcf ../interrupts_bsp/\libhal_bsp.a(alt_find_file.o)
 .debug_abbrev  0x00002383       0xfb ../interrupts_bsp/\libhal_bsp.a(alt_get_fd.o)
 .debug_abbrev  0x0000247e       0xb7 c:/altera/13.0sp1/nios2eds/bin/gnu/h-i686-mingw32/bin/../lib/gcc/nios2-elf/4.1.2/../../../../nios2-elf/lib/mno-hw-mul\libc.a(lib_a-atexit.o)
 .debug_abbrev  0x00002535      0x16e c:/altera/13.0sp1/nios2eds/bin/gnu/h-i686-mingw32/bin/../lib/gcc/nios2-elf/4.1.2/../../../../nios2-elf/lib/mno-hw-mul\libc.a(lib_a-exit.o)
 .debug_abbrev  0x000026a3      0x157 c:/altera/13.0sp1/nios2eds/bin/gnu/h-i686-mingw32/bin/../lib/gcc/nios2-elf/4.1.2/../../../../nios2-elf/lib/mno-hw-mul\libc.a(lib_a-impure.o)
 .debug_abbrev  0x000027fa       0x3b c:/altera/13.0sp1/nios2eds/bin/gnu/h-i686-mingw32/bin/../lib/gcc/nios2-elf/4.1.2/../../../../nios2-elf/lib/mno-hw-mul\libc.a(lib_a-int_errno.o)
 .debug_abbrev  0x00002835       0x7c c:/altera/13.0sp1/nios2eds/bin/gnu/h-i686-mingw32/bin/../lib/gcc/nios2-elf/4.1.2/../../../../nios2-elf/lib/mno-hw-mul\libc.a(lib_a-memcmp.o)
 .debug_abbrev  0x000028b1       0xb5 c:/altera/13.0sp1/nios2eds/bin/gnu/h-i686-mingw32/bin/../lib/gcc/nios2-elf/4.1.2/../../../../nios2-elf/lib/mno-hw-mul\libc.a(lib_a-memcpy.o)
 .debug_abbrev  0x00002966       0x8b c:/altera/13.0sp1/nios2eds/bin/gnu/h-i686-mingw32/bin/../lib/gcc/nios2-elf/4.1.2/../../../../nios2-elf/lib/mno-hw-mul\libc.a(lib_a-strlen.o)
 .debug_abbrev  0x000029f1      0x1ae c:/altera/13.0sp1/nios2eds/bin/gnu/h-i686-mingw32/bin/../lib/gcc/nios2-elf/4.1.2/../../../../nios2-elf/lib/mno-hw-mul\libc.a(lib_a-__atexit.o)
 .debug_abbrev  0x00002b9f      0x1de c:/altera/13.0sp1/nios2eds/bin/gnu/h-i686-mingw32/bin/../lib/gcc/nios2-elf/4.1.2/../../../../nios2-elf/lib/mno-hw-mul\libc.a(lib_a-__call_atexit.o)
 .debug_abbrev  0x00002d7d       0x7b c:/altera/13.0sp1/nios2eds/bin/gnu/h-i686-mingw32/bin/../lib/gcc/nios2-elf/4.1.2/mno-hw-mul\libgcc.a(lib2-mul.o)
 .debug_abbrev  0x00002df8       0x72 ../interrupts_bsp/\libhal_bsp.a(alt_exit.o)

.debug_line     0x00000000     0x7c99
 *(.debug_line)
 .debug_line    0x00000000       0x51 ../interrupts_bsp//obj/HAL/src/crt0.o
 .debug_line    0x00000051      0x29b obj/default/hello_world.o
 .debug_line    0x000002ec      0x2c8 ../interrupts_bsp/\libhal_bsp.a(alt_iic.o)
 .debug_line    0x000005b4      0x249 ../interrupts_bsp/\libhal_bsp.a(alt_iic_isr_register.o)
 .debug_line    0x000007fd       0x6b ../interrupts_bsp/\libhal_bsp.a(alt_irq_entry.o)
 .debug_line    0x00000868      0x248 ../interrupts_bsp/\libhal_bsp.a(alt_irq_handler.o)
 .debug_line    0x00000ab0       0x72 ../interrupts_bsp/\libhal_bsp.a(alt_irq_vars.o)
 .debug_line    0x00000b22      0x2ca ../interrupts_bsp/\libhal_bsp.a(alt_main.o)
 .debug_line    0x00000dec      0x390 ../interrupts_bsp/\libhal_bsp.a(alt_sys_init.o)
 .debug_line    0x0000117c      0x6ef ../interrupts_bsp/\libhal_bsp.a(altera_avalon_epcs_flash_controller.o)
 .debug_line    0x0000186b      0x217 ../interrupts_bsp/\libhal_bsp.a(altera_avalon_jtag_uart_fd.o)
 .debug_line    0x00001a82      0x4ab ../interrupts_bsp/\libhal_bsp.a(altera_avalon_jtag_uart_init.o)
 .debug_line    0x00001f2d      0x317 ../interrupts_bsp/\libhal_bsp.a(altera_avalon_jtag_uart_ioctl.o)
 .debug_line    0x00002244      0x3f7 ../interrupts_bsp/\libhal_bsp.a(altera_avalon_jtag_uart_read.o)
 .debug_line    0x0000263b      0x405 ../interrupts_bsp/\libhal_bsp.a(altera_avalon_jtag_uart_write.o)
 .debug_line    0x00002a40      0x2b3 ../interrupts_bsp/\libhal_bsp.a(altera_avalon_timer_sc.o)
 .debug_line    0x00002cf3      0x1d2 ../interrupts_bsp/\libhal_bsp.a(altera_avalon_uart_fd.o)
 .debug_line    0x00002ec5      0x492 ../interrupts_bsp/\libhal_bsp.a(altera_avalon_uart_init.o)
 .debug_line    0x00003357      0x404 ../interrupts_bsp/\libhal_bsp.a(altera_avalon_uart_read.o)
 .debug_line    0x0000375b      0x3e5 ../interrupts_bsp/\libhal_bsp.a(altera_avalon_uart_write.o)
 .debug_line    0x00003b40      0x408 ../interrupts_bsp/\libhal_bsp.a(epcs_commands.o)
 .debug_line    0x00003f48      0x2dc ../interrupts_bsp/\libhal_bsp.a(alt_alarm_start.o)
 .debug_line    0x00004224      0x299 ../interrupts_bsp/\libhal_bsp.a(alt_close.o)
 .debug_line    0x000044bd      0x254 ../interrupts_bsp/\libhal_bsp.a(alt_dev.o)
 .debug_line    0x00004711      0x25a ../interrupts_bsp/\libhal_bsp.a(alt_dev_llist_insert.o)
 .debug_line    0x0000496b       0x83 ../interrupts_bsp/\libhal_bsp.a(alt_do_ctors.o)
 .debug_line    0x000049ee       0x83 ../interrupts_bsp/\libhal_bsp.a(alt_do_dtors.o)
 .debug_line    0x00004a71      0x1aa ../interrupts_bsp/\libhal_bsp.a(alt_errno.o)
 .debug_line    0x00004c1b       0xab ../interrupts_bsp/\libhal_bsp.a(alt_exception_entry.o)
 .debug_line    0x00004cc6      0x268 ../interrupts_bsp/\libhal_bsp.a(alt_flash_dev.o)
 .debug_line    0x00004f2e      0x2b4 ../interrupts_bsp/\libhal_bsp.a(alt_io_redirect.o)
 .debug_line    0x000051e2      0x2ff ../interrupts_bsp/\libhal_bsp.a(alt_open.o)
 .debug_line    0x000054e1       0xed ../interrupts_bsp/\libhal_bsp.a(alt_release_fd.o)
 .debug_line    0x000055ce      0x2dc ../interrupts_bsp/\libhal_bsp.a(alt_tick.o)
 .debug_line    0x000058aa      0x1ce ../interrupts_bsp/\libhal_bsp.a(altera_nios2_qsys_irq.o)
 .debug_line    0x00005a78      0x1f2 ../interrupts_bsp/\libhal_bsp.a(altera_avalon_spi.o)
 .debug_line    0x00005c6a      0x26b ../interrupts_bsp/\libhal_bsp.a(alt_find_dev.o)
 .debug_line    0x00005ed5      0x27c ../interrupts_bsp/\libhal_bsp.a(alt_find_file.o)
 .debug_line    0x00006151      0x297 ../interrupts_bsp/\libhal_bsp.a(alt_get_fd.o)
 .debug_line    0x000063e8      0x203 c:/altera/13.0sp1/nios2eds/bin/gnu/h-i686-mingw32/bin/../lib/gcc/nios2-elf/4.1.2/../../../../nios2-elf/lib/mno-hw-mul\libc.a(lib_a-atexit.o)
 .debug_line    0x000065eb      0x23b c:/altera/13.0sp1/nios2eds/bin/gnu/h-i686-mingw32/bin/../lib/gcc/nios2-elf/4.1.2/../../../../nios2-elf/lib/mno-hw-mul\libc.a(lib_a-exit.o)
 .debug_line    0x00006826      0x230 c:/altera/13.0sp1/nios2eds/bin/gnu/h-i686-mingw32/bin/../lib/gcc/nios2-elf/4.1.2/../../../../nios2-elf/lib/mno-hw-mul\libc.a(lib_a-impure.o)
 .debug_line    0x00006a56      0x1e2 c:/altera/13.0sp1/nios2eds/bin/gnu/h-i686-mingw32/bin/../lib/gcc/nios2-elf/4.1.2/../../../../nios2-elf/lib/mno-hw-mul\libc.a(lib_a-int_errno.o)
 .debug_line    0x00006c38      0x2a2 c:/altera/13.0sp1/nios2eds/bin/gnu/h-i686-mingw32/bin/../lib/gcc/nios2-elf/4.1.2/../../../../nios2-elf/lib/mno-hw-mul\libc.a(lib_a-memcmp.o)
 .debug_line    0x00006eda      0x1af c:/altera/13.0sp1/nios2eds/bin/gnu/h-i686-mingw32/bin/../lib/gcc/nios2-elf/4.1.2/../../../../nios2-elf/lib/mno-hw-mul\libc.a(lib_a-memcpy.o)
 .debug_line    0x00007089      0x270 c:/altera/13.0sp1/nios2eds/bin/gnu/h-i686-mingw32/bin/../lib/gcc/nios2-elf/4.1.2/../../../../nios2-elf/lib/mno-hw-mul\libc.a(lib_a-strlen.o)
 .debug_line    0x000072f9      0x316 c:/altera/13.0sp1/nios2eds/bin/gnu/h-i686-mingw32/bin/../lib/gcc/nios2-elf/4.1.2/../../../../nios2-elf/lib/mno-hw-mul\libc.a(lib_a-__atexit.o)
 .debug_line    0x0000760f      0x36a c:/altera/13.0sp1/nios2eds/bin/gnu/h-i686-mingw32/bin/../lib/gcc/nios2-elf/4.1.2/../../../../nios2-elf/lib/mno-hw-mul\libc.a(lib_a-__call_atexit.o)
 .debug_line    0x00007979      0x11a c:/altera/13.0sp1/nios2eds/bin/gnu/h-i686-mingw32/bin/../lib/gcc/nios2-elf/4.1.2/mno-hw-mul\libgcc.a(lib2-mul.o)
 .debug_line    0x00007a93      0x206 ../interrupts_bsp/\libhal_bsp.a(alt_exit.o)

.debug_frame    0x00000000      0xcd4
 *(.debug_frame)
 .debug_frame   0x00000000       0x64 obj/default/hello_world.o
 .debug_frame   0x00000064       0x80 ../interrupts_bsp/\libhal_bsp.a(alt_iic.o)
 .debug_frame   0x000000e4       0x2c ../interrupts_bsp/\libhal_bsp.a(alt_iic_isr_register.o)
 .debug_frame   0x00000110       0x2c ../interrupts_bsp/\libhal_bsp.a(alt_irq_handler.o)
 .debug_frame   0x0000013c       0x2c ../interrupts_bsp/\libhal_bsp.a(alt_main.o)
 .debug_frame   0x00000168       0x64 ../interrupts_bsp/\libhal_bsp.a(alt_sys_init.o)
 .debug_frame   0x000001cc      0x128 ../interrupts_bsp/\libhal_bsp.a(altera_avalon_epcs_flash_controller.o)
 .debug_frame   0x000002f4       0x80 ../interrupts_bsp/\libhal_bsp.a(altera_avalon_jtag_uart_fd.o)
 .debug_frame   0x00000374       0x80 ../interrupts_bsp/\libhal_bsp.a(altera_avalon_jtag_uart_init.o)
 .debug_frame   0x000003f4       0x2c ../interrupts_bsp/\libhal_bsp.a(altera_avalon_jtag_uart_ioctl.o)
 .debug_frame   0x00000420       0x2c ../interrupts_bsp/\libhal_bsp.a(altera_avalon_jtag_uart_read.o)
 .debug_frame   0x0000044c       0x2c ../interrupts_bsp/\libhal_bsp.a(altera_avalon_jtag_uart_write.o)
 .debug_frame   0x00000478       0x48 ../interrupts_bsp/\libhal_bsp.a(altera_avalon_timer_sc.o)
 .debug_frame   0x000004c0       0x64 ../interrupts_bsp/\libhal_bsp.a(altera_avalon_uart_fd.o)
 .debug_frame   0x00000524       0x9c ../interrupts_bsp/\libhal_bsp.a(altera_avalon_uart_init.o)
 .debug_frame   0x000005c0       0x48 ../interrupts_bsp/\libhal_bsp.a(altera_avalon_uart_read.o)
 .debug_frame   0x00000608       0x48 ../interrupts_bsp/\libhal_bsp.a(altera_avalon_uart_write.o)
 .debug_frame   0x00000650      0x160 ../interrupts_bsp/\libhal_bsp.a(epcs_commands.o)
 .debug_frame   0x000007b0       0x2c ../interrupts_bsp/\libhal_bsp.a(alt_alarm_start.o)
 .debug_frame   0x000007dc       0x48 ../interrupts_bsp/\libhal_bsp.a(alt_close.o)
 .debug_frame   0x00000824       0x2c ../interrupts_bsp/\libhal_bsp.a(alt_dev.o)
 .debug_frame   0x00000850       0x48 ../interrupts_bsp/\libhal_bsp.a(alt_dev_llist_insert.o)
 .debug_frame   0x00000898       0x2c ../interrupts_bsp/\libhal_bsp.a(alt_do_ctors.o)
 .debug_frame   0x000008c4       0x2c ../interrupts_bsp/\libhal_bsp.a(alt_do_dtors.o)
 .debug_frame   0x000008f0       0x48 ../interrupts_bsp/\libhal_bsp.a(alt_flash_dev.o)
 .debug_frame   0x00000938       0x4c ../interrupts_bsp/\libhal_bsp.a(alt_io_redirect.o)
 .debug_frame   0x00000984       0x68 ../interrupts_bsp/\libhal_bsp.a(alt_open.o)
 .debug_frame   0x000009ec       0x30 ../interrupts_bsp/\libhal_bsp.a(alt_release_fd.o)
 .debug_frame   0x00000a1c       0x48 ../interrupts_bsp/\libhal_bsp.a(alt_tick.o)
 .debug_frame   0x00000a64       0x2c ../interrupts_bsp/\libhal_bsp.a(altera_nios2_qsys_irq.o)
 .debug_frame   0x00000a90       0x2c ../interrupts_bsp/\libhal_bsp.a(altera_avalon_spi.o)
 .debug_frame   0x00000abc       0x2c ../interrupts_bsp/\libhal_bsp.a(alt_find_dev.o)
 .debug_frame   0x00000ae8       0x2c ../interrupts_bsp/\libhal_bsp.a(alt_find_file.o)
 .debug_frame   0x00000b14       0x30 ../interrupts_bsp/\libhal_bsp.a(alt_get_fd.o)
 .debug_frame   0x00000b44       0x20 c:/altera/13.0sp1/nios2eds/bin/gnu/h-i686-mingw32/bin/../lib/gcc/nios2-elf/4.1.2/../../../../nios2-elf/lib/mno-hw-mul\libc.a(lib_a-atexit.o)
 .debug_frame   0x00000b64       0x28 c:/altera/13.0sp1/nios2eds/bin/gnu/h-i686-mingw32/bin/../lib/gcc/nios2-elf/4.1.2/../../../../nios2-elf/lib/mno-hw-mul\libc.a(lib_a-exit.o)
 .debug_frame   0x00000b8c       0x20 c:/altera/13.0sp1/nios2eds/bin/gnu/h-i686-mingw32/bin/../lib/gcc/nios2-elf/4.1.2/../../../../nios2-elf/lib/mno-hw-mul\libc.a(lib_a-memcmp.o)
 .debug_frame   0x00000bac       0x20 c:/altera/13.0sp1/nios2eds/bin/gnu/h-i686-mingw32/bin/../lib/gcc/nios2-elf/4.1.2/../../../../nios2-elf/lib/mno-hw-mul\libc.a(lib_a-memcpy.o)
 .debug_frame   0x00000bcc       0x20 c:/altera/13.0sp1/nios2eds/bin/gnu/h-i686-mingw32/bin/../lib/gcc/nios2-elf/4.1.2/../../../../nios2-elf/lib/mno-hw-mul\libc.a(lib_a-strlen.o)
 .debug_frame   0x00000bec       0x34 c:/altera/13.0sp1/nios2eds/bin/gnu/h-i686-mingw32/bin/../lib/gcc/nios2-elf/4.1.2/../../../../nios2-elf/lib/mno-hw-mul\libc.a(lib_a-__atexit.o)
 .debug_frame   0x00000c20       0x4c c:/altera/13.0sp1/nios2eds/bin/gnu/h-i686-mingw32/bin/../lib/gcc/nios2-elf/4.1.2/../../../../nios2-elf/lib/mno-hw-mul\libc.a(lib_a-__call_atexit.o)
 .debug_frame   0x00000c6c       0x20 c:/altera/13.0sp1/nios2eds/bin/gnu/h-i686-mingw32/bin/../lib/gcc/nios2-elf/4.1.2/mno-hw-mul\libgcc.a(lib2-mul.o)
 .debug_frame   0x00000c8c       0x48 ../interrupts_bsp/\libhal_bsp.a(alt_exit.o)

.debug_str      0x00000000      0xcef
 *(.debug_str)
 .debug_str     0x00000000       0x12 obj/default/hello_world.o
 .debug_str     0x00000012       0x18 ../interrupts_bsp/\libhal_bsp.a(alt_iic.o)
 .debug_str     0x0000002a       0x1a ../interrupts_bsp/\libhal_bsp.a(alt_iic_isr_register.o)
 .debug_str     0x00000044       0x12 ../interrupts_bsp/\libhal_bsp.a(alt_irq_handler.o)
 .debug_str     0x00000056       0x12 ../interrupts_bsp/\libhal_bsp.a(alt_main.o)
 .debug_str     0x00000068       0x40 ../interrupts_bsp/\libhal_bsp.a(alt_sys_init.o)
 .debug_str     0x000000a8       0x90 ../interrupts_bsp/\libhal_bsp.a(altera_avalon_epcs_flash_controller.o)
 .debug_str     0x00000138       0x12 ../interrupts_bsp/\libhal_bsp.a(altera_avalon_jtag_uart_fd.o)
 .debug_str     0x0000014a       0x1a ../interrupts_bsp/\libhal_bsp.a(altera_avalon_jtag_uart_init.o)
 .debug_str     0x00000164       0x12 ../interrupts_bsp/\libhal_bsp.a(altera_avalon_jtag_uart_ioctl.o)
 .debug_str     0x00000176       0x1a ../interrupts_bsp/\libhal_bsp.a(altera_avalon_jtag_uart_read.o)
 .debug_str     0x00000190       0x1a ../interrupts_bsp/\libhal_bsp.a(altera_avalon_jtag_uart_write.o)
 .debug_str     0x000001aa       0x12 ../interrupts_bsp/\libhal_bsp.a(altera_avalon_timer_sc.o)
 .debug_str     0x000001bc       0x12 ../interrupts_bsp/\libhal_bsp.a(altera_avalon_uart_fd.o)
 .debug_str     0x000001ce       0x19 ../interrupts_bsp/\libhal_bsp.a(altera_avalon_uart_init.o)
 .debug_str     0x000001e7       0x1a ../interrupts_bsp/\libhal_bsp.a(altera_avalon_uart_read.o)
 .debug_str     0x00000201       0x1a ../interrupts_bsp/\libhal_bsp.a(altera_avalon_uart_write.o)
 .debug_str     0x0000021b       0x2e ../interrupts_bsp/\libhal_bsp.a(epcs_commands.o)
 .debug_str     0x00000249       0x23 ../interrupts_bsp/\libhal_bsp.a(alt_alarm_start.o)
 .debug_str     0x0000026c       0x12 ../interrupts_bsp/\libhal_bsp.a(alt_close.o)
 .debug_str     0x0000027e       0x12 ../interrupts_bsp/\libhal_bsp.a(alt_dev.o)
 .debug_str     0x00000290       0x12 ../interrupts_bsp/\libhal_bsp.a(alt_dev_llist_insert.o)
 .debug_str     0x000002a2       0x12 ../interrupts_bsp/\libhal_bsp.a(alt_errno.o)
 .debug_str     0x000002b4       0x2d ../interrupts_bsp/\libhal_bsp.a(alt_flash_dev.o)
 .debug_str     0x000002e1       0x12 ../interrupts_bsp/\libhal_bsp.a(alt_io_redirect.o)
 .debug_str     0x000002f3       0x12 ../interrupts_bsp/\libhal_bsp.a(alt_open.o)
 .debug_str     0x00000305       0x1a ../interrupts_bsp/\libhal_bsp.a(alt_tick.o)
 .debug_str     0x0000031f       0x12 ../interrupts_bsp/\libhal_bsp.a(altera_nios2_qsys_irq.o)
 .debug_str     0x00000331       0x12 ../interrupts_bsp/\libhal_bsp.a(alt_find_dev.o)
 .debug_str     0x00000343       0x12 ../interrupts_bsp/\libhal_bsp.a(alt_find_file.o)
 .debug_str     0x00000355       0x12 ../interrupts_bsp/\libhal_bsp.a(alt_get_fd.o)
 .debug_str     0x00000367      0x187 c:/altera/13.0sp1/nios2eds/bin/gnu/h-i686-mingw32/bin/../lib/gcc/nios2-elf/4.1.2/../../../../nios2-elf/lib/mno-hw-mul\libc.a(lib_a-atexit.o)
                                0x1cd (size before relaxing)
 .debug_str     0x000004ee      0x387 c:/altera/13.0sp1/nios2eds/bin/gnu/h-i686-mingw32/bin/../lib/gcc/nios2-elf/4.1.2/../../../../nios2-elf/lib/mno-hw-mul\libc.a(lib_a-exit.o)
                                0x51a (size before relaxing)
 .debug_str     0x00000875       0xdf c:/altera/13.0sp1/nios2eds/bin/gnu/h-i686-mingw32/bin/../lib/gcc/nios2-elf/4.1.2/../../../../nios2-elf/lib/mno-hw-mul\libc.a(lib_a-impure.o)
                                0x528 (size before relaxing)
 .debug_str     0x00000954       0x40 c:/altera/13.0sp1/nios2eds/bin/gnu/h-i686-mingw32/bin/../lib/gcc/nios2-elf/4.1.2/../../../../nios2-elf/lib/mno-hw-mul\libc.a(lib_a-int_errno.o)
                                0x171 (size before relaxing)
 .debug_str     0x00000994       0xe3 c:/altera/13.0sp1/nios2eds/bin/gnu/h-i686-mingw32/bin/../lib/gcc/nios2-elf/4.1.2/../../../../nios2-elf/lib/mno-hw-mul\libc.a(lib_a-memcmp.o)
                                0x178 (size before relaxing)
 .debug_str     0x00000a77       0x6c c:/altera/13.0sp1/nios2eds/bin/gnu/h-i686-mingw32/bin/../lib/gcc/nios2-elf/4.1.2/../../../../nios2-elf/lib/mno-hw-mul\libc.a(lib_a-memcpy.o)
                                0x136 (size before relaxing)
 .debug_str     0x00000ae3       0x52 c:/altera/13.0sp1/nios2eds/bin/gnu/h-i686-mingw32/bin/../lib/gcc/nios2-elf/4.1.2/../../../../nios2-elf/lib/mno-hw-mul\libc.a(lib_a-strlen.o)
                                0x18b (size before relaxing)
 .debug_str     0x00000b35       0x54 c:/altera/13.0sp1/nios2eds/bin/gnu/h-i686-mingw32/bin/../lib/gcc/nios2-elf/4.1.2/../../../../nios2-elf/lib/mno-hw-mul\libc.a(lib_a-__atexit.o)
                                0x532 (size before relaxing)
 .debug_str     0x00000b89       0x7e c:/altera/13.0sp1/nios2eds/bin/gnu/h-i686-mingw32/bin/../lib/gcc/nios2-elf/4.1.2/../../../../nios2-elf/lib/mno-hw-mul\libc.a(lib_a-__call_atexit.o)
                                0x55c (size before relaxing)
 .debug_str     0x00000c07       0xcc c:/altera/13.0sp1/nios2eds/bin/gnu/h-i686-mingw32/bin/../lib/gcc/nios2-elf/4.1.2/mno-hw-mul\libgcc.a(lib2-mul.o)
                                0x175 (size before relaxing)
 .debug_str     0x00000cd3       0x1c ../interrupts_bsp/\libhal_bsp.a(alt_exit.o)

.debug_loc      0x00000000     0x13f8
 *(.debug_loc)
 .debug_loc     0x00000000       0x81 obj/default/hello_world.o
 .debug_loc     0x00000081       0xac ../interrupts_bsp/\libhal_bsp.a(alt_iic.o)
 .debug_loc     0x0000012d       0x2b ../interrupts_bsp/\libhal_bsp.a(alt_iic_isr_register.o)
 .debug_loc     0x00000158       0x2b ../interrupts_bsp/\libhal_bsp.a(alt_irq_handler.o)
 .debug_loc     0x00000183       0x2b ../interrupts_bsp/\libhal_bsp.a(alt_main.o)
 .debug_loc     0x000001ae       0x81 ../interrupts_bsp/\libhal_bsp.a(alt_sys_init.o)
 .debug_loc     0x0000022f      0x1af ../interrupts_bsp/\libhal_bsp.a(altera_avalon_epcs_flash_controller.o)
 .debug_loc     0x000003de       0xac ../interrupts_bsp/\libhal_bsp.a(altera_avalon_jtag_uart_fd.o)
 .debug_loc     0x0000048a       0xac ../interrupts_bsp/\libhal_bsp.a(altera_avalon_jtag_uart_init.o)
 .debug_loc     0x00000536       0x2b ../interrupts_bsp/\libhal_bsp.a(altera_avalon_jtag_uart_ioctl.o)
 .debug_loc     0x00000561       0x2b ../interrupts_bsp/\libhal_bsp.a(altera_avalon_jtag_uart_read.o)
 .debug_loc     0x0000058c       0x2b ../interrupts_bsp/\libhal_bsp.a(altera_avalon_jtag_uart_write.o)
 .debug_loc     0x000005b7       0x56 ../interrupts_bsp/\libhal_bsp.a(altera_avalon_timer_sc.o)
 .debug_loc     0x0000060d       0x81 ../interrupts_bsp/\libhal_bsp.a(altera_avalon_uart_fd.o)
 .debug_loc     0x0000068e       0xd7 ../interrupts_bsp/\libhal_bsp.a(altera_avalon_uart_init.o)
 .debug_loc     0x00000765       0x57 ../interrupts_bsp/\libhal_bsp.a(altera_avalon_uart_read.o)
 .debug_loc     0x000007bc       0x56 ../interrupts_bsp/\libhal_bsp.a(altera_avalon_uart_write.o)
 .debug_loc     0x00000812      0x204 ../interrupts_bsp/\libhal_bsp.a(epcs_commands.o)
 .debug_loc     0x00000a16       0x2b ../interrupts_bsp/\libhal_bsp.a(alt_alarm_start.o)
 .debug_loc     0x00000a41       0x56 ../interrupts_bsp/\libhal_bsp.a(alt_close.o)
 .debug_loc     0x00000a97       0x2b ../interrupts_bsp/\libhal_bsp.a(alt_dev.o)
 .debug_loc     0x00000ac2       0x56 ../interrupts_bsp/\libhal_bsp.a(alt_dev_llist_insert.o)
 .debug_loc     0x00000b18       0x2b ../interrupts_bsp/\libhal_bsp.a(alt_do_ctors.o)
 .debug_loc     0x00000b43       0x2b ../interrupts_bsp/\libhal_bsp.a(alt_do_dtors.o)
 .debug_loc     0x00000b6e       0x56 ../interrupts_bsp/\libhal_bsp.a(alt_flash_dev.o)
 .debug_loc     0x00000bc4       0x56 ../interrupts_bsp/\libhal_bsp.a(alt_io_redirect.o)
 .debug_loc     0x00000c1a       0x81 ../interrupts_bsp/\libhal_bsp.a(alt_open.o)
 .debug_loc     0x00000c9b       0x2b ../interrupts_bsp/\libhal_bsp.a(alt_release_fd.o)
 .debug_loc     0x00000cc6       0x56 ../interrupts_bsp/\libhal_bsp.a(alt_tick.o)
 .debug_loc     0x00000d1c       0x2b ../interrupts_bsp/\libhal_bsp.a(altera_nios2_qsys_irq.o)
 .debug_loc     0x00000d47       0x2b ../interrupts_bsp/\libhal_bsp.a(altera_avalon_spi.o)
 .debug_loc     0x00000d72       0x2b ../interrupts_bsp/\libhal_bsp.a(alt_find_dev.o)
 .debug_loc     0x00000d9d       0x2b ../interrupts_bsp/\libhal_bsp.a(alt_find_file.o)
 .debug_loc     0x00000dc8       0x2b ../interrupts_bsp/\libhal_bsp.a(alt_get_fd.o)
 .debug_loc     0x00000df3       0x1e c:/altera/13.0sp1/nios2eds/bin/gnu/h-i686-mingw32/bin/../lib/gcc/nios2-elf/4.1.2/../../../../nios2-elf/lib/mno-hw-mul\libc.a(lib_a-atexit.o)
 .debug_loc     0x00000e11       0x3d c:/altera/13.0sp1/nios2eds/bin/gnu/h-i686-mingw32/bin/../lib/gcc/nios2-elf/4.1.2/../../../../nios2-elf/lib/mno-hw-mul\libc.a(lib_a-exit.o)
 .debug_loc     0x00000e4e      0x114 c:/altera/13.0sp1/nios2eds/bin/gnu/h-i686-mingw32/bin/../lib/gcc/nios2-elf/4.1.2/../../../../nios2-elf/lib/mno-hw-mul\libc.a(lib_a-memcmp.o)
 .debug_loc     0x00000f62       0xca c:/altera/13.0sp1/nios2eds/bin/gnu/h-i686-mingw32/bin/../lib/gcc/nios2-elf/4.1.2/../../../../nios2-elf/lib/mno-hw-mul\libc.a(lib_a-memcpy.o)
 .debug_loc     0x0000102c       0x3c c:/altera/13.0sp1/nios2eds/bin/gnu/h-i686-mingw32/bin/../lib/gcc/nios2-elf/4.1.2/../../../../nios2-elf/lib/mno-hw-mul\libc.a(lib_a-strlen.o)
 .debug_loc     0x00001068      0x120 c:/altera/13.0sp1/nios2eds/bin/gnu/h-i686-mingw32/bin/../lib/gcc/nios2-elf/4.1.2/../../../../nios2-elf/lib/mno-hw-mul\libc.a(lib_a-__atexit.o)
 .debug_loc     0x00001188      0x1cb c:/altera/13.0sp1/nios2eds/bin/gnu/h-i686-mingw32/bin/../lib/gcc/nios2-elf/4.1.2/../../../../nios2-elf/lib/mno-hw-mul\libc.a(lib_a-__call_atexit.o)
 .debug_loc     0x00001353       0x4f c:/altera/13.0sp1/nios2eds/bin/gnu/h-i686-mingw32/bin/../lib/gcc/nios2-elf/4.1.2/mno-hw-mul\libgcc.a(lib2-mul.o)
 .debug_loc     0x000013a2       0x56 ../interrupts_bsp/\libhal_bsp.a(alt_exit.o)

.debug_macinfo
 *(.debug_macinfo)

.debug_weaknames
 *(.debug_weaknames)

.debug_funcnames
 *(.debug_funcnames)

.debug_typenames
 *(.debug_typenames)

.debug_varnames
 *(.debug_varnames)

.debug_alt_sim_info
                0x00000000       0x10
 *(.debug_alt_sim_info)
 .debug_alt_sim_info
                0x00000000       0x10 ../interrupts_bsp//obj/HAL/src/crt0.o
                0x02000000                __alt_data_end = 0x2000000
                0x02000000                PROVIDE (__alt_stack_pointer, __alt_data_end)
                0x000062a4                PROVIDE (__alt_stack_limit, __alt_stack_base)
                0x000062a4                PROVIDE (__alt_heap_start, end)
                0x02000000                PROVIDE (__alt_heap_limit, 0x2000000)
OUTPUT(interrupts.elf elf32-littlenios2)

.debug_ranges   0x00000000       0x70
 .debug_ranges  0x00000000       0x28 ../interrupts_bsp/\libhal_bsp.a(alt_irq_entry.o)
 .debug_ranges  0x00000028       0x30 ../interrupts_bsp/\libhal_bsp.a(alt_exception_entry.o)
 .debug_ranges  0x00000058       0x18 c:/altera/13.0sp1/nios2eds/bin/gnu/h-i686-mingw32/bin/../lib/gcc/nios2-elf/4.1.2/../../../../nios2-elf/lib/mno-hw-mul\libc.a(lib_a-__call_atexit.o)
