Archive member included because of file (symbol)

c:/altera/13.0sp1/nios2eds/bin/gnu/h-i686-mingw32/bin/../lib/gcc/nios2-elf/4.1.2/../../../../nios2-elf/lib/mno-hw-mul\libc.a(lib_a-puts.o)
                              obj/default/hello_world.o (puts)
c:/altera/13.0sp1/nios2eds/bin/gnu/h-i686-mingw32/bin/../lib/gcc/nios2-elf/4.1.2/../../../../nios2-elf/lib/mno-hw-mul\libc.a(lib_a-strlen.o)
                              c:/altera/13.0sp1/nios2eds/bin/gnu/h-i686-mingw32/bin/../lib/gcc/nios2-elf/4.1.2/../../../../nios2-elf/lib/mno-hw-mul\libc.a(lib_a-puts.o) (strlen)
c:/altera/13.0sp1/nios2eds/bin/gnu/h-i686-mingw32/bin/../lib/gcc/nios2-elf/4.1.2/../../../../nios2-elf/lib/mno-hw-mul\libc.a(lib_a-fvwrite.o)
                              c:/altera/13.0sp1/nios2eds/bin/gnu/h-i686-mingw32/bin/../lib/gcc/nios2-elf/4.1.2/../../../../nios2-elf/lib/mno-hw-mul\libc.a(lib_a-puts.o) (__sfvwrite_r)
c:/altera/13.0sp1/nios2eds/bin/gnu/h-i686-mingw32/bin/../lib/gcc/nios2-elf/4.1.2/../../../../nios2-elf/lib/mno-hw-mul\libc.a(lib_a-impure.o)
                              c:/altera/13.0sp1/nios2eds/bin/gnu/h-i686-mingw32/bin/../lib/gcc/nios2-elf/4.1.2/../../../../nios2-elf/lib/mno-hw-mul\libc.a(lib_a-puts.o) (_impure_ptr)
c:/altera/13.0sp1/nios2eds/bin/gnu/h-i686-mingw32/bin/../lib/gcc/nios2-elf/4.1.2/../../../../nios2-elf/lib/mno-hw-mul\libc.a(lib_a-mallocr.o)
                              c:/altera/13.0sp1/nios2eds/bin/gnu/h-i686-mingw32/bin/../lib/gcc/nios2-elf/4.1.2/../../../../nios2-elf/lib/mno-hw-mul\libc.a(lib_a-fvwrite.o) (_malloc_r)
c:/altera/13.0sp1/nios2eds/bin/gnu/h-i686-mingw32/bin/../lib/gcc/nios2-elf/4.1.2/../../../../nios2-elf/lib/mno-hw-mul\libc.a(lib_a-memchr.o)
                              c:/altera/13.0sp1/nios2eds/bin/gnu/h-i686-mingw32/bin/../lib/gcc/nios2-elf/4.1.2/../../../../nios2-elf/lib/mno-hw-mul\libc.a(lib_a-fvwrite.o) (memchr)
c:/altera/13.0sp1/nios2eds/bin/gnu/h-i686-mingw32/bin/../lib/gcc/nios2-elf/4.1.2/../../../../nios2-elf/lib/mno-hw-mul\libc.a(lib_a-memcpy.o)
                              c:/altera/13.0sp1/nios2eds/bin/gnu/h-i686-mingw32/bin/../lib/gcc/nios2-elf/4.1.2/../../../../nios2-elf/lib/mno-hw-mul\libc.a(lib_a-fvwrite.o) (memcpy)
c:/altera/13.0sp1/nios2eds/bin/gnu/h-i686-mingw32/bin/../lib/gcc/nios2-elf/4.1.2/../../../../nios2-elf/lib/mno-hw-mul\libc.a(lib_a-memmove.o)
                              c:/altera/13.0sp1/nios2eds/bin/gnu/h-i686-mingw32/bin/../lib/gcc/nios2-elf/4.1.2/../../../../nios2-elf/lib/mno-hw-mul\libc.a(lib_a-fvwrite.o) (memmove)
c:/altera/13.0sp1/nios2eds/bin/gnu/h-i686-mingw32/bin/../lib/gcc/nios2-elf/4.1.2/../../../../nios2-elf/lib/mno-hw-mul\libc.a(lib_a-reallocr.o)
                              c:/altera/13.0sp1/nios2eds/bin/gnu/h-i686-mingw32/bin/../lib/gcc/nios2-elf/4.1.2/../../../../nios2-elf/lib/mno-hw-mul\libc.a(lib_a-fvwrite.o) (_realloc_r)
c:/altera/13.0sp1/nios2eds/bin/gnu/h-i686-mingw32/bin/../lib/gcc/nios2-elf/4.1.2/../../../../nios2-elf/lib/mno-hw-mul\libc.a(lib_a-sbrkr.o)
                              c:/altera/13.0sp1/nios2eds/bin/gnu/h-i686-mingw32/bin/../lib/gcc/nios2-elf/4.1.2/../../../../nios2-elf/lib/mno-hw-mul\libc.a(lib_a-mallocr.o) (_sbrk_r)
c:/altera/13.0sp1/nios2eds/bin/gnu/h-i686-mingw32/bin/../lib/gcc/nios2-elf/4.1.2/../../../../nios2-elf/lib/mno-hw-mul\libc.a(lib_a-wsetup.o)
                              c:/altera/13.0sp1/nios2eds/bin/gnu/h-i686-mingw32/bin/../lib/gcc/nios2-elf/4.1.2/../../../../nios2-elf/lib/mno-hw-mul\libc.a(lib_a-fvwrite.o) (__swsetup_r)
c:/altera/13.0sp1/nios2eds/bin/gnu/h-i686-mingw32/bin/../lib/gcc/nios2-elf/4.1.2/../../../../nios2-elf/lib/mno-hw-mul\libc.a(lib_a-fflush.o)
                              c:/altera/13.0sp1/nios2eds/bin/gnu/h-i686-mingw32/bin/../lib/gcc/nios2-elf/4.1.2/../../../../nios2-elf/lib/mno-hw-mul\libc.a(lib_a-fvwrite.o) (_fflush_r)
c:/altera/13.0sp1/nios2eds/bin/gnu/h-i686-mingw32/bin/../lib/gcc/nios2-elf/4.1.2/../../../../nios2-elf/lib/mno-hw-mul\libc.a(lib_a-findfp.o)
                              c:/altera/13.0sp1/nios2eds/bin/gnu/h-i686-mingw32/bin/../lib/gcc/nios2-elf/4.1.2/../../../../nios2-elf/lib/mno-hw-mul\libc.a(lib_a-wsetup.o) (__sinit)
c:/altera/13.0sp1/nios2eds/bin/gnu/h-i686-mingw32/bin/../lib/gcc/nios2-elf/4.1.2/../../../../nios2-elf/lib/mno-hw-mul\libc.a(lib_a-freer.o)
                              c:/altera/13.0sp1/nios2eds/bin/gnu/h-i686-mingw32/bin/../lib/gcc/nios2-elf/4.1.2/../../../../nios2-elf/lib/mno-hw-mul\libc.a(lib_a-fvwrite.o) (_free_r)
c:/altera/13.0sp1/nios2eds/bin/gnu/h-i686-mingw32/bin/../lib/gcc/nios2-elf/4.1.2/../../../../nios2-elf/lib/mno-hw-mul\libc.a(lib_a-fwalk.o)
                              c:/altera/13.0sp1/nios2eds/bin/gnu/h-i686-mingw32/bin/../lib/gcc/nios2-elf/4.1.2/../../../../nios2-elf/lib/mno-hw-mul\libc.a(lib_a-fflush.o) (_fwalk_reent)
c:/altera/13.0sp1/nios2eds/bin/gnu/h-i686-mingw32/bin/../lib/gcc/nios2-elf/4.1.2/../../../../nios2-elf/lib/mno-hw-mul\libc.a(lib_a-int_errno.o)
[...]
Memory Configuration

Name             Origin             Length             Attributes
sdram_BEFORE_EXCEPTION 0x00000000         0x00000020
sdram            0x00000020         0x01ffffe0
onchip_memory2_0 0x02004000         0x00004000
reset            0x02009000         0x00000020
epcs_flash_controller_0 0x02009020         0x000007e0
*default*        0x00000000         0xffffffff

Linker script and memory map

LOAD ../run_bsp//obj/HAL/src/crt0.o
LOAD obj/default/hello_world.o
LOAD c:/altera/13.0sp1/nios2eds/bin/gnu/h-i686-mingw32/bin/../lib/gcc/nios2-elf/4.1.2/../../../../nios2-elf/lib/mno-hw-mul\libstdc++.a
LOAD c:/altera/13.0sp1/nios2eds/bin/gnu/h-i686-mingw32/bin/../lib/gcc/nios2-elf/4.1.2/../../../../nios2-elf/lib/mno-hw-mul\libm.a
LOAD c:/altera/13.0sp1/nios2eds/bin/gnu/h-i686-mingw32/bin/../lib/gcc/nios2-elf/4.1.2/mno-hw-mul\libgcc.a
START GROUP
LOAD c:/altera/13.0sp1/nios2eds/bin/gnu/h-i686-mingw32/bin/../lib/gcc/nios2-elf/4.1.2/../../../../nios2-elf/lib/mno-hw-mul\libc.a
LOAD c:/altera/13.0sp1/nios2eds/bin/gnu/h-i686-mingw32/bin/../lib/gcc/nios2-elf/4.1.2/mno-hw-mul\libgcc.a
LOAD ../run_bsp/\libhal_bsp.a
END GROUP
LOAD c:/altera/13.0sp1/nios2eds/bin/gnu/h-i686-mingw32/bin/../lib/gcc/nios2-elf/4.1.2/mno-hw-mul\libgcc.a
                0x00000000                __alt_mem_sdram = 0x0
                0x02004000                __alt_mem_onchip_memory2_0 = 0x2004000
                0x02009000                __alt_mem_epcs_flash_controller_0 = 0x2009000

.entry          0x02009000        0x0
 *(.entry)
 .entry         0x02009000        0x0 ../run_bsp//obj/HAL/src/crt0.o
                0x02009000                __reset

.exceptions     0x00000020      0x194
                0x00000020                PROVIDE (__ram_exceptions_start, ABSOLUTE (.))
                0x00000020                . = ALIGN (0x20)
 *(.irq)
 *(.exceptions.entry.label)
 .exceptions.entry.label
                0x00000020        0x0 ../run_bsp/\libhal_bsp.a(alt_irq_entry.o)
                0x00000020                alt_irq_entry
 .exceptions.entry.label
                0x00000020        0x0 ../run_bsp/\libhal_bsp.a(alt_exception_entry.o)
                0x00000020                alt_exception
 *(.exceptions.entry.user)
 *(.exceptions.entry)
 .exceptions.entry
                0x00000020       0x54 ../run_bsp/\libhal_bsp.a(alt_exception_entry.o)
 *(.exceptions.irqtest.user)
 *(.exceptions.irqtest)
 .exceptions.irqtest
                0x00000074       0x10 ../run_bsp/\libhal_bsp.a(alt_irq_entry.o)
 *(.exceptions.irqhandler.user)
 *(.exceptions.irqhandler)
 .exceptions.irqhandler
                0x00000084        0x4 ../run_bsp/\libhal_bsp.a(alt_irq_entry.o)
 *(.exceptions.irqreturn.user)
 *(.exceptions.irqreturn)
 .exceptions.irqreturn
                0x00000088        0x4 ../run_bsp/\libhal_bsp.a(alt_irq_entry.o)
 *(.exceptions.notirq.label)
 .exceptions.notirq.label
                0x0000008c        0x0 ../run_bsp/\libhal_bsp.a(alt_irq_entry.o)
 *(.exceptions.notirq.user)
 *(.exceptions.notirq)
 .exceptions.notirq
                0x0000008c        0x8 ../run_bsp/\libhal_bsp.a(alt_exception_entry.o)
 *(.exceptions.soft.user)
 *(.exceptions.soft)
 *(.exceptions.unknown.user)
 *(.exceptions.unknown)
 .exceptions.unknown
                0x00000094        0x4 ../run_bsp/\libhal_bsp.a(alt_exception_entry.o)
 *(.exceptions.exit.label)
 .exceptions.exit.label
                0x00000098        0x0 ../run_bsp/\libhal_bsp.a(alt_irq_entry.o)
 .exceptions.exit.label
                0x00000098        0x0 ../run_bsp/\libhal_bsp.a(alt_exception_entry.o)
 *(.exceptions.exit.user)
 *(.exceptions.exit)
 .exceptions.exit
                0x00000098       0x54 ../run_bsp/\libhal_bsp.a(alt_exception_entry.o)
 *(.exceptions)
 .exceptions    0x000000ec       0xc8 ../run_bsp/\libhal_bsp.a(alt_irq_handler.o)
                0x000000ec                alt_irq_handler
                0x000001b4                PROVIDE (__ram_exceptions_end, ABSOLUTE (.))
                0x00000020                PROVIDE (__flash_exceptions_start, LOADADDR (.exceptions))

.text           0x000001b4     0x7130
                0x000001b4                PROVIDE (stext, ABSOLUTE (.))
 *(.interp)
 *(.hash)
 *(.dynsym)
 *(.dynstr)
 *(.gnu.version)
 *(.gnu.version_d)
 *(.gnu.version_r)
 *(.rel.init)
 *(.rela.init)
 *(.rel.text .rel.text.* .rel.gnu.linkonce.t.*)
 *(.rela.text .rela.text.* .rela.gnu.linkonce.t.*)
 *(.rel.fini)
 *(.rela.fini)
 *(.rel.rodata .rel.rodata.* .rel.gnu.linkonce.r.*)
 *(.rela.rodata .rela.rodata.* .rela.gnu.linkonce.r.*)
 *(.rel.data .rel.data.* .rel.gnu.linkonce.d.*)
 *(.rela.data .rela.data.* .rela.gnu.linkonce.d.*)
 *(.rel.tdata .rel.tdata.* .rel.gnu.linkonce.td.*)
 *(.rela.tdata .rela.tdata.* .rela.gnu.linkonce.td.*)
 *(.rel.tbss .rel.tbss.* .rel.gnu.linkonce.tb.*)
 *(.rela.tbss .rela.tbss.* .rela.gnu.linkonce.tb.*)
 *(.rel.ctors)
 *(.rela.ctors)
 *(.rel.dtors)
 *(.rela.dtors)
 *(.rel.got)
 *(.rela.got)
 *(.rel.sdata .rel.sdata.* .rel.gnu.linkonce.s.*)
 *(.rela.sdata .rela.sdata.* .rela.gnu.linkonce.s.*)
 *(.rel.sbss .rel.sbss.* .rel.gnu.linkonce.sb.*)
 *(.rela.sbss .rela.sbss.* .rela.gnu.linkonce.sb.*)
 *(.rel.sdata2 .rel.sdata2.* .rel.gnu.linkonce.s2.*)
 *(.rela.sdata2 .rela.sdata2.* .rela.gnu.linkonce.s2.*)
 *(.rel.sbss2 .rel.sbss2.* .rel.gnu.linkonce.sb2.*)
 *(.rela.sbss2 .rela.sbss2.* .rela.gnu.linkonce.sb2.*)
 *(.rel.bss .rel.bss.* .rel.gnu.linkonce.b.*)
 *(.rela.bss .rela.bss.* .rela.gnu.linkonce.b.*)
 *(.rel.plt)
 *(.rela.plt)
 *(.rel.dyn)
 *(.init)
 *(.plt)
 *(.text .stub .text.* .gnu.linkonce.t.*)
 .text          0x000001b4       0x38 ../run_bsp//obj/HAL/src/crt0.o
                0x000001b4                _start
 .text          0x000001ec       0x34 obj/default/hello_world.o
                0x000001ec                main
 .text          0x00000220       0xb4 c:/altera/13.0sp1/nios2eds/bin/gnu/h-i686-mingw32/bin/../lib/gcc/nios2-elf/4.1.2/../../../../nios2-elf/lib/mno-hw-mul\libc.a(lib_a-puts.o)
                0x00000220                _puts_r
                0x000002c0                puts
 .text          0x000002d4       0x74 c:/altera/13.0sp1/nios2eds/bin/gnu/h-i686-mingw32/bin/../lib/gcc/nios2-elf/4.1.2/../../../../nios2-elf/lib/mno-hw-mul\libc.a(lib_a-strlen.o)
                0x000002d4                strlen
 .text          0x00000348      0x49c c:/altera/13.0sp1/nios2eds/bin/gnu/h-i686-mingw32/bin/../lib/gcc/nios2-elf/4.1.2/../../../../nios2-elf/lib/mno-hw-mul\libc.a(lib_a-fvwrite.o)
                0x00000348                __sfvwrite_r
 .text          0x000007e4        0x0 c:/altera/13.0sp1/nios2eds/bin/gnu/h-i686-mingw32/bin/../lib/gcc/nios2-elf/4.1.2/../../../../nios2-elf/lib/mno-hw-mul\libc.a(lib_a-impure.o)
 .text          0x000007e4      0x740 c:/altera/13.0sp1/nios2eds/bin/gnu/h-i686-mingw32/bin/../lib/gcc/nios2-elf/4.1.2/../../../../nios2-elf/lib/mno-hw-mul\libc.a(lib_a-mallocr.o)
                0x000007e4                _malloc_r
 .text          0x00000f24       0xe4 c:/altera/13.0sp1/nios2eds/bin/gnu/h-i686-mingw32/bin/../lib/gcc/nios2-elf/4.1.2/../../../../nios2-elf/lib/mno-hw-mul\libc.a(lib_a-memchr.o)
                0x00000f24                memchr
 .text          0x00001008       0xa0 c:/altera/13.0sp1/nios2eds/bin/gnu/h-i686-mingw32/bin/../lib/gcc/nios2-elf/4.1.2/../../../../nios2-elf/lib/mno-hw-mul\libc.a(lib_a-memcpy.o)
                0x00001008                memcpy
 .text          0x000010a8       0xe0 c:/altera/13.0sp1/nios2eds/bin/gnu/h-i686-mingw32/bin/../lib/gcc/nios2-elf/4.1.2/../../../../nios2-elf/lib/mno-hw-mul\libc.a(lib_a-memmove.o)
                0x000010a8                memmove
 .text          0x00001188      0x5f4 c:/altera/13.0sp1/nios2eds/bin/gnu/h-i686-mingw32/bin/../lib/gcc/nios2-elf/4.1.2/../../../../nios2-elf/lib/mno-hw-mul\libc.a(lib_a-reallocr.o)
                0x00001188                _realloc_r
 .text          0x0000177c       0x70 c:/altera/13.0sp1/nios2eds/bin/gnu/h-i686-mingw32/bin/../lib/gcc/nios2-elf/4.1.2/../../../../nios2-elf/lib/mno-hw-mul\libc.a(lib_a-sbrkr.o)
                0x0000177c                _sbrk_r
 .text          0x000017ec      0x13c c:/altera/13.0sp1/nios2eds/bin/gnu/h-i686-mingw32/bin/../lib/gcc/nios2-elf/4.1.2/../../../../nios2-elf/lib/mno-hw-mul\libc.a(lib_a-wsetup.o)
                0x000017ec                __swsetup_r
 .text          0x00001928      0x230 c:/altera/13.0sp1/nios2eds/bin/gnu/h-i686-mingw32/bin/../lib/gcc/nios2-elf/4.1.2/../../../../nios2-elf/lib/mno-hw-mul\libc.a(lib_a-fflush.o)
                0x00001928                _fflush_r
                0x00001b24                fflush
 .text          0x00001b58      0x2f4 c:/altera/13.0sp1/nios2eds/bin/gnu/h-i686-mingw32/bin/../lib/gcc/nios2-elf/4.1.2/../../../../nios2-elf/lib/mno-hw-mul\libc.a(lib_a-findfp.o)
                0x00001bb0                __sfp_lock_acquire
                0x00001bb4                __sfp_lock_release
                0x00001bb8                __sinit_lock_acquire
                0x00001bbc                __sinit_lock_release
                0x00001bc0                __sinit
                0x00001c74                __fp_unlock_all
                0x00001c8c                __fp_lock_all
                0x00001ca4                _cleanup_r
                0x00001cb0                _cleanup
                0x00001cc0                __sfmoreglue
                0x00001d5c                __sfp
 .text          0x00001e4c      0x440 c:/altera/13.0sp1/nios2eds/bin/gnu/h-i686-mingw32/bin/../lib/gcc/nios2-elf/4.1.2/../../../../nios2-elf/lib/mno-hw-mul\libc.a(lib_a-freer.o)
                0x00001e4c                _malloc_trim_r
                0x00001f78                _free_r
 .text          0x0000228c      0x180 c:/altera/13.0sp1/nios2eds/bin/gnu/h-i686-mingw32/bin/../lib/gcc/nios2-elf/4.1.2/../../../../nios2-elf/lib/mno-hw-mul\libc.a(lib_a-fwalk.o)
                0x0000228c                _fwalk_reent
                0x00002354                _fwalk
 .text          0x0000240c        0x0 c:/altera/13.0sp1/nios2eds/bin/gnu/h-i686-mingw32/bin/../lib/gcc/nios2-elf/4.1.2/../../../../nios2-elf/lib/mno-hw-mul\libc.a(lib_a-int_errno.o)
 .text          0x0000240c      0x194 c:/altera/13.0sp1/nios2eds/bin/gnu/h-i686-mingw32/bin/../lib/gcc/nios2-elf/4.1.2/../../../../nios2-elf/lib/mno-hw-mul\libc.a(lib_a-makebuf.o)
                0x0000240c                __smakebuf_r
 .text          0x000025a0       0x98 c:/altera/13.0sp1/nios2eds/bin/gnu/h-i686-mingw32/bin/../lib/gcc/nios2-elf/4.1.2/../../../../nios2-elf/lib/mno-hw-mul\libc.a(lib_a-memset.o)
                0x000025a0                memset
 .text          0x00002638      0x14c c:/altera/13.0sp1/nios2eds/bin/gnu/h-i686-mingw32/bin/../lib/gcc/nios2-elf/4.1.2/../../../../nios2-elf/lib/mno-hw-mul\libc.a(lib_a-stdio.o)
                0x00002638                __sclose
                0x00002640                __sseek
                0x000026a8                __swrite
                0x00002724                __sread
 .text          0x00002784       0x78 c:/altera/13.0sp1/nios2eds/bin/gnu/h-i686-mingw32/bin/../lib/gcc/nios2-elf/4.1.2/../../../../nios2-elf/lib/mno-hw-mul\libc.a(lib_a-writer.o)
                0x00002784                _write_r
 .text          0x000027fc       0x70 c:/altera/13.0sp1/nios2eds/bin/gnu/h-i686-mingw32/bin/../lib/gcc/nios2-elf/4.1.2/../../../../nios2-elf/lib/mno-hw-mul\libc.a(lib_a-closer.o)
                0x000027fc                _close_r
 .text          0x0000286c      0x124 c:/altera/13.0sp1/nios2eds/bin/gnu/h-i686-mingw32/bin/../lib/gcc/nios2-elf/4.1.2/../../../../nios2-elf/lib/mno-hw-mul\libc.a(lib_a-fclose.o)
                0x0000286c                _fclose_r
                0x0000297c                fclose
 .text          0x00002990       0x74 c:/altera/13.0sp1/nios2eds/bin/gnu/h-i686-mingw32/bin/../lib/gcc/nios2-elf/4.1.2/../../../../nios2-elf/lib/mno-hw-mul\libc.a(lib_a-fstatr.o)
                0x00002990                _fstat_r
 .text          0x00002a04       0x70 c:/altera/13.0sp1/nios2eds/bin/gnu/h-i686-mingw32/bin/../lib/gcc/nios2-elf/4.1.2/../../../../nios2-elf/lib/mno-hw-mul\libc.a(lib_a-isattyr.o)
                0x00002a04                _isatty_r
 .text          0x00002a74       0x78 c:/altera/13.0sp1/nios2eds/bin/gnu/h-i686-mingw32/bin/../lib/gcc/nios2-elf/4.1.2/../../../../nios2-elf/lib/mno-hw-mul\libc.a(lib_a-lseekr.o)
                0x00002a74                _lseek_r
 .text          0x00002aec       0x78 c:/altera/13.0sp1/nios2eds/bin/gnu/h-i686-mingw32/bin/../lib/gcc/nios2-elf/4.1.2/../../../../nios2-elf/lib/mno-hw-mul\libc.a(lib_a-readr.o)
                0x00002aec                _read_r
 .text          0x00002b64       0x38 c:/altera/13.0sp1/nios2eds/bin/gnu/h-i686-mingw32/bin/../lib/gcc/nios2-elf/4.1.2/mno-hw-mul\libgcc.a(lib2-mul.o)
                0x00002b64                __mulsi3
 .text          0x00002b9c      0x160 ../run_bsp/\libhal_bsp.a(alt_close.o)
                0x00002b9c                close
 .text          0x00002cfc       0x2c ../run_bsp/\libhal_bsp.a(alt_dev.o)
 .text          0x00002d28        0x0 ../run_bsp/\libhal_bsp.a(alt_errno.o)
 .text          0x00002d28      0x138 ../run_bsp/\libhal_bsp.a(alt_fstat.o)
                0x00002d28                fstat
 .text          0x00002e60      0x124 ../run_bsp/\libhal_bsp.a(alt_isatty.o)
                0x00002e60                isatty
 .text          0x00002f84      0x154 ../run_bsp/\libhal_bsp.a(alt_lseek.o)
                0x00002f84                lseek
 .text          0x000030d8       0x6c ../run_bsp/\libhal_bsp.a(alt_main.o)
                0x000030d8                alt_main
 .text          0x00003144       0x40 ../run_bsp/\libhal_bsp.a(alt_malloc_lock.o)
                0x00003144                __malloc_lock
                0x00003164                __malloc_unlock
 .text          0x00003184      0x184 ../run_bsp/\libhal_bsp.a(alt_read.o)
                0x00003184                read
 .text          0x00003308       0x78 ../run_bsp/\libhal_bsp.a(alt_release_fd.o)
                0x00003308                alt_release_fd
 .text          0x00003380       0xbc ../run_bsp/\libhal_bsp.a(alt_sbrk.o)
                0x00003380                sbrk
 .text          0x0000343c      0x184 ../run_bsp/\libhal_bsp.a(alt_write.o)
                0x0000343c                write
 .text          0x000035c0      0x184 ../run_bsp/\libhal_bsp.a(alt_sys_init.o)
                0x000035c0                alt_irq_init
                0x000035f4                alt_sys_init
 .text          0x00003744      0x9e4 ../run_bsp/\libhal_bsp.a(altera_avalon_epcs_flash_controller.o)
                0x00003744                alt_epcs_flash_init
                0x00003b60                alt_epcs_flash_write
                0x00003de0                alt_epcs_flash_get_info
                0x00003e70                alt_epcs_flash_erase_block
                0x00003f74                alt_epcs_flash_write_block
                0x00004090                alt_epcs_flash_read
 .text          0x00004128      0x148 ../run_bsp/\libhal_bsp.a(altera_avalon_jtag_uart_fd.o)
                0x00004128                altera_avalon_jtag_uart_read_fd
                0x00004180                altera_avalon_jtag_uart_write_fd
                0x000041d8                altera_avalon_jtag_uart_close_fd
                0x00004220                altera_avalon_jtag_uart_ioctl_fd
 .text          0x00004270      0x40c ../run_bsp/\libhal_bsp.a(altera_avalon_jtag_uart_init.o)
                0x00004270                altera_avalon_jtag_uart_init
                0x00004608                altera_avalon_jtag_uart_close
 .text          0x0000467c       0xf4 ../run_bsp/\libhal_bsp.a(altera_avalon_jtag_uart_ioctl.o)
                0x0000467c                altera_avalon_jtag_uart_ioctl
 .text          0x00004770      0x224 ../run_bsp/\libhal_bsp.a(altera_avalon_jtag_uart_read.o)
                0x00004770                altera_avalon_jtag_uart_read
 .text          0x00004994      0x240 ../run_bsp/\libhal_bsp.a(altera_avalon_jtag_uart_write.o)
                0x00004994                altera_avalon_jtag_uart_write
 .text          0x00004bd4      0x100 ../run_bsp/\libhal_bsp.a(altera_avalon_timer_sc.o)
                0x00004c44                alt_avalon_timer_sc_init
 .text          0x00004cd4       0xf8 ../run_bsp/\libhal_bsp.a(altera_avalon_uart_fd.o)
                0x00004cd4                altera_avalon_uart_read_fd
                0x00004d2c                altera_avalon_uart_write_fd
                0x00004d84                altera_avalon_uart_close_fd
 .text          0x00004dcc      0x400 ../run_bsp/\libhal_bsp.a(altera_avalon_uart_init.o)
                0x00004dcc                altera_avalon_uart_init
                0x0000516c                altera_avalon_uart_close
 .text          0x000051cc      0x290 ../run_bsp/\libhal_bsp.a(altera_avalon_uart_read.o)
                0x000051cc                altera_avalon_uart_read
 .text          0x0000545c      0x228 ../run_bsp/\libhal_bsp.a(altera_avalon_uart_write.o)
                0x0000545c                altera_avalon_uart_write
 .text          0x00005684      0x6d4 ../run_bsp/\libhal_bsp.a(epcs_commands.o)
                0x00005684                epcs_read_status_register
                0x000056e4                epcs_sector_erase
                0x0000584c                epcs_read_buffer
                0x00005998                epcs_write_enable
                0x000059e8                epcs_write_status_register
                0x00005a4c                epcs_write_buffer
                0x00005bbc                epcs_read_electronic_signature
                0x00005c28                epcs_read_device_id
                0x00005ca8                epcs_enter_4_bytes_mode
                0x00005d00                epcs_exit_4_bytes_mode
 .text          0x00005d58      0x154 ../run_bsp/\libhal_bsp.a(alt_alarm_start.o)
                0x00005d58                alt_alarm_start
 .text          0x00005eac      0x114 ../run_bsp/\libhal_bsp.a(alt_dev_llist_insert.o)
                0x00005eac                alt_dev_llist_insert
 .text          0x00005fc0       0x64 ../run_bsp/\libhal_bsp.a(alt_do_ctors.o)
                0x00005fc0                _do_ctors
 .text          0x00006024       0x64 ../run_bsp/\libhal_bsp.a(alt_do_dtors.o)
                0x00006024                _do_dtors
 .text          0x00006088       0xd0 ../run_bsp/\libhal_bsp.a(alt_flash_dev.o)
                0x00006088                alt_flash_open_dev
                0x00006104                alt_flash_close_dev
 .text          0x00006158      0x1d4 ../run_bsp/\libhal_bsp.a(alt_iic.o)
                0x00006158                alt_ic_isr_register
                0x000061a8                alt_ic_irq_enable
                0x00006244                alt_ic_irq_disable
                0x000062e4                alt_ic_irq_enabled
 .text          0x0000632c       0xf8 ../run_bsp/\libhal_bsp.a(alt_iic_isr_register.o)
                0x0000632c                alt_iic_isr_register
 .text          0x00006424      0x150 ../run_bsp/\libhal_bsp.a(alt_io_redirect.o)
                0x000064fc                alt_io_redirect
 .text          0x00006574        0x0 ../run_bsp/\libhal_bsp.a(alt_irq_entry.o)
 .text          0x00006574        0x0 ../run_bsp/\libhal_bsp.a(alt_irq_handler.o)
 .text          0x00006574        0x0 ../run_bsp/\libhal_bsp.a(alt_irq_vars.o)
 .text          0x00006574      0x2e4 ../run_bsp/\libhal_bsp.a(alt_open.o)
                0x0000666c                open
 .text          0x00006858      0x1a4 ../run_bsp/\libhal_bsp.a(alt_tick.o)
                0x00006858                alt_alarm_stop
                0x000068f0                alt_tick
 .text          0x000069fc       0x20 ../run_bsp/\libhal_bsp.a(altera_nios2_qsys_irq.o)
                0x000069fc                altera_nios2_qsys_irq_init
 .text          0x00006a1c      0x238 ../run_bsp/\libhal_bsp.a(altera_avalon_spi.o)
                0x00006a1c                alt_avalon_spi_command
 .text          0x00006c54        0x0 ../run_bsp/\libhal_bsp.a(alt_exception_entry.o)
 .text          0x00006c54       0x94 ../run_bsp/\libhal_bsp.a(alt_find_dev.o)
                0x00006c54                alt_find_dev
 .text          0x00006ce8      0x120 ../run_bsp/\libhal_bsp.a(alt_find_file.o)
                0x00006ce8                alt_find_file
 .text          0x00006e08       0xd0 ../run_bsp/\libhal_bsp.a(alt_get_fd.o)
                0x00006e08                alt_get_fd
 .text          0x00006ed8       0x14 c:/altera/13.0sp1/nios2eds/bin/gnu/h-i686-mingw32/bin/../lib/gcc/nios2-elf/4.1.2/../../../../nios2-elf/lib/mno-hw-mul\libc.a(lib_a-atexit.o)
                0x00006ed8                atexit
 .text          0x00006eec       0x38 c:/altera/13.0sp1/nios2eds/bin/gnu/h-i686-mingw32/bin/../lib/gcc/nios2-elf/4.1.2/../../../../nios2-elf/lib/mno-hw-mul\libc.a(lib_a-exit.o)
                0x00006eec                exit
 .text          0x00006f24       0x74 c:/altera/13.0sp1/nios2eds/bin/gnu/h-i686-mingw32/bin/../lib/gcc/nios2-elf/4.1.2/../../../../nios2-elf/lib/mno-hw-mul\libc.a(lib_a-memcmp.o)
                0x00006f24                memcmp
 .text          0x00006f98      0x134 c:/altera/13.0sp1/nios2eds/bin/gnu/h-i686-mingw32/bin/../lib/gcc/nios2-elf/4.1.2/../../../../nios2-elf/lib/mno-hw-mul\libc.a(lib_a-__atexit.o)
                0x00006f98                __register_exitproc
 .text          0x000070cc      0x1b4 c:/altera/13.0sp1/nios2eds/bin/gnu/h-i686-mingw32/bin/../lib/gcc/nios2-elf/4.1.2/../../../../nios2-elf/lib/mno-hw-mul\libc.a(lib_a-__call_atexit.o)
                0x000070d0                __call_exitprocs
 .text          0x00007280       0x60 ../run_bsp/\libhal_bsp.a(alt_exit.o)
                0x000072c0                _exit
 *(.gnu.warning.*)
 *(.fini)
                0x000072e0                PROVIDE (__etext, ABSOLUTE (.))
                0x000072e0                PROVIDE (_etext, ABSOLUTE (.))
                0x000072e0                PROVIDE (etext, ABSOLUTE (.))
 *(.eh_frame_hdr)
                0x000072e0                . = ALIGN (0x4)
                0x000072e0                PROVIDE (__preinit_array_start, ABSOLUTE (.))
 *(.preinit_array)
                0x000072e0                PROVIDE (__preinit_array_end, ABSOLUTE (.))
                0x000072e0                PROVIDE (__init_array_start, ABSOLUTE (.))
 *(.init_array)
                0x000072e0                PROVIDE (__init_array_end, ABSOLUTE (.))
                0x000072e0                PROVIDE (__fini_array_start, ABSOLUTE (.))
 *(.fini_array)
                0x000072e0                PROVIDE (__fini_array_end, ABSOLUTE (.))
 *(.eh_frame)
 *(.gcc_except_table)
 *(.dynamic)
                0x000072e0                PROVIDE (__CTOR_LIST__, ABSOLUTE (.))
 *(.ctors)
 *(SORT(.ctors.*))
 .ctors.65535   0x000072e0        0x4 c:/altera/13.0sp1/nios2eds/bin/gnu/h-i686-mingw32/bin/../lib/gcc/nios2-elf/4.1.2/../../../../nios2-elf/lib/mno-hw-mul\libc.a(lib_a-__call_atexit.o)
                0x000072e4                PROVIDE (__CTOR_END__, ABSOLUTE (.))
                0x000072e4                PROVIDE (__DTOR_LIST__, ABSOLUTE (.))
 *(.dtors)
 *(SORT(.dtors.*))
                0x000072e4                PROVIDE (__DTOR_END__, ABSOLUTE (.))
 *(.jcr)
                0x000072e4                . = ALIGN (0x4)

.rodata         0x000072e4       0xdc
                0x000072e4                PROVIDE (__ram_rodata_start, ABSOLUTE (.))
                0x000072e4                . = ALIGN (0x4)
 *(.rodata .rodata.* .gnu.linkonce.r.*)
 .rodata        0x000072e4       0x14 obj/default/hello_world.o
 .rodata.str1.4
                0x000072f8        0x2 c:/altera/13.0sp1/nios2eds/bin/gnu/h-i686-mingw32/bin/../lib/gcc/nios2-elf/4.1.2/../../../../nios2-elf/lib/mno-hw-mul\libc.a(lib_a-puts.o)
                                  0x4 (size before relaxing)
 *fill*         0x000072fa        0x2 00
 .rodata.str1.4
                0x000072fc        0x4 c:/altera/13.0sp1/nios2eds/bin/gnu/h-i686-mingw32/bin/../lib/gcc/nios2-elf/4.1.2/../../../../nios2-elf/lib/mno-hw-mul\libc.a(lib_a-impure.o)
 .rodata        0x00007300        0xc ../run_bsp/\libhal_bsp.a(alt_dev.o)
 .rodata        0x0000730c       0x14 ../run_bsp/\libhal_bsp.a(alt_main.o)
 .rodata        0x00007320       0xa0 ../run_bsp/\libhal_bsp.a(alt_sys_init.o)
 *(.rodata1)
                0x000073c0                . = ALIGN (0x4)
                0x000073c0                PROVIDE (__ram_rodata_end, ABSOLUTE (.))
                0x000072e4                PROVIDE (__flash_rodata_start, LOADADDR (.rodata))

.rwdata         0x000073c0     0x1eec
                0x000073c0                PROVIDE (__ram_rwdata_start, ABSOLUTE (.))
                0x000073c0                . = ALIGN (0x4)
 *(.got.plt)
 *(.got)
 *(.data1)
 *(.data .data.* .gnu.linkonce.d.*)
 .data          0x000073c0        0x0 ../run_bsp//obj/HAL/src/crt0.o
 .data          0x000073c0        0x0 obj/default/hello_world.o
 .data          0x000073c0        0x0 c:/altera/13.0sp1/nios2eds/bin/gnu/h-i686-mingw32/bin/../lib/gcc/nios2-elf/4.1.2/../../../../nios2-elf/lib/mno-hw-mul\libc.a(lib_a-puts.o)
 .data          0x000073c0        0x0 c:/altera/13.0sp1/nios2eds/bin/gnu/h-i686-mingw32/bin/../lib/gcc/nios2-elf/4.1.2/../../../../nios2-elf/lib/mno-hw-mul\libc.a(lib_a-strlen.o)
 .data          0x000073c0        0x0 c:/altera/13.0sp1/nios2eds/bin/gnu/h-i686-mingw32/bin/../lib/gcc/nios2-elf/4.1.2/../../../../nios2-elf/lib/mno-hw-mul\libc.a(lib_a-fvwrite.o)
 .data          0x000073c0      0x400 c:/altera/13.0sp1/nios2eds/bin/gnu/h-i686-mingw32/bin/../lib/gcc/nios2-elf/4.1.2/../../../../nios2-elf/lib/mno-hw-mul\libc.a(lib_a-impure.o)
 .data          0x000077c0      0x408 c:/altera/13.0sp1/nios2eds/bin/gnu/h-i686-mingw32/bin/../lib/gcc/nios2-elf/4.1.2/../../../../nios2-elf/lib/mno-hw-mul\libc.a(lib_a-mallocr.o)
                0x000077c0                __malloc_av_
 .data          0x00007bc8        0x0 c:/altera/13.0sp1/nios2eds/bin/gnu/h-i686-mingw32/bin/../lib/gcc/nios2-elf/4.1.2/../../../../nios2-elf/lib/mno-hw-mul\libc.a(lib_a-memchr.o)
 .data          0x00007bc8        0x0 c:/altera/13.0sp1/nios2eds/bin/gnu/h-i686-mingw32/bin/../lib/gcc/nios2-elf/4.1.2/../../../../nios2-elf/lib/mno-hw-mul\libc.a(lib_a-memcpy.o)
 .data          0x00007bc8        0x0 c:/altera/13.0sp1/nios2eds/bin/gnu/h-i686-mingw32/bin/../lib/gcc/nios2-elf/4.1.2/../../../../nios2-elf/lib/mno-hw-mul\libc.a(lib_a-memmove.o)
 .data          0x00007bc8        0x0 c:/altera/13.0sp1/nios2eds/bin/gnu/h-i686-mingw32/bin/../lib/gcc/nios2-elf/4.1.2/../../../../nios2-elf/lib/mno-hw-mul\libc.a(lib_a-reallocr.o)
 .data          0x00007bc8        0x0 c:/altera/13.0sp1/nios2eds/bin/gnu/h-i686-mingw32/bin/../lib/gcc/nios2-elf/4.1.2/../../../../nios2-elf/lib/mno-hw-mul\libc.a(lib_a-sbrkr.o)
 .data          0x00007bc8        0x0 c:/altera/13.0sp1/nios2eds/bin/gnu/h-i686-mingw32/bin/../lib/gcc/nios2-elf/4.1.2/../../../../nios2-elf/lib/mno-hw-mul\libc.a(lib_a-wsetup.o)
 .data          0x00007bc8        0x0 c:/altera/13.0sp1/nios2eds/bin/gnu/h-i686-mingw32/bin/../lib/gcc/nios2-elf/4.1.2/../../../../nios2-elf/lib/mno-hw-mul\libc.a(lib_a-fflush.o)
 .data          0x00007bc8        0x0 c:/altera/13.0sp1/nios2eds/bin/gnu/h-i686-mingw32/bin/../lib/gcc/nios2-elf/4.1.2/../../../../nios2-elf/lib/mno-hw-mul\libc.a(lib_a-findfp.o)
 .data          0x00007bc8        0x0 c:/altera/13.0sp1/nios2eds/bin/gnu/h-i686-mingw32/bin/../lib/gcc/nios2-elf/4.1.2/../../../../nios2-elf/lib/mno-hw-mul\libc.a(lib_a-freer.o)
 .data          0x00007bc8        0x0 c:/altera/13.0sp1/nios2eds/bin/gnu/h-i686-mingw32/bin/../lib/gcc/nios2-elf/4.1.2/../../../../nios2-elf/lib/mno-hw-mul\libc.a(lib_a-fwalk.o)
 .data          0x00007bc8        0x0 c:/altera/13.0sp1/nios2eds/bin/gnu/h-i686-mingw32/bin/../lib/gcc/nios2-elf/4.1.2/../../../../nios2-elf/lib/mno-hw-mul\libc.a(lib_a-int_errno.o)
 .data          0x00007bc8        0x0 c:/altera/13.0sp1/nios2eds/bin/gnu/h-i686-mingw32/bin/../lib/gcc/nios2-elf/4.1.2/../../../../nios2-elf/lib/mno-hw-mul\libc.a(lib_a-makebuf.o)
 .data          0x00007bc8        0x0 c:/altera/13.0sp1/nios2eds/bin/gnu/h-i686-mingw32/bin/../lib/gcc/nios2-elf/4.1.2/../../../../nios2-elf/lib/mno-hw-mul\libc.a(lib_a-memset.o)
 .data          0x00007bc8        0x0 c:/altera/13.0sp1/nios2eds/bin/gnu/h-i686-mingw32/bin/../lib/gcc/nios2-elf/4.1.2/../../../../nios2-elf/lib/mno-hw-mul\libc.a(lib_a-stdio.o)
 .data          0x00007bc8        0x0 c:/altera/13.0sp1/nios2eds/bin/gnu/h-i686-mingw32/bin/../lib/gcc/nios2-elf/4.1.2/../../../../nios2-elf/lib/mno-hw-mul\libc.a(lib_a-writer.o)
 .data          0x00007bc8        0x0 c:/altera/13.0sp1/nios2eds/bin/gnu/h-i686-mingw32/bin/../lib/gcc/nios2-elf/4.1.2/../../../../nios2-elf/lib/mno-hw-mul\libc.a(lib_a-closer.o)
 .data          0x00007bc8        0x0 c:/altera/13.0sp1/nios2eds/bin/gnu/h-i686-mingw32/bin/../lib/gcc/nios2-elf/4.1.2/../../../../nios2-elf/lib/mno-hw-mul\libc.a(lib_a-fclose.o)
 .data          0x00007bc8        0x0 c:/altera/13.0sp1/nios2eds/bin/gnu/h-i686-mingw32/bin/../lib/gcc/nios2-elf/4.1.2/../../../../nios2-elf/lib/mno-hw-mul\libc.a(lib_a-fstatr.o)
 .data          0x00007bc8        0x0 c:/altera/13.0sp1/nios2eds/bin/gnu/h-i686-mingw32/bin/../lib/gcc/nios2-elf/4.1.2/../../../../nios2-elf/lib/mno-hw-mul\libc.a(lib_a-isattyr.o)
 .data          0x00007bc8        0x0 c:/altera/13.0sp1/nios2eds/bin/gnu/h-i686-mingw32/bin/../lib/gcc/nios2-elf/4.1.2/../../../../nios2-elf/lib/mno-hw-mul\libc.a(lib_a-lseekr.o)
 .data          0x00007bc8        0x0 c:/altera/13.0sp1/nios2eds/bin/gnu/h-i686-mingw32/bin/../lib/gcc/nios2-elf/4.1.2/../../../../nios2-elf/lib/mno-hw-mul\libc.a(lib_a-readr.o)
 .data          0x00007bc8        0x0 c:/altera/13.0sp1/nios2eds/bin/gnu/h-i686-mingw32/bin/../lib/gcc/nios2-elf/4.1.2/mno-hw-mul\libgcc.a(lib2-mul.o)
 .data          0x00007bc8        0x0 ../run_bsp/\libhal_bsp.a(alt_close.o)
 .data          0x00007bc8      0x1a8 ../run_bsp/\libhal_bsp.a(alt_dev.o)
                0x00007bc8                alt_dev_null
                0x00007bf0                alt_fd_list
 .data          0x00007d70        0x0 ../run_bsp/\libhal_bsp.a(alt_errno.o)
 .data          0x00007d70        0x0 ../run_bsp/\libhal_bsp.a(alt_fstat.o)
 .data          0x00007d70        0x0 ../run_bsp/\libhal_bsp.a(alt_isatty.o)
 .data          0x00007d70        0x0 ../run_bsp/\libhal_bsp.a(alt_lseek.o)
 .data          0x00007d70        0x0 ../run_bsp/\libhal_bsp.a(alt_main.o)
 .data          0x00007d70        0x0 ../run_bsp/\libhal_bsp.a(alt_malloc_lock.o)
 .data          0x00007d70        0x0 ../run_bsp/\libhal_bsp.a(alt_read.o)
 .data          0x00007d70        0x0 ../run_bsp/\libhal_bsp.a(alt_release_fd.o)
 .data          0x00007d70        0x0 ../run_bsp/\libhal_bsp.a(alt_sbrk.o)
 .data          0x00007d70        0x0 ../run_bsp/\libhal_bsp.a(alt_write.o)
 .data          0x00007d70     0x14fc ../run_bsp/\libhal_bsp.a(alt_sys_init.o)
 .data          0x0000926c        0x0 ../run_bsp/\libhal_bsp.a(altera_avalon_epcs_flash_controller.o)
 .data          0x0000926c        0x0 ../run_bsp/\libhal_bsp.a(altera_avalon_jtag_uart_fd.o)
 .data          0x0000926c        0x0 ../run_bsp/\libhal_bsp.a(altera_avalon_jtag_uart_init.o)
 .data          0x0000926c        0x0 ../run_bsp/\libhal_bsp.a(altera_avalon_jtag_uart_ioctl.o)
 .data          0x0000926c        0x0 ../run_bsp/\libhal_bsp.a(altera_avalon_jtag_uart_read.o)
 .data          0x0000926c        0x0 ../run_bsp/\libhal_bsp.a(altera_avalon_jtag_uart_write.o)
 .data          0x0000926c        0x0 ../run_bsp/\libhal_bsp.a(altera_avalon_timer_sc.o)
 .data          0x0000926c        0x0 ../run_bsp/\libhal_bsp.a(altera_avalon_uart_fd.o)
 .data          0x0000926c        0x0 ../run_bsp/\libhal_bsp.a(altera_avalon_uart_init.o)
 .data          0x0000926c        0x0 ../run_bsp/\libhal_bsp.a(altera_avalon_uart_read.o)
 .data          0x0000926c        0x0 ../run_bsp/\libhal_bsp.a(altera_avalon_uart_write.o)
 .data          0x0000926c        0x0 ../run_bsp/\libhal_bsp.a(epcs_commands.o)
 .data          0x0000926c        0x0 ../run_bsp/\libhal_bsp.a(alt_alarm_start.o)
 .data          0x0000926c        0x0 ../run_bsp/\libhal_bsp.a(alt_dev_llist_insert.o)
 .data          0x0000926c        0x0 ../run_bsp/\libhal_bsp.a(alt_do_ctors.o)
 .data          0x0000926c        0x0 ../run_bsp/\libhal_bsp.a(alt_do_dtors.o)
 .data          0x0000926c        0x0 ../run_bsp/\libhal_bsp.a(alt_flash_dev.o)
 .data          0x0000926c        0x0 ../run_bsp/\libhal_bsp.a(alt_iic.o)
 .data          0x0000926c        0x0 ../run_bsp/\libhal_bsp.a(alt_iic_isr_register.o)
 .data          0x0000926c        0x0 ../run_bsp/\libhal_bsp.a(alt_io_redirect.o)
 .data          0x0000926c        0x0 ../run_bsp/\libhal_bsp.a(alt_irq_entry.o)
 .data          0x0000926c        0x0 ../run_bsp/\libhal_bsp.a(alt_irq_handler.o)
 .data          0x0000926c        0x0 ../run_bsp/\libhal_bsp.a(alt_irq_vars.o)
 .data          0x0000926c        0x0 ../run_bsp/\libhal_bsp.a(alt_open.o)
 .data          0x0000926c        0x0 ../run_bsp/\libhal_bsp.a(alt_tick.o)
 .data          0x0000926c        0x0 ../run_bsp/\libhal_bsp.a(altera_nios2_qsys_irq.o)
 .data          0x0000926c        0x0 ../run_bsp/\libhal_bsp.a(altera_avalon_spi.o)
 .data          0x0000926c        0x0 ../run_bsp/\libhal_bsp.a(alt_exception_entry.o)
 .data          0x0000926c        0x0 ../run_bsp/\libhal_bsp.a(alt_find_dev.o)
 .data          0x0000926c        0x0 ../run_bsp/\libhal_bsp.a(alt_find_file.o)
 .data          0x0000926c        0x0 ../run_bsp/\libhal_bsp.a(alt_get_fd.o)
 .data          0x0000926c        0x0 c:/altera/13.0sp1/nios2eds/bin/gnu/h-i686-mingw32/bin/../lib/gcc/nios2-elf/4.1.2/../../../../nios2-elf/lib/mno-hw-mul\libc.a(lib_a-atexit.o)
 .data          0x0000926c        0x0 c:/altera/13.0sp1/nios2eds/bin/gnu/h-i686-mingw32/bin/../lib/gcc/nios2-elf/4.1.2/../../../../nios2-elf/lib/mno-hw-mul\libc.a(lib_a-exit.o)
 .data          0x0000926c        0x0 c:/altera/13.0sp1/nios2eds/bin/gnu/h-i686-mingw32/bin/../lib/gcc/nios2-elf/4.1.2/../../../../nios2-elf/lib/mno-hw-mul\libc.a(lib_a-memcmp.o)
 .data          0x0000926c        0x0 c:/altera/13.0sp1/nios2eds/bin/gnu/h-i686-mingw32/bin/../lib/gcc/nios2-elf/4.1.2/../../../../nios2-elf/lib/mno-hw-mul\libc.a(lib_a-__atexit.o)
 .data          0x0000926c        0x0 c:/altera/13.0sp1/nios2eds/bin/gnu/h-i686-mingw32/bin/../lib/gcc/nios2-elf/4.1.2/../../../../nios2-elf/lib/mno-hw-mul\libc.a(lib_a-__call_atexit.o)
 .data          0x0000926c        0x0 ../run_bsp/\libhal_bsp.a(alt_exit.o)
                0x0001126c                _gp = ABSOLUTE ((. + 0x8000))
                0x0001126c                PROVIDE (gp, _gp)
 *(.rwdata .rwdata.*)
 *(.sdata .sdata.* .gnu.linkonce.s.*)
 .sdata         0x0000926c        0x8 c:/altera/13.0sp1/nios2eds/bin/gnu/h-i686-mingw32/bin/../lib/gcc/nios2-elf/4.1.2/../../../../nios2-elf/lib/mno-hw-mul\libc.a(lib_a-impure.o)
                0x0000926c                _impure_ptr
                0x00009270                _global_impure_ptr
 .sdata         0x00009274        0x8 c:/altera/13.0sp1/nios2eds/bin/gnu/h-i686-mingw32/bin/../lib/gcc/nios2-elf/4.1.2/../../../../nios2-elf/lib/mno-hw-mul\libc.a(lib_a-mallocr.o)
                0x00009274                __malloc_trim_threshold
                0x00009278                __malloc_sbrk_base
 .sdata         0x0000927c       0x14 ../run_bsp/\libhal_bsp.a(alt_dev.o)
                0x0000927c                alt_fs_list
                0x00009284                alt_dev_list
                0x0000928c                alt_max_fd
 .sdata         0x00009290        0x4 ../run_bsp/\libhal_bsp.a(alt_errno.o)
                0x00009290                alt_errno
 .sdata         0x00009294        0x4 ../run_bsp/\libhal_bsp.a(alt_sbrk.o)
 .sdata         0x00009298        0x8 ../run_bsp/\libhal_bsp.a(alt_flash_dev.o)
                0x00009298                alt_flash_dev_list
 .sdata         0x000092a0        0x4 ../run_bsp/\libhal_bsp.a(alt_irq_vars.o)
                0x000092a0                alt_priority_mask
 .sdata         0x000092a4        0x8 ../run_bsp/\libhal_bsp.a(alt_tick.o)
                0x000092a4                alt_alarm_list
 *(.sdata2 .sdata2.* .gnu.linkonce.s2.*)
                0x000092ac                . = ALIGN (0x4)
                0x000092ac                _edata = ABSOLUTE (.)
                0x000092ac                PROVIDE (edata, ABSOLUTE (.))
                0x000092ac                PROVIDE (__ram_rwdata_end, ABSOLUTE (.))
                0x000073c0                PROVIDE (__flash_rwdata_start, LOADADDR (.rwdata))

.bss            0x000092ac      0x2e0
                0x000092ac                __bss_start = ABSOLUTE (.)
                0x000092ac                PROVIDE (__sbss_start, ABSOLUTE (.))
                0x000092ac                PROVIDE (___sbss_start, ABSOLUTE (.))
 *(.dynsbss)
 *(.sbss .sbss.* .gnu.linkonce.sb.*)
 .sbss          0x000092ac        0xc c:/altera/13.0sp1/nios2eds/bin/gnu/h-i686-mingw32/bin/../lib/gcc/nios2-elf/4.1.2/../../../../nios2-elf/lib/mno-hw-mul\libc.a(lib_a-mallocr.o)
                0x000092ac                __malloc_top_pad
                0x000092b0                __malloc_max_sbrked_mem
                0x000092b4                __malloc_max_total_mem
 .sbss          0x000092b8        0x4 c:/altera/13.0sp1/nios2eds/bin/gnu/h-i686-mingw32/bin/../lib/gcc/nios2-elf/4.1.2/../../../../nios2-elf/lib/mno-hw-mul\libc.a(lib_a-int_errno.o)
                0x000092b8                errno
 .sbss          0x000092bc        0xc ../run_bsp/\libhal_bsp.a(alt_main.o)
                0x000092bc                alt_argc
                0x000092c0                alt_argv
                0x000092c4                alt_envp
 .sbss          0x000092c8        0x4 ../run_bsp/\libhal_bsp.a(alt_irq_vars.o)
                0x000092c8                alt_irq_active
 .sbss          0x000092cc        0x8 ../run_bsp/\libhal_bsp.a(alt_tick.o)
                0x000092cc                _alt_tick_rate
                0x000092d0                _alt_nticks
 *(.sbss2 .sbss2.* .gnu.linkonce.sb2.*)
 *(.scommon)
                0x000092d4                PROVIDE (__sbss_end, ABSOLUTE (.))
                0x000092d4                PROVIDE (___sbss_end, ABSOLUTE (.))
 *(.dynbss)
 *(.bss .bss.* .gnu.linkonce.b.*)
 .bss           0x000092d4        0x0 ../run_bsp//obj/HAL/src/crt0.o
 .bss           0x000092d4        0x0 obj/default/hello_world.o
 .bss           0x000092d4        0x0 c:/altera/13.0sp1/nios2eds/bin/gnu/h-i686-mingw32/bin/../lib/gcc/nios2-elf/4.1.2/../../../../nios2-elf/lib/mno-hw-mul\libc.a(lib_a-puts.o)
 .bss           0x000092d4        0x0 c:/altera/13.0sp1/nios2eds/bin/gnu/h-i686-mingw32/bin/../lib/gcc/nios2-elf/4.1.2/../../../../nios2-elf/lib/mno-hw-mul\libc.a(lib_a-strlen.o)
 .bss           0x000092d4        0x0 c:/altera/13.0sp1/nios2eds/bin/gnu/h-i686-mingw32/bin/../lib/gcc/nios2-elf/4.1.2/../../../../nios2-elf/lib/mno-hw-mul\libc.a(lib_a-fvwrite.o)
 .bss           0x000092d4        0x0 c:/altera/13.0sp1/nios2eds/bin/gnu/h-i686-mingw32/bin/../lib/gcc/nios2-elf/4.1.2/../../../../nios2-elf/lib/mno-hw-mul\libc.a(lib_a-impure.o)
 .bss           0x000092d4       0x28 c:/altera/13.0sp1/nios2eds/bin/gnu/h-i686-mingw32/bin/../lib/gcc/nios2-elf/4.1.2/../../../../nios2-elf/lib/mno-hw-mul\libc.a(lib_a-mallocr.o)
                0x000092d4                __malloc_current_mallinfo
 .bss           0x000092fc        0x0 c:/altera/13.0sp1/nios2eds/bin/gnu/h-i686-mingw32/bin/../lib/gcc/nios2-elf/4.1.2/../../../../nios2-elf/lib/mno-hw-mul\libc.a(lib_a-memchr.o)
 .bss           0x000092fc        0x0 c:/altera/13.0sp1/nios2eds/bin/gnu/h-i686-mingw32/bin/../lib/gcc/nios2-elf/4.1.2/../../../../nios2-elf/lib/mno-hw-mul\libc.a(lib_a-memcpy.o)
 .bss           0x000092fc        0x0 c:/altera/13.0sp1/nios2eds/bin/gnu/h-i686-mingw32/bin/../lib/gcc/nios2-elf/4.1.2/../../../../nios2-elf/lib/mno-hw-mul\libc.a(lib_a-memmove.o)
 .bss           0x000092fc        0x0 c:/altera/13.0sp1/nios2eds/bin/gnu/h-i686-mingw32/bin/../lib/gcc/nios2-elf/4.1.2/../../../../nios2-elf/lib/mno-hw-mul\libc.a(lib_a-reallocr.o)
 .bss           0x000092fc        0x0 c:/altera/13.0sp1/nios2eds/bin/gnu/h-i686-mingw32/bin/../lib/gcc/nios2-elf/4.1.2/../../../../nios2-elf/lib/mno-hw-mul\libc.a(lib_a-sbrkr.o)
 .bss           0x000092fc        0x0 c:/altera/13.0sp1/nios2eds/bin/gnu/h-i686-mingw32/bin/../lib/gcc/nios2-elf/4.1.2/../../../../nios2-elf/lib/mno-hw-mul\libc.a(lib_a-wsetup.o)
 .bss           0x000092fc        0x0 c:/altera/13.0sp1/nios2eds/bin/gnu/h-i686-mingw32/bin/../lib/gcc/nios2-elf/4.1.2/../../../../nios2-elf/lib/mno-hw-mul\libc.a(lib_a-fflush.o)
 .bss           0x000092fc        0x0 c:/altera/13.0sp1/nios2eds/bin/gnu/h-i686-mingw32/bin/../lib/gcc/nios2-elf/4.1.2/../../../../nios2-elf/lib/mno-hw-mul\libc.a(lib_a-findfp.o)
 .bss           0x000092fc        0x0 c:/altera/13.0sp1/nios2eds/bin/gnu/h-i686-mingw32/bin/../lib/gcc/nios2-elf/4.1.2/../../../../nios2-elf/lib/mno-hw-mul\libc.a(lib_a-freer.o)
 .bss           0x000092fc        0x0 c:/altera/13.0sp1/nios2eds/bin/gnu/h-i686-mingw32/bin/../lib/gcc/nios2-elf/4.1.2/../../../../nios2-elf/lib/mno-hw-mul\libc.a(lib_a-fwalk.o)
 .bss           0x000092fc        0x0 c:/altera/13.0sp1/nios2eds/bin/gnu/h-i686-mingw32/bin/../lib/gcc/nios2-elf/4.1.2/../../../../nios2-elf/lib/mno-hw-mul\libc.a(lib_a-int_errno.o)
 .bss           0x000092fc        0x0 c:/altera/13.0sp1/nios2eds/bin/gnu/h-i686-mingw32/bin/../lib/gcc/nios2-elf/4.1.2/../../../../nios2-elf/lib/mno-hw-mul\libc.a(lib_a-makebuf.o)
 .bss           0x000092fc        0x0 c:/altera/13.0sp1/nios2eds/bin/gnu/h-i686-mingw32/bin/../lib/gcc/nios2-elf/4.1.2/../../../../nios2-elf/lib/mno-hw-mul\libc.a(lib_a-memset.o)
 .bss           0x000092fc        0x0 c:/altera/13.0sp1/nios2eds/bin/gnu/h-i686-mingw32/bin/../lib/gcc/nios2-elf/4.1.2/../../../../nios2-elf/lib/mno-hw-mul\libc.a(lib_a-stdio.o)
 .bss           0x000092fc        0x0 c:/altera/13.0sp1/nios2eds/bin/gnu/h-i686-mingw32/bin/../lib/gcc/nios2-elf/4.1.2/../../../../nios2-elf/lib/mno-hw-mul\libc.a(lib_a-writer.o)
 .bss           0x000092fc        0x0 c:/altera/13.0sp1/nios2eds/bin/gnu/h-i686-mingw32/bin/../lib/gcc/nios2-elf/4.1.2/../../../../nios2-elf/lib/mno-hw-mul\libc.a(lib_a-closer.o)
 .bss           0x000092fc        0x0 c:/altera/13.0sp1/nios2eds/bin/gnu/h-i686-mingw32/bin/../lib/gcc/nios2-elf/4.1.2/../../../../nios2-elf/lib/mno-hw-mul\libc.a(lib_a-fclose.o)
 .bss           0x000092fc        0x0 c:/altera/13.0sp1/nios2eds/bin/gnu/h-i686-mingw32/bin/../lib/gcc/nios2-elf/4.1.2/../../../../nios2-elf/lib/mno-hw-mul\libc.a(lib_a-fstatr.o)
 .bss           0x000092fc        0x0 c:/altera/13.0sp1/nios2eds/bin/gnu/h-i686-mingw32/bin/../lib/gcc/nios2-elf/4.1.2/../../../../nios2-elf/lib/mno-hw-mul\libc.a(lib_a-isattyr.o)
 .bss           0x000092fc        0x0 c:/altera/13.0sp1/nios2eds/bin/gnu/h-i686-mingw32/bin/../lib/gcc/nios2-elf/4.1.2/../../../../nios2-elf/lib/mno-hw-mul\libc.a(lib_a-lseekr.o)
 .bss           0x000092fc        0x0 c:/altera/13.0sp1/nios2eds/bin/gnu/h-i686-mingw32/bin/../lib/gcc/nios2-elf/4.1.2/../../../../nios2-elf/lib/mno-hw-mul\libc.a(lib_a-readr.o)
 .bss           0x000092fc        0x0 c:/altera/13.0sp1/nios2eds/bin/gnu/h-i686-mingw32/bin/../lib/gcc/nios2-elf/4.1.2/mno-hw-mul\libgcc.a(lib2-mul.o)
 .bss           0x000092fc        0x0 ../run_bsp/\libhal_bsp.a(alt_close.o)
 .bss           0x000092fc        0x0 ../run_bsp/\libhal_bsp.a(alt_dev.o)
 .bss           0x000092fc        0x0 ../run_bsp/\libhal_bsp.a(alt_errno.o)
 .bss           0x000092fc        0x0 ../run_bsp/\libhal_bsp.a(alt_fstat.o)
 .bss           0x000092fc        0x0 ../run_bsp/\libhal_bsp.a(alt_isatty.o)
 .bss           0x000092fc        0x0 ../run_bsp/\libhal_bsp.a(alt_lseek.o)
 .bss           0x000092fc        0x0 ../run_bsp/\libhal_bsp.a(alt_main.o)
 .bss           0x000092fc        0x0 ../run_bsp/\libhal_bsp.a(alt_malloc_lock.o)
 .bss           0x000092fc        0x0 ../run_bsp/\libhal_bsp.a(alt_read.o)
 .bss           0x000092fc        0x0 ../run_bsp/\libhal_bsp.a(alt_release_fd.o)
 .bss           0x000092fc        0x0 ../run_bsp/\libhal_bsp.a(alt_sbrk.o)
 .bss           0x000092fc        0x0 ../run_bsp/\libhal_bsp.a(alt_write.o)
 .bss           0x000092fc        0x0 ../run_bsp/\libhal_bsp.a(alt_sys_init.o)
 .bss           0x000092fc        0x0 ../run_bsp/\libhal_bsp.a(altera_avalon_epcs_flash_controller.o)
 .bss           0x000092fc        0x0 ../run_bsp/\libhal_bsp.a(altera_avalon_jtag_uart_fd.o)
 .bss           0x000092fc        0x0 ../run_bsp/\libhal_bsp.a(altera_avalon_jtag_uart_init.o)
 .bss           0x000092fc        0x0 ../run_bsp/\libhal_bsp.a(altera_avalon_jtag_uart_ioctl.o)
 .bss           0x000092fc        0x0 ../run_bsp/\libhal_bsp.a(altera_avalon_jtag_uart_read.o)
 .bss           0x000092fc        0x0 ../run_bsp/\libhal_bsp.a(altera_avalon_jtag_uart_write.o)
 .bss           0x000092fc        0x0 ../run_bsp/\libhal_bsp.a(altera_avalon_timer_sc.o)
 .bss           0x000092fc        0x0 ../run_bsp/\libhal_bsp.a(altera_avalon_uart_fd.o)
 .bss           0x000092fc        0x0 ../run_bsp/\libhal_bsp.a(altera_avalon_uart_init.o)
 .bss           0x000092fc        0x0 ../run_bsp/\libhal_bsp.a(altera_avalon_uart_read.o)
 .bss           0x000092fc        0x0 ../run_bsp/\libhal_bsp.a(altera_avalon_uart_write.o)
 .bss           0x000092fc        0x0 ../run_bsp/\libhal_bsp.a(epcs_commands.o)
 .bss           0x000092fc        0x0 ../run_bsp/\libhal_bsp.a(alt_alarm_start.o)
 .bss           0x000092fc        0x0 ../run_bsp/\libhal_bsp.a(alt_dev_llist_insert.o)
 .bss           0x000092fc        0x0 ../run_bsp/\libhal_bsp.a(alt_do_ctors.o)
 .bss           0x000092fc        0x0 ../run_bsp/\libhal_bsp.a(alt_do_dtors.o)
 .bss           0x000092fc        0x0 ../run_bsp/\libhal_bsp.a(alt_flash_dev.o)
 .bss           0x000092fc        0x0 ../run_bsp/\libhal_bsp.a(alt_iic.o)
 .bss           0x000092fc        0x0 ../run_bsp/\libhal_bsp.a(alt_iic_isr_register.o)
 .bss           0x000092fc        0x0 ../run_bsp/\libhal_bsp.a(alt_io_redirect.o)
 .bss           0x000092fc        0x0 ../run_bsp/\libhal_bsp.a(alt_irq_entry.o)
 .bss           0x000092fc        0x0 ../run_bsp/\libhal_bsp.a(alt_irq_handler.o)
 .bss           0x000092fc        0x0 ../run_bsp/\libhal_bsp.a(alt_irq_vars.o)
 .bss           0x000092fc        0x0 ../run_bsp/\libhal_bsp.a(alt_open.o)
 .bss           0x000092fc        0x0 ../run_bsp/\libhal_bsp.a(alt_tick.o)
 .bss           0x000092fc        0x0 ../run_bsp/\libhal_bsp.a(altera_nios2_qsys_irq.o)
 .bss           0x000092fc        0x0 ../run_bsp/\libhal_bsp.a(altera_avalon_spi.o)
 .bss           0x000092fc        0x0 ../run_bsp/\libhal_bsp.a(alt_exception_entry.o)
 .bss           0x000092fc        0x0 ../run_bsp/\libhal_bsp.a(alt_find_dev.o)
 .bss           0x000092fc        0x0 ../run_bsp/\libhal_bsp.a(alt_find_file.o)
 .bss           0x000092fc        0x0 ../run_bsp/\libhal_bsp.a(alt_get_fd.o)
 .bss           0x000092fc        0x0 c:/altera/13.0sp1/nios2eds/bin/gnu/h-i686-mingw32/bin/../lib/gcc/nios2-elf/4.1.2/../../../../nios2-elf/lib/mno-hw-mul\libc.a(lib_a-atexit.o)
 .bss           0x000092fc        0x0 c:/altera/13.0sp1/nios2eds/bin/gnu/h-i686-mingw32/bin/../lib/gcc/nios2-elf/4.1.2/../../../../nios2-elf/lib/mno-hw-mul\libc.a(lib_a-exit.o)
 .bss           0x000092fc        0x0 c:/altera/13.0sp1/nios2eds/bin/gnu/h-i686-mingw32/bin/../lib/gcc/nios2-elf/4.1.2/../../../../nios2-elf/lib/mno-hw-mul\libc.a(lib_a-memcmp.o)
 .bss           0x000092fc        0x0 c:/altera/13.0sp1/nios2eds/bin/gnu/h-i686-mingw32/bin/../lib/gcc/nios2-elf/4.1.2/../../../../nios2-elf/lib/mno-hw-mul\libc.a(lib_a-__atexit.o)
 .bss           0x000092fc        0x0 c:/altera/13.0sp1/nios2eds/bin/gnu/h-i686-mingw32/bin/../lib/gcc/nios2-elf/4.1.2/../../../../nios2-elf/lib/mno-hw-mul\libc.a(lib_a-__call_atexit.o)
 .bss           0x000092fc        0x0 ../run_bsp/\libhal_bsp.a(alt_exit.o)
 *(COMMON)
 COMMON         0x000092fc      0x100 ../run_bsp/\libhal_bsp.a(alt_irq_handler.o)
                0x000092fc                alt_irq
 COMMON         0x000093fc      0x190 c:/altera/13.0sp1/nios2eds/bin/gnu/h-i686-mingw32/bin/../lib/gcc/nios2-elf/4.1.2/../../../../nios2-elf/lib/mno-hw-mul\libc.a(lib_a-atexit.o)
                0x000093fc                _atexit0
                0x0000958c                . = ALIGN (0x4)
                0x0000958c                __bss_end = ABSOLUTE (.)

.sdram          0x0000958c        0x0
                0x0000958c                PROVIDE (_alt_partition_sdram_start, ABSOLUTE (.))
 *(.sdram. sdram.*)
                0x0000958c                . = ALIGN (0x4)
                0x0000958c                PROVIDE (_alt_partition_sdram_end, ABSOLUTE (.))
                0x0000958c                _end = ABSOLUTE (.)
                0x0000958c                end = ABSOLUTE (.)
                0x0000958c                __alt_stack_base = ABSOLUTE (.)
                0x0000958c                PROVIDE (_alt_partition_sdram_load_addr, LOADADDR (.sdram))

.onchip_memory2_0
                0x02004000        0x0
                0x02004000                PROVIDE (_alt_partition_onchip_memory2_0_start, ABSOLUTE (.))
 *(.onchip_memory2_0. onchip_memory2_0.*)
                0x02004000                . = ALIGN (0x4)
                0x02004000                PROVIDE (_alt_partition_onchip_memory2_0_end, ABSOLUTE (.))
                0x02004000                PROVIDE (_alt_partition_onchip_memory2_0_load_addr, LOADADDR (.onchip_memory2_0))

.epcs_flash_controller_0
                0x02009020        0x0
                0x02009020                PROVIDE (_alt_partition_epcs_flash_controller_0_start, ABSOLUTE (.))
 *(.epcs_flash_controller_0. epcs_flash_controller_0.*)
                0x02009020                . = ALIGN (0x4)
                0x02009020                PROVIDE (_alt_partition_epcs_flash_controller_0_end, ABSOLUTE (.))
                0x02009020                PROVIDE (_alt_partition_epcs_flash_controller_0_load_addr, LOADADDR (.epcs_flash_controller_0))

.stab
 *(.stab)

.stabstr
 *(.stabstr)

.stab.excl
 *(.stab.excl)

.stab.exclstr
 *(.stab.exclstr)

.stab.index
 *(.stab.index)

.stab.indexstr
 *(.stab.indexstr)

.comment        0x00000000       0x26
 *(.comment)
 .comment       0x00000000       0x26 obj/default/hello_world.o
                                 0x27 (size before relaxing)
 .comment       0x00000000       0x27 c:/altera/13.0sp1/nios2eds/bin/gnu/h-i686-mingw32/bin/../lib/gcc/nios2-elf/4.1.2/../../../../nios2-elf/lib/mno-hw-mul\libc.a(lib_a-puts.o)
 .comment       0x00000000       0x27 c:/altera/13.0sp1/nios2eds/bin/gnu/h-i686-mingw32/bin/../lib/gcc/nios2-elf/4.1.2/../../../../nios2-elf/lib/mno-hw-mul\libc.a(lib_a-strlen.o)
 .comment       0x00000000       0x27 c:/altera/13.0sp1/nios2eds/bin/gnu/h-i686-mingw32/bin/../lib/gcc/nios2-elf/4.1.2/../../../../nios2-elf/lib/mno-hw-mul\libc.a(lib_a-fvwrite.o)
 .comment       0x00000000       0x27 c:/altera/13.0sp1/nios2eds/bin/gnu/h-i686-mingw32/bin/../lib/gcc/nios2-elf/4.1.2/../../../../nios2-elf/lib/mno-hw-mul\libc.a(lib_a-impure.o)
 .comment       0x00000000       0x27 c:/altera/13.0sp1/nios2eds/bin/gnu/h-i686-mingw32/bin/../lib/gcc/nios2-elf/4.1.2/../../../../nios2-elf/lib/mno-hw-mul\libc.a(lib_a-mallocr.o)
 .comment       0x00000000       0x27 c:/altera/13.0sp1/nios2eds/bin/gnu/h-i686-mingw32/bin/../lib/gcc/nios2-elf/4.1.2/../../../../nios2-elf/lib/mno-hw-mul\libc.a(lib_a-memchr.o)
 .comment       0x00000000       0x27 c:/altera/13.0sp1/nios2eds/bin/gnu/h-i686-mingw32/bin/../lib/gcc/nios2-elf/4.1.2/../../../../nios2-elf/lib/mno-hw-mul\libc.a(lib_a-memcpy.o)
 .comment       0x00000000       0x27 c:/altera/13.0sp1/nios2eds/bin/gnu/h-i686-mingw32/bin/../lib/gcc/nios2-elf/4.1.2/../../../../nios2-elf/lib/mno-hw-mul\libc.a(lib_a-memmove.o)
 .comment       0x00000000       0x27 c:/altera/13.0sp1/nios2eds/bin/gnu/h-i686-mingw32/bin/../lib/gcc/nios2-elf/4.1.2/../../../../nios2-elf/lib/mno-hw-mul\libc.a(lib_a-reallocr.o)
 .comment       0x00000000       0x27 c:/altera/13.0sp1/nios2eds/bin/gnu/h-i686-mingw32/bin/../lib/gcc/nios2-elf/4.1.2/../../../../nios2-elf/lib/mno-hw-mul\libc.a(lib_a-sbrkr.o)
 .comment       0x00000000       0x27 c:/altera/13.0sp1/nios2eds/bin/gnu/h-i686-mingw32/bin/../lib/gcc/nios2-elf/4.1.2/../../../../nios2-elf/lib/mno-hw-mul\libc.a(lib_a-wsetup.o)
 .comment       0x00000000       0x27 c:/altera/13.0sp1/nios2eds/bin/gnu/h-i686-mingw32/bin/../lib/gcc/nios2-elf/4.1.2/../../../../nios2-elf/lib/mno-hw-mul\libc.a(lib_a-fflush.o)
 .comment       0x00000000       0x27 c:/altera/13.0sp1/nios2eds/bin/gnu/h-i686-mingw32/bin/../lib/gcc/nios2-elf/4.1.2/../../../../nios2-elf/lib/mno-hw-mul\libc.a(lib_a-findfp.o)
 .comment       0x00000000       0x27 c:/altera/13.0sp1/nios2eds/bin/gnu/h-i686-mingw32/bin/../lib/gcc/nios2-elf/4.1.2/../../../../nios2-elf/lib/mno-hw-mul\libc.a(lib_a-freer.o)
 .comment       0x00000000       0x27 c:/altera/13.0sp1/nios2eds/bin/gnu/h-i686-mingw32/bin/../lib/gcc/nios2-elf/4.1.2/../../../../nios2-elf/lib/mno-hw-mul\libc.a(lib_a-fwalk.o)
 .comment       0x00000000       0x27 c:/altera/13.0sp1/nios2eds/bin/gnu/h-i686-mingw32/bin/../lib/gcc/nios2-elf/4.1.2/../../../../nios2-elf/lib/mno-hw-mul\libc.a(lib_a-int_errno.o)
 .comment       0x00000000       0x27 c:/altera/13.0sp1/nios2eds/bin/gnu/h-i686-mingw32/bin/../lib/gcc/nios2-elf/4.1.2/../../../../nios2-elf/lib/mno-hw-mul\libc.a(lib_a-makebuf.o)
 .comment       0x00000000       0x27 c:/altera/13.0sp1/nios2eds/bin/gnu/h-i686-mingw32/bin/../lib/gcc/nios2-elf/4.1.2/../../../../nios2-elf/lib/mno-hw-mul\libc.a(lib_a-memset.o)
 .comment       0x00000000       0x27 c:/altera/13.0sp1/nios2eds/bin/gnu/h-i686-mingw32/bin/../lib/gcc/nios2-elf/4.1.2/../../../../nios2-elf/lib/mno-hw-mul\libc.a(lib_a-stdio.o)
 .comment       0x00000000       0x27 c:/altera/13.0sp1/nios2eds/bin/gnu/h-i686-mingw32/bin/../lib/gcc/nios2-elf/4.1.2/../../../../nios2-elf/lib/mno-hw-mul\libc.a(lib_a-writer.o)
 .comment       0x00000000       0x27 c:/altera/13.0sp1/nios2eds/bin/gnu/h-i686-mingw32/bin/../lib/gcc/nios2-elf/4.1.2/../../../../nios2-elf/lib/mno-hw-mul\libc.a(lib_a-closer.o)
 .comment       0x00000000       0x27 c:/altera/13.0sp1/nios2eds/bin/gnu/h-i686-mingw32/bin/../lib/gcc/nios2-elf/4.1.2/../../../../nios2-elf/lib/mno-hw-mul\libc.a(lib_a-fclose.o)
 .comment       0x00000000       0x27 c:/altera/13.0sp1/nios2eds/bin/gnu/h-i686-mingw32/bin/../lib/gcc/nios2-elf/4.1.2/../../../../nios2-elf/lib/mno-hw-mul\libc.a(lib_a-fstatr.o)
 .comment       0x00000000       0x27 c:/altera/13.0sp1/nios2eds/bin/gnu/h-i686-mingw32/bin/../lib/gcc/nios2-elf/4.1.2/../../../../nios2-elf/lib/mno-hw-mul\libc.a(lib_a-isattyr.o)
 .comment       0x00000000       0x27 c:/altera/13.0sp1/nios2eds/bin/gnu/h-i686-mingw32/bin/../lib/gcc/nios2-elf/4.1.2/../../../../nios2-elf/lib/mno-hw-mul\libc.a(lib_a-lseekr.o)
 .comment       0x00000000       0x27 c:/altera/13.0sp1/nios2eds/bin/gnu/h-i686-mingw32/bin/../lib/gcc/nios2-elf/4.1.2/../../../../nios2-elf/lib/mno-hw-mul\libc.a(lib_a-readr.o)
 .comment       0x00000000       0x27 c:/altera/13.0sp1/nios2eds/bin/gnu/h-i686-mingw32/bin/../lib/gcc/nios2-elf/4.1.2/mno-hw-mul\libgcc.a(lib2-mul.o)
 .comment       0x00000000       0x27 ../run_bsp/\libhal_bsp.a(alt_close.o)
 .comment       0x00000000       0x27 ../run_bsp/\libhal_bsp.a(alt_dev.o)
 .comment       0x00000000       0x27 ../run_bsp/\libhal_bsp.a(alt_errno.o)
 .comment       0x00000000       0x27 ../run_bsp/\libhal_bsp.a(alt_fstat.o)
 .comment       0x00000000       0x27 ../run_bsp/\libhal_bsp.a(alt_isatty.o)
 .comment       0x00000000       0x27 ../run_bsp/\libhal_bsp.a(alt_lseek.o)
 .comment       0x00000000       0x27 ../run_bsp/\libhal_bsp.a(alt_main.o)
 .comment       0x00000000       0x27 ../run_bsp/\libhal_bsp.a(alt_malloc_lock.o)
 .comment       0x00000000       0x27 ../run_bsp/\libhal_bsp.a(alt_read.o)
 .comment       0x00000000       0x27 ../run_bsp/\libhal_bsp.a(alt_release_fd.o)
 .comment       0x00000000       0x27 ../run_bsp/\libhal_bsp.a(alt_sbrk.o)
 .comment       0x00000000       0x27 ../run_bsp/\libhal_bsp.a(alt_write.o)
 .comment       0x00000000       0x27 ../run_bsp/\libhal_bsp.a(alt_sys_init.o)
 .comment       0x00000000       0x27 ../run_bsp/\libhal_bsp.a(altera_avalon_epcs_flash_controller.o)
 .comment       0x00000000       0x27 ../run_bsp/\libhal_bsp.a(altera_avalon_jtag_uart_fd.o)
 .comment       0x00000000       0x27 ../run_bsp/\libhal_bsp.a(altera_avalon_jtag_uart_init.o)
 .comment       0x00000000       0x27 ../run_bsp/\libhal_bsp.a(altera_avalon_jtag_uart_ioctl.o)
 .comment       0x00000000       0x27 ../run_bsp/\libhal_bsp.a(altera_avalon_jtag_uart_read.o)
 .comment       0x00000000       0x27 ../run_bsp/\libhal_bsp.a(altera_avalon_jtag_uart_write.o)
 .comment       0x00000000       0x27 ../run_bsp/\libhal_bsp.a(altera_avalon_timer_sc.o)
 .comment       0x00000000       0x27 ../run_bsp/\libhal_bsp.a(altera_avalon_uart_fd.o)
 .comment       0x00000000       0x27 ../run_bsp/\libhal_bsp.a(altera_avalon_uart_init.o)
 .comment       0x00000000       0x27 ../run_bsp/\libhal_bsp.a(altera_avalon_uart_read.o)
 .comment       0x00000000       0x27 ../run_bsp/\libhal_bsp.a(altera_avalon_uart_write.o)
 .comment       0x00000000       0x27 ../run_bsp/\libhal_bsp.a(epcs_commands.o)
 .comment       0x00000000       0x27 ../run_bsp/\libhal_bsp.a(alt_alarm_start.o)
 .comment       0x00000000       0x27 ../run_bsp/\libhal_bsp.a(alt_dev_llist_insert.o)
 .comment       0x00000000       0x27 ../run_bsp/\libhal_bsp.a(alt_do_ctors.o)
 .comment       0x00000000       0x27 ../run_bsp/\libhal_bsp.a(alt_do_dtors.o)
 .comment       0x00000000       0x27 ../run_bsp/\libhal_bsp.a(alt_flash_dev.o)
 .comment       0x00000000       0x27 ../run_bsp/\libhal_bsp.a(alt_iic.o)
 .comment       0x00000000       0x27 ../run_bsp/\libhal_bsp.a(alt_iic_isr_register.o)
 .comment       0x00000000       0x27 ../run_bsp/\libhal_bsp.a(alt_io_redirect.o)
 .comment       0x00000000       0x27 ../run_bsp/\libhal_bsp.a(alt_irq_handler.o)
 .comment       0x00000000       0x27 ../run_bsp/\libhal_bsp.a(alt_irq_vars.o)
 .comment       0x00000000       0x27 ../run_bsp/\libhal_bsp.a(alt_open.o)
 .comment       0x00000000       0x27 ../run_bsp/\libhal_bsp.a(alt_tick.o)
 .comment       0x00000000       0x27 ../run_bsp/\libhal_bsp.a(altera_nios2_qsys_irq.o)
 .comment       0x00000000       0x27 ../run_bsp/\libhal_bsp.a(altera_avalon_spi.o)
 .comment       0x00000000       0x27 ../run_bsp/\libhal_bsp.a(alt_find_dev.o)
 .comment       0x00000000       0x27 ../run_bsp/\libhal_bsp.a(alt_find_file.o)
 .comment       0x00000000       0x27 ../run_bsp/\libhal_bsp.a(alt_get_fd.o)
 .comment       0x00000000       0x27 c:/altera/13.0sp1/nios2eds/bin/gnu/h-i686-mingw32/bin/../lib/gcc/nios2-elf/4.1.2/../../../../nios2-elf/lib/mno-hw-mul\libc.a(lib_a-atexit.o)
 .comment       0x00000000       0x27 c:/altera/13.0sp1/nios2eds/bin/gnu/h-i686-mingw32/bin/../lib/gcc/nios2-elf/4.1.2/../../../../nios2-elf/lib/mno-hw-mul\libc.a(lib_a-exit.o)
 .comment       0x00000000       0x27 c:/altera/13.0sp1/nios2eds/bin/gnu/h-i686-mingw32/bin/../lib/gcc/nios2-elf/4.1.2/../../../../nios2-elf/lib/mno-hw-mul\libc.a(lib_a-memcmp.o)
 .comment       0x00000000       0x27 c:/altera/13.0sp1/nios2eds/bin/gnu/h-i686-mingw32/bin/../lib/gcc/nios2-elf/4.1.2/../../../../nios2-elf/lib/mno-hw-mul\libc.a(lib_a-__atexit.o)
 .comment       0x00000000       0x27 c:/altera/13.0sp1/nios2eds/bin/gnu/h-i686-mingw32/bin/../lib/gcc/nios2-elf/4.1.2/../../../../nios2-elf/lib/mno-hw-mul\libc.a(lib_a-__call_atexit.o)
 .comment       0x00000000       0x27 ../run_bsp/\libhal_bsp.a(alt_exit.o)

.debug
 *(.debug)

.line
 *(.line)

.debug_srcinfo
 *(.debug_srcinfo)

.debug_sfnames
 *(.debug_sfnames)

.debug_aranges  0x00000000      0x990
 *(.debug_aranges)
 .debug_aranges
                0x00000000       0x20 ../run_bsp//obj/HAL/src/crt0.o
 .debug_aranges
                0x00000020       0x20 obj/default/hello_world.o
 .debug_aranges
                0x00000040       0x20 c:/altera/13.0sp1/nios2eds/bin/gnu/h-i686-mingw32/bin/../lib/gcc/nios2-elf/4.1.2/../../../../nios2-elf/lib/mno-hw-mul\libc.a(lib_a-puts.o)
 .debug_aranges
                0x00000060       0x20 c:/altera/13.0sp1/nios2eds/bin/gnu/h-i686-mingw32/bin/../lib/gcc/nios2-elf/4.1.2/../../../../nios2-elf/lib/mno-hw-mul\libc.a(lib_a-strlen.o)
 .debug_aranges
                0x00000080       0x20 c:/altera/13.0sp1/nios2eds/bin/gnu/h-i686-mingw32/bin/../lib/gcc/nios2-elf/4.1.2/../../../../nios2-elf/lib/mno-hw-mul\libc.a(lib_a-fvwrite.o)
 .debug_aranges
                0x000000a0       0x20 c:/altera/13.0sp1/nios2eds/bin/gnu/h-i686-mingw32/bin/../lib/gcc/nios2-elf/4.1.2/../../../../nios2-elf/lib/mno-hw-mul\libc.a(lib_a-mallocr.o)
 .debug_aranges
                0x000000c0       0x20 c:/altera/13.0sp1/nios2eds/bin/gnu/h-i686-mingw32/bin/../lib/gcc/nios2-elf/4.1.2/../../../../nios2-elf/lib/mno-hw-mul\libc.a(lib_a-memchr.o)
 .debug_aranges
                0x000000e0       0x20 c:/altera/13.0sp1/nios2eds/bin/gnu/h-i686-mingw32/bin/../lib/gcc/nios2-elf/4.1.2/../../../../nios2-elf/lib/mno-hw-mul\libc.a(lib_a-memcpy.o)
 .debug_aranges
                0x00000100       0x20 c:/altera/13.0sp1/nios2eds/bin/gnu/h-i686-mingw32/bin/../lib/gcc/nios2-elf/4.1.2/../../../../nios2-elf/lib/mno-hw-mul\libc.a(lib_a-memmove.o)
 .debug_aranges
                0x00000120       0x20 c:/altera/13.0sp1/nios2eds/bin/gnu/h-i686-mingw32/bin/../lib/gcc/nios2-elf/4.1.2/../../../../nios2-elf/lib/mno-hw-mul\libc.a(lib_a-reallocr.o)
 .debug_aranges
                0x00000140       0x20 c:/altera/13.0sp1/nios2eds/bin/gnu/h-i686-mingw32/bin/../lib/gcc/nios2-elf/4.1.2/../../../../nios2-elf/lib/mno-hw-mul\libc.a(lib_a-sbrkr.o)
 .debug_aranges
                0x00000160       0x20 c:/altera/13.0sp1/nios2eds/bin/gnu/h-i686-mingw32/bin/../lib/gcc/nios2-elf/4.1.2/../../../../nios2-elf/lib/mno-hw-mul\libc.a(lib_a-wsetup.o)
 .debug_aranges
                0x00000180       0x20 c:/altera/13.0sp1/nios2eds/bin/gnu/h-i686-mingw32/bin/../lib/gcc/nios2-elf/4.1.2/../../../../nios2-elf/lib/mno-hw-mul\libc.a(lib_a-fflush.o)
 .debug_aranges
                0x000001a0       0x20 c:/altera/13.0sp1/nios2eds/bin/gnu/h-i686-mingw32/bin/../lib/gcc/nios2-elf/4.1.2/../../../../nios2-elf/lib/mno-hw-mul\libc.a(lib_a-findfp.o)
 .debug_aranges
                0x000001c0       0x20 c:/altera/13.0sp1/nios2eds/bin/gnu/h-i686-mingw32/bin/../lib/gcc/nios2-elf/4.1.2/../../../../nios2-elf/lib/mno-hw-mul\libc.a(lib_a-freer.o)
 .debug_aranges
                0x000001e0       0x20 c:/altera/13.0sp1/nios2eds/bin/gnu/h-i686-mingw32/bin/../lib/gcc/nios2-elf/4.1.2/../../../../nios2-elf/lib/mno-hw-mul\libc.a(lib_a-fwalk.o)
 .debug_aranges
                0x00000200       0x20 c:/altera/13.0sp1/nios2eds/bin/gnu/h-i686-mingw32/bin/../lib/gcc/nios2-elf/4.1.2/../../../../nios2-elf/lib/mno-hw-mul\libc.a(lib_a-makebuf.o)
 .debug_aranges
                0x00000220       0x20 c:/altera/13.0sp1/nios2eds/bin/gnu/h-i686-mingw32/bin/../lib/gcc/nios2-elf/4.1.2/../../../../nios2-elf/lib/mno-hw-mul\libc.a(lib_a-memset.o)
 .debug_aranges
                0x00000240       0x20 c:/altera/13.0sp1/nios2eds/bin/gnu/h-i686-mingw32/bin/../lib/gcc/nios2-elf/4.1.2/../../../../nios2-elf/lib/mno-hw-mul\libc.a(lib_a-stdio.o)
 .debug_aranges
                0x00000260       0x20 c:/altera/13.0sp1/nios2eds/bin/gnu/h-i686-mingw32/bin/../lib/gcc/nios2-elf/4.1.2/../../../../nios2-elf/lib/mno-hw-mul\libc.a(lib_a-writer.o)
 .debug_aranges
                0x00000280       0x20 c:/altera/13.0sp1/nios2eds/bin/gnu/h-i686-mingw32/bin/../lib/gcc/nios2-elf/4.1.2/../../../../nios2-elf/lib/mno-hw-mul\libc.a(lib_a-closer.o)
 .debug_aranges
                0x000002a0       0x20 c:/altera/13.0sp1/nios2eds/bin/gnu/h-i686-mingw32/bin/../lib/gcc/nios2-elf/4.1.2/../../../../nios2-elf/lib/mno-hw-mul\libc.a(lib_a-fclose.o)
 .debug_aranges
                0x000002c0       0x20 c:/altera/13.0sp1/nios2eds/bin/gnu/h-i686-mingw32/bin/../lib/gcc/nios2-elf/4.1.2/../../../../nios2-elf/lib/mno-hw-mul\libc.a(lib_a-fstatr.o)
 .debug_aranges
                0x000002e0       0x20 c:/altera/13.0sp1/nios2eds/bin/gnu/h-i686-mingw32/bin/../lib/gcc/nios2-elf/4.1.2/../../../../nios2-elf/lib/mno-hw-mul\libc.a(lib_a-isattyr.o)
 .debug_aranges
                0x00000300       0x20 c:/altera/13.0sp1/nios2eds/bin/gnu/h-i686-mingw32/bin/../lib/gcc/nios2-elf/4.1.2/../../../../nios2-elf/lib/mno-hw-mul\libc.a(lib_a-lseekr.o)
 .debug_aranges
                0x00000320       0x20 c:/altera/13.0sp1/nios2eds/bin/gnu/h-i686-mingw32/bin/../lib/gcc/nios2-elf/4.1.2/../../../../nios2-elf/lib/mno-hw-mul\libc.a(lib_a-readr.o)
 .debug_aranges
                0x00000340       0x20 c:/altera/13.0sp1/nios2eds/bin/gnu/h-i686-mingw32/bin/../lib/gcc/nios2-elf/4.1.2/mno-hw-mul\libgcc.a(lib2-mul.o)
 .debug_aranges
                0x00000360       0x20 ../run_bsp/\libhal_bsp.a(alt_close.o)
 .debug_aranges
                0x00000380       0x20 ../run_bsp/\libhal_bsp.a(alt_dev.o)
 .debug_aranges
                0x000003a0       0x20 ../run_bsp/\libhal_bsp.a(alt_fstat.o)
 .debug_aranges
                0x000003c0       0x20 ../run_bsp/\libhal_bsp.a(alt_isatty.o)
 .debug_aranges
                0x000003e0       0x20 ../run_bsp/\libhal_bsp.a(alt_lseek.o)
 .debug_aranges
                0x00000400       0x20 ../run_bsp/\libhal_bsp.a(alt_main.o)
 .debug_aranges
                0x00000420       0x20 ../run_bsp/\libhal_bsp.a(alt_malloc_lock.o)
 .debug_aranges
                0x00000440       0x20 ../run_bsp/\libhal_bsp.a(alt_read.o)
 .debug_aranges
                0x00000460       0x20 ../run_bsp/\libhal_bsp.a(alt_release_fd.o)
 .debug_aranges
                0x00000480       0x20 ../run_bsp/\libhal_bsp.a(alt_sbrk.o)
 .debug_aranges
                0x000004a0       0x20 ../run_bsp/\libhal_bsp.a(alt_write.o)
 .debug_aranges
                0x000004c0       0x20 ../run_bsp/\libhal_bsp.a(alt_sys_init.o)
 .debug_aranges
                0x000004e0       0x20 ../run_bsp/\libhal_bsp.a(altera_avalon_epcs_flash_controller.o)
 .debug_aranges
                0x00000500       0x20 ../run_bsp/\libhal_bsp.a(altera_avalon_jtag_uart_fd.o)
 .debug_aranges
                0x00000520       0x20 ../run_bsp/\libhal_bsp.a(altera_avalon_jtag_uart_init.o)
 .debug_aranges
                0x00000540       0x20 ../run_bsp/\libhal_bsp.a(altera_avalon_jtag_uart_ioctl.o)
 .debug_aranges
                0x00000560       0x20 ../run_bsp/\libhal_bsp.a(altera_avalon_jtag_uart_read.o)
 .debug_aranges
                0x00000580       0x20 ../run_bsp/\libhal_bsp.a(altera_avalon_jtag_uart_write.o)
 .debug_aranges
                0x000005a0       0x20 ../run_bsp/\libhal_bsp.a(altera_avalon_timer_sc.o)
 .debug_aranges
                0x000005c0       0x20 ../run_bsp/\libhal_bsp.a(altera_avalon_uart_fd.o)
 .debug_aranges
                0x000005e0       0x20 ../run_bsp/\libhal_bsp.a(altera_avalon_uart_init.o)
 .debug_aranges
                0x00000600       0x20 ../run_bsp/\libhal_bsp.a(altera_avalon_uart_read.o)
 .debug_aranges
                0x00000620       0x20 ../run_bsp/\libhal_bsp.a(altera_avalon_uart_write.o)
 .debug_aranges
                0x00000640       0x20 ../run_bsp/\libhal_bsp.a(epcs_commands.o)
 .debug_aranges
                0x00000660       0x20 ../run_bsp/\libhal_bsp.a(alt_alarm_start.o)
 .debug_aranges
                0x00000680       0x20 ../run_bsp/\libhal_bsp.a(alt_dev_llist_insert.o)
 .debug_aranges
                0x000006a0       0x20 ../run_bsp/\libhal_bsp.a(alt_do_ctors.o)
 .debug_aranges
                0x000006c0       0x20 ../run_bsp/\libhal_bsp.a(alt_do_dtors.o)
 .debug_aranges
                0x000006e0       0x20 ../run_bsp/\libhal_bsp.a(alt_flash_dev.o)
 .debug_aranges
                0x00000700       0x20 ../run_bsp/\libhal_bsp.a(alt_iic.o)
 .debug_aranges
                0x00000720       0x20 ../run_bsp/\libhal_bsp.a(alt_iic_isr_register.o)
 .debug_aranges
                0x00000740       0x20 ../run_bsp/\libhal_bsp.a(alt_io_redirect.o)
 .debug_aranges
                0x00000760       0x30 ../run_bsp/\libhal_bsp.a(alt_irq_entry.o)
 .debug_aranges
                0x00000790       0x28 ../run_bsp/\libhal_bsp.a(alt_irq_handler.o)
 .debug_aranges
                0x000007b8       0x20 ../run_bsp/\libhal_bsp.a(alt_open.o)
 .debug_aranges
                0x000007d8       0x20 ../run_bsp/\libhal_bsp.a(alt_tick.o)
 .debug_aranges
                0x000007f8       0x20 ../run_bsp/\libhal_bsp.a(altera_nios2_qsys_irq.o)
 .debug_aranges
                0x00000818       0x20 ../run_bsp/\libhal_bsp.a(altera_avalon_spi.o)
 .debug_aranges
                0x00000838       0x38 ../run_bsp/\libhal_bsp.a(alt_exception_entry.o)
 .debug_aranges
                0x00000870       0x20 ../run_bsp/\libhal_bsp.a(alt_find_dev.o)
 .debug_aranges
                0x00000890       0x20 ../run_bsp/\libhal_bsp.a(alt_find_file.o)
 .debug_aranges
                0x000008b0       0x20 ../run_bsp/\libhal_bsp.a(alt_get_fd.o)
 .debug_aranges
                0x000008d0       0x20 c:/altera/13.0sp1/nios2eds/bin/gnu/h-i686-mingw32/bin/../lib/gcc/nios2-elf/4.1.2/../../../../nios2-elf/lib/mno-hw-mul\libc.a(lib_a-atexit.o)
 .debug_aranges
                0x000008f0       0x20 c:/altera/13.0sp1/nios2eds/bin/gnu/h-i686-mingw32/bin/../lib/gcc/nios2-elf/4.1.2/../../../../nios2-elf/lib/mno-hw-mul\libc.a(lib_a-exit.o)
 .debug_aranges
                0x00000910       0x20 c:/altera/13.0sp1/nios2eds/bin/gnu/h-i686-mingw32/bin/../lib/gcc/nios2-elf/4.1.2/../../../../nios2-elf/lib/mno-hw-mul\libc.a(lib_a-memcmp.o)
 .debug_aranges
                0x00000930       0x20 c:/altera/13.0sp1/nios2eds/bin/gnu/h-i686-mingw32/bin/../lib/gcc/nios2-elf/4.1.2/../../../../nios2-elf/lib/mno-hw-mul\libc.a(lib_a-__atexit.o)
 .debug_aranges
                0x00000950       0x20 c:/altera/13.0sp1/nios2eds/bin/gnu/h-i686-mingw32/bin/../lib/gcc/nios2-elf/4.1.2/../../../../nios2-elf/lib/mno-hw-mul\libc.a(lib_a-__call_atexit.o)
 .debug_aranges
                0x00000970       0x20 ../run_bsp/\libhal_bsp.a(alt_exit.o)

.debug_pubnames
                0x00000000     0x103f
 *(.debug_pubnames)
 .debug_pubnames
                0x00000000       0x1b obj/default/hello_world.o
 .debug_pubnames
                0x0000001b       0x27 c:/altera/13.0sp1/nios2eds/bin/gnu/h-i686-mingw32/bin/../lib/gcc/nios2-elf/4.1.2/../../../../nios2-elf/lib/mno-hw-mul\libc.a(lib_a-puts.o)
 .debug_pubnames
                0x00000042       0x1d c:/altera/13.0sp1/nios2eds/bin/gnu/h-i686-mingw32/bin/../lib/gcc/nios2-elf/4.1.2/../../../../nios2-elf/lib/mno-hw-mul\libc.a(lib_a-strlen.o)
 .debug_pubnames
                0x0000005f       0x23 c:/altera/13.0sp1/nios2eds/bin/gnu/h-i686-mingw32/bin/../lib/gcc/nios2-elf/4.1.2/../../../../nios2-elf/lib/mno-hw-mul\libc.a(lib_a-fvwrite.o)
 .debug_pubnames
                0x00000082       0x39 c:/altera/13.0sp1/nios2eds/bin/gnu/h-i686-mingw32/bin/../lib/gcc/nios2-elf/4.1.2/../../../../nios2-elf/lib/mno-hw-mul\libc.a(lib_a-impure.o)
 .debug_pubnames
                0x000000bb       0xce c:/altera/13.0sp1/nios2eds/bin/gnu/h-i686-mingw32/bin/../lib/gcc/nios2-elf/4.1.2/../../../../nios2-elf/lib/mno-hw-mul\libc.a(lib_a-mallocr.o)
 .debug_pubnames
                0x00000189       0x1d c:/altera/13.0sp1/nios2eds/bin/gnu/h-i686-mingw32/bin/../lib/gcc/nios2-elf/4.1.2/../../../../nios2-elf/lib/mno-hw-mul\libc.a(lib_a-memchr.o)
 .debug_pubnames
                0x000001a6       0x1d c:/altera/13.0sp1/nios2eds/bin/gnu/h-i686-mingw32/bin/../lib/gcc/nios2-elf/4.1.2/../../../../nios2-elf/lib/mno-hw-mul\libc.a(lib_a-memcpy.o)
 .debug_pubnames
                0x000001c3       0x1e c:/altera/13.0sp1/nios2eds/bin/gnu/h-i686-mingw32/bin/../lib/gcc/nios2-elf/4.1.2/../../../../nios2-elf/lib/mno-hw-mul\libc.a(lib_a-memmove.o)
 .debug_pubnames
                0x000001e1       0x21 c:/altera/13.0sp1/nios2eds/bin/gnu/h-i686-mingw32/bin/../lib/gcc/nios2-elf/4.1.2/../../../../nios2-elf/lib/mno-hw-mul\libc.a(lib_a-reallocr.o)
 .debug_pubnames
                0x00000202       0x1e c:/altera/13.0sp1/nios2eds/bin/gnu/h-i686-mingw32/bin/../lib/gcc/nios2-elf/4.1.2/../../../../nios2-elf/lib/mno-hw-mul\libc.a(lib_a-sbrkr.o)
 .debug_pubnames
                0x00000220       0x22 c:/altera/13.0sp1/nios2eds/bin/gnu/h-i686-mingw32/bin/../lib/gcc/nios2-elf/4.1.2/../../../../nios2-elf/lib/mno-hw-mul\libc.a(lib_a-wsetup.o)
 .debug_pubnames
                0x00000242       0x2b c:/altera/13.0sp1/nios2eds/bin/gnu/h-i686-mingw32/bin/../lib/gcc/nios2-elf/4.1.2/../../../../nios2-elf/lib/mno-hw-mul\libc.a(lib_a-fflush.o)
 .debug_pubnames
                0x0000026d       0xdb c:/altera/13.0sp1/nios2eds/bin/gnu/h-i686-mingw32/bin/../lib/gcc/nios2-elf/4.1.2/../../../../nios2-elf/lib/mno-hw-mul\libc.a(lib_a-findfp.o)
 .debug_pubnames
                0x00000348       0x31 c:/altera/13.0sp1/nios2eds/bin/gnu/h-i686-mingw32/bin/../lib/gcc/nios2-elf/4.1.2/../../../../nios2-elf/lib/mno-hw-mul\libc.a(lib_a-freer.o)
 .debug_pubnames
                0x00000379       0x2e c:/altera/13.0sp1/nios2eds/bin/gnu/h-i686-mingw32/bin/../lib/gcc/nios2-elf/4.1.2/../../../../nios2-elf/lib/mno-hw-mul\libc.a(lib_a-fwalk.o)
 .debug_pubnames
                0x000003a7       0x1c c:/altera/13.0sp1/nios2eds/bin/gnu/h-i686-mingw32/bin/../lib/gcc/nios2-elf/4.1.2/../../../../nios2-elf/lib/mno-hw-mul\libc.a(lib_a-int_errno.o)
 .debug_pubnames
                0x000003c3       0x23 c:/altera/13.0sp1/nios2eds/bin/gnu/h-i686-mingw32/bin/../lib/gcc/nios2-elf/4.1.2/../../../../nios2-elf/lib/mno-hw-mul\libc.a(lib_a-makebuf.o)
 .debug_pubnames
                0x000003e6       0x1d c:/altera/13.0sp1/nios2eds/bin/gnu/h-i686-mingw32/bin/../lib/gcc/nios2-elf/4.1.2/../../../../nios2-elf/lib/mno-hw-mul\libc.a(lib_a-memset.o)
 .debug_pubnames
                0x00000403       0x44 c:/altera/13.0sp1/nios2eds/bin/gnu/h-i686-mingw32/bin/../lib/gcc/nios2-elf/4.1.2/../../../../nios2-elf/lib/mno-hw-mul\libc.a(lib_a-stdio.o)
 .debug_pubnames
                0x00000447       0x1f c:/altera/13.0sp1/nios2eds/bin/gnu/h-i686-mingw32/bin/../lib/gcc/nios2-elf/4.1.2/../../../../nios2-elf/lib/mno-hw-mul\libc.a(lib_a-writer.o)
 .debug_pubnames
                0x00000466       0x1f c:/altera/13.0sp1/nios2eds/bin/gnu/h-i686-mingw32/bin/../lib/gcc/nios2-elf/4.1.2/../../../../nios2-elf/lib/mno-hw-mul\libc.a(lib_a-closer.o)
 .debug_pubnames
                0x00000485       0x2b c:/altera/13.0sp1/nios2eds/bin/gnu/h-i686-mingw32/bin/../lib/gcc/nios2-elf/4.1.2/../../../../nios2-elf/lib/mno-hw-mul\libc.a(lib_a-fclose.o)
 .debug_pubnames
                0x000004b0       0x1f c:/altera/13.0sp1/nios2eds/bin/gnu/h-i686-mingw32/bin/../lib/gcc/nios2-elf/4.1.2/../../../../nios2-elf/lib/mno-hw-mul\libc.a(lib_a-fstatr.o)
 .debug_pubnames
                0x000004cf       0x20 c:/altera/13.0sp1/nios2eds/bin/gnu/h-i686-mingw32/bin/../lib/gcc/nios2-elf/4.1.2/../../../../nios2-elf/lib/mno-hw-mul\libc.a(lib_a-isattyr.o)
 .debug_pubnames
                0x000004ef       0x1f c:/altera/13.0sp1/nios2eds/bin/gnu/h-i686-mingw32/bin/../lib/gcc/nios2-elf/4.1.2/../../../../nios2-elf/lib/mno-hw-mul\libc.a(lib_a-lseekr.o)
 .debug_pubnames
                0x0000050e       0x1e c:/altera/13.0sp1/nios2eds/bin/gnu/h-i686-mingw32/bin/../lib/gcc/nios2-elf/4.1.2/../../../../nios2-elf/lib/mno-hw-mul\libc.a(lib_a-readr.o)
 .debug_pubnames
                0x0000052c       0x1f c:/altera/13.0sp1/nios2eds/bin/gnu/h-i686-mingw32/bin/../lib/gcc/nios2-elf/4.1.2/mno-hw-mul\libgcc.a(lib2-mul.o)
 .debug_pubnames
                0x0000054b       0x1c ../run_bsp/\libhal_bsp.a(alt_close.o)
 .debug_pubnames
                0x00000567       0x63 ../run_bsp/\libhal_bsp.a(alt_dev.o)
 .debug_pubnames
                0x000005ca       0x20 ../run_bsp/\libhal_bsp.a(alt_errno.o)
 .debug_pubnames
                0x000005ea       0x1c ../run_bsp/\libhal_bsp.a(alt_fstat.o)
 .debug_pubnames
                0x00000606       0x1d ../run_bsp/\libhal_bsp.a(alt_isatty.o)
 .debug_pubnames
                0x00000623       0x1c ../run_bsp/\libhal_bsp.a(alt_lseek.o)
 .debug_pubnames
                0x0000063f       0x46 ../run_bsp/\libhal_bsp.a(alt_main.o)
 .debug_pubnames
                0x00000685       0x38 ../run_bsp/\libhal_bsp.a(alt_malloc_lock.o)
 .debug_pubnames
                0x000006bd       0x1b ../run_bsp/\libhal_bsp.a(alt_read.o)
 .debug_pubnames
                0x000006d8       0x25 ../run_bsp/\libhal_bsp.a(alt_release_fd.o)
 .debug_pubnames
                0x000006fd       0x1b ../run_bsp/\libhal_bsp.a(alt_sbrk.o)
 .debug_pubnames
                0x00000718       0x1c ../run_bsp/\libhal_bsp.a(alt_write.o)
 .debug_pubnames
                0x00000734       0x34 ../run_bsp/\libhal_bsp.a(alt_sys_init.o)
 .debug_pubnames
                0x00000768       0xb5 ../run_bsp/\libhal_bsp.a(altera_avalon_epcs_flash_controller.o)
 .debug_pubnames
                0x0000081d       0xa5 ../run_bsp/\libhal_bsp.a(altera_avalon_jtag_uart_fd.o)
 .debug_pubnames
                0x000008c2       0x55 ../run_bsp/\libhal_bsp.a(altera_avalon_jtag_uart_init.o)
 .debug_pubnames
                0x00000917       0x34 ../run_bsp/\libhal_bsp.a(altera_avalon_jtag_uart_ioctl.o)
 .debug_pubnames
                0x0000094b       0x33 ../run_bsp/\libhal_bsp.a(altera_avalon_jtag_uart_read.o)
 .debug_pubnames
                0x0000097e       0x34 ../run_bsp/\libhal_bsp.a(altera_avalon_jtag_uart_write.o)
 .debug_pubnames
                0x000009b2       0x2f ../run_bsp/\libhal_bsp.a(altera_avalon_timer_sc.o)
 .debug_pubnames
                0x000009e1       0x71 ../run_bsp/\libhal_bsp.a(altera_avalon_uart_fd.o)
 .debug_pubnames
                0x00000a52       0x4b ../run_bsp/\libhal_bsp.a(altera_avalon_uart_init.o)
 .debug_pubnames
                0x00000a9d       0x2e ../run_bsp/\libhal_bsp.a(altera_avalon_uart_read.o)
 .debug_pubnames
                0x00000acb       0x2f ../run_bsp/\libhal_bsp.a(altera_avalon_uart_write.o)
 .debug_pubnames
                0x00000afa      0x118 ../run_bsp/\libhal_bsp.a(epcs_commands.o)
 .debug_pubnames
                0x00000c12       0x26 ../run_bsp/\libhal_bsp.a(alt_alarm_start.o)
 .debug_pubnames
                0x00000c38       0x2b ../run_bsp/\libhal_bsp.a(alt_dev_llist_insert.o)
 .debug_pubnames
                0x00000c63       0x20 ../run_bsp/\libhal_bsp.a(alt_do_ctors.o)
 .debug_pubnames
                0x00000c83       0x20 ../run_bsp/\libhal_bsp.a(alt_do_dtors.o)
 .debug_pubnames
                0x00000ca3       0x58 ../run_bsp/\libhal_bsp.a(alt_flash_dev.o)
 .debug_pubnames
                0x00000cfb       0x6e ../run_bsp/\libhal_bsp.a(alt_iic.o)
 .debug_pubnames
                0x00000d69       0x2b ../run_bsp/\libhal_bsp.a(alt_iic_isr_register.o)
 .debug_pubnames
                0x00000d94       0x26 ../run_bsp/\libhal_bsp.a(alt_io_redirect.o)
 .debug_pubnames
                0x00000dba       0x32 ../run_bsp/\libhal_bsp.a(alt_irq_handler.o)
 .debug_pubnames
                0x00000dec       0x3b ../run_bsp/\libhal_bsp.a(alt_irq_vars.o)
 .debug_pubnames
                0x00000e27       0x1b ../run_bsp/\libhal_bsp.a(alt_open.o)
 .debug_pubnames
                0x00000e42       0x68 ../run_bsp/\libhal_bsp.a(alt_tick.o)
 .debug_pubnames
                0x00000eaa       0x31 ../run_bsp/\libhal_bsp.a(altera_nios2_qsys_irq.o)
 .debug_pubnames
                0x00000edb       0x2d ../run_bsp/\libhal_bsp.a(altera_avalon_spi.o)
 .debug_pubnames
                0x00000f08       0x23 ../run_bsp/\libhal_bsp.a(alt_find_dev.o)
 .debug_pubnames
                0x00000f2b       0x24 ../run_bsp/\libhal_bsp.a(alt_find_file.o)
 .debug_pubnames
                0x00000f4f       0x21 ../run_bsp/\libhal_bsp.a(alt_get_fd.o)
 .debug_pubnames
                0x00000f70       0x2a c:/altera/13.0sp1/nios2eds/bin/gnu/h-i686-mingw32/bin/../lib/gcc/nios2-elf/4.1.2/../../../../nios2-elf/lib/mno-hw-mul\libc.a(lib_a-atexit.o)
 .debug_pubnames
                0x00000f9a       0x1b c:/altera/13.0sp1/nios2eds/bin/gnu/h-i686-mingw32/bin/../lib/gcc/nios2-elf/4.1.2/../../../../nios2-elf/lib/mno-hw-mul\libc.a(lib_a-exit.o)
 .debug_pubnames
                0x00000fb5       0x1d c:/altera/13.0sp1/nios2eds/bin/gnu/h-i686-mingw32/bin/../lib/gcc/nios2-elf/4.1.2/../../../../nios2-elf/lib/mno-hw-mul\libc.a(lib_a-memcmp.o)
 .debug_pubnames
                0x00000fd2       0x2a c:/altera/13.0sp1/nios2eds/bin/gnu/h-i686-mingw32/bin/../lib/gcc/nios2-elf/4.1.2/../../../../nios2-elf/lib/mno-hw-mul\libc.a(lib_a-__atexit.o)
 .debug_pubnames
                0x00000ffc       0x27 c:/altera/13.0sp1/nios2eds/bin/gnu/h-i686-mingw32/bin/../lib/gcc/nios2-elf/4.1.2/../../../../nios2-elf/lib/mno-hw-mul\libc.a(lib_a-__call_atexit.o)
 .debug_pubnames
                0x00001023       0x1c ../run_bsp/\libhal_bsp.a(alt_exit.o)

.debug_info     0x00000000    0x1bde2
 *(.debug_info .gnu.linkonce.wi.*)
 .debug_info    0x00000000       0x49 ../run_bsp//obj/HAL/src/crt0.o
 .debug_info    0x00000049      0x104 obj/default/hello_world.o
 .debug_info    0x0000014d      0xa25 c:/altera/13.0sp1/nios2eds/bin/gnu/h-i686-mingw32/bin/../lib/gcc/nios2-elf/4.1.2/../../../../nios2-elf/lib/mno-hw-mul\libc.a(lib_a-puts.o)
 .debug_info    0x00000b72       0xdb c:/altera/13.0sp1/nios2eds/bin/gnu/h-i686-mingw32/bin/../lib/gcc/nios2-elf/4.1.2/../../../../nios2-elf/lib/mno-hw-mul\libc.a(lib_a-strlen.o)
 .debug_info    0x00000c4d      0xa88 c:/altera/13.0sp1/nios2eds/bin/gnu/h-i686-mingw32/bin/../lib/gcc/nios2-elf/4.1.2/../../../../nios2-elf/lib/mno-hw-mul\libc.a(lib_a-fvwrite.o)
 .debug_info    0x000016d5      0x93d c:/altera/13.0sp1/nios2eds/bin/gnu/h-i686-mingw32/bin/../lib/gcc/nios2-elf/4.1.2/../../../../nios2-elf/lib/mno-hw-mul\libc.a(lib_a-impure.o)
 .debug_info    0x00002012      0xcd0 c:/altera/13.0sp1/nios2eds/bin/gnu/h-i686-mingw32/bin/../lib/gcc/nios2-elf/4.1.2/../../../../nios2-elf/lib/mno-hw-mul\libc.a(lib_a-mallocr.o)
 .debug_info    0x00002ce2      0x138 c:/altera/13.0sp1/nios2eds/bin/gnu/h-i686-mingw32/bin/../lib/gcc/nios2-elf/4.1.2/../../../../nios2-elf/lib/mno-hw-mul\libc.a(lib_a-memchr.o)
 .debug_info    0x00002e1a      0x106 c:/altera/13.0sp1/nios2eds/bin/gnu/h-i686-mingw32/bin/../lib/gcc/nios2-elf/4.1.2/../../../../nios2-elf/lib/mno-hw-mul\libc.a(lib_a-memcpy.o)
 .debug_info    0x00002f20      0x13e c:/altera/13.0sp1/nios2eds/bin/gnu/h-i686-mingw32/bin/../lib/gcc/nios2-elf/4.1.2/../../../../nios2-elf/lib/mno-hw-mul\libc.a(lib_a-memmove.o)
 .debug_info    0x0000305e      0xbd7 c:/altera/13.0sp1/nios2eds/bin/gnu/h-i686-mingw32/bin/../lib/gcc/nios2-elf/4.1.2/../../../../nios2-elf/lib/mno-hw-mul\libc.a(lib_a-reallocr.o)
 .debug_info    0x00003c35      0x962 c:/altera/13.0sp1/nios2eds/bin/gnu/h-i686-mingw32/bin/../lib/gcc/nios2-elf/4.1.2/../../../../nios2-elf/lib/mno-hw-mul\libc.a(lib_a-sbrkr.o)
 .debug_info    0x00004597      0x95d c:/altera/13.0sp1/nios2eds/bin/gnu/h-i686-mingw32/bin/../lib/gcc/nios2-elf/4.1.2/../../../../nios2-elf/lib/mno-hw-mul\libc.a(lib_a-wsetup.o)
 .debug_info    0x00004ef4      0x9fe c:/altera/13.0sp1/nios2eds/bin/gnu/h-i686-mingw32/bin/../lib/gcc/nios2-elf/4.1.2/../../../../nios2-elf/lib/mno-hw-mul\libc.a(lib_a-fflush.o)
 .debug_info    0x000058f2      0xb72 c:/altera/13.0sp1/nios2eds/bin/gnu/h-i686-mingw32/bin/../lib/gcc/nios2-elf/4.1.2/../../../../nios2-elf/lib/mno-hw-mul\libc.a(lib_a-findfp.o)
 .debug_info    0x00006464      0xbc9 c:/altera/13.0sp1/nios2eds/bin/gnu/h-i686-mingw32/bin/../lib/gcc/nios2-elf/4.1.2/../../../../nios2-elf/lib/mno-hw-mul\libc.a(lib_a-freer.o)
 .debug_info    0x0000702d      0xaed c:/altera/13.0sp1/nios2eds/bin/gnu/h-i686-mingw32/bin/../lib/gcc/nios2-elf/4.1.2/../../../../nios2-elf/lib/mno-hw-mul\libc.a(lib_a-fwalk.o)
 .debug_info    0x00007b1a       0x8c c:/altera/13.0sp1/nios2eds/bin/gnu/h-i686-mingw32/bin/../lib/gcc/nios2-elf/4.1.2/../../../../nios2-elf/lib/mno-hw-mul\libc.a(lib_a-int_errno.o)
 .debug_info    0x00007ba6      0xb1a c:/altera/13.0sp1/nios2eds/bin/gnu/h-i686-mingw32/bin/../lib/gcc/nios2-elf/4.1.2/../../../../nios2-elf/lib/mno-hw-mul\libc.a(lib_a-makebuf.o)
 .debug_info    0x000086c0      0x113 c:/altera/13.0sp1/nios2eds/bin/gnu/h-i686-mingw32/bin/../lib/gcc/nios2-elf/4.1.2/../../../../nios2-elf/lib/mno-hw-mul\libc.a(lib_a-memset.o)
 .debug_info    0x000087d3      0xaac c:/altera/13.0sp1/nios2eds/bin/gnu/h-i686-mingw32/bin/../lib/gcc/nios2-elf/4.1.2/../../../../nios2-elf/lib/mno-hw-mul\libc.a(lib_a-stdio.o)
 .debug_info    0x0000927f      0x993 c:/altera/13.0sp1/nios2eds/bin/gnu/h-i686-mingw32/bin/../lib/gcc/nios2-elf/4.1.2/../../../../nios2-elf/lib/mno-hw-mul\libc.a(lib_a-writer.o)
 .debug_info    0x00009c12      0x958 c:/altera/13.0sp1/nios2eds/bin/gnu/h-i686-mingw32/bin/../lib/gcc/nios2-elf/4.1.2/../../../../nios2-elf/lib/mno-hw-mul\libc.a(lib_a-closer.o)
 .debug_info    0x0000a56a      0x994 c:/altera/13.0sp1/nios2eds/bin/gnu/h-i686-mingw32/bin/../lib/gcc/nios2-elf/4.1.2/../../../../nios2-elf/lib/mno-hw-mul\libc.a(lib_a-fclose.o)
 .debug_info    0x0000aefe      0xafc c:/altera/13.0sp1/nios2eds/bin/gnu/h-i686-mingw32/bin/../lib/gcc/nios2-elf/4.1.2/../../../../nios2-elf/lib/mno-hw-mul\libc.a(lib_a-fstatr.o)
 .debug_info    0x0000b9fa      0x958 c:/altera/13.0sp1/nios2eds/bin/gnu/h-i686-mingw32/bin/../lib/gcc/nios2-elf/4.1.2/../../../../nios2-elf/lib/mno-hw-mul\libc.a(lib_a-isattyr.o)
 .debug_info    0x0000c352      0x981 c:/altera/13.0sp1/nios2eds/bin/gnu/h-i686-mingw32/bin/../lib/gcc/nios2-elf/4.1.2/../../../../nios2-elf/lib/mno-hw-mul\libc.a(lib_a-lseekr.o)
 .debug_info    0x0000ccd3      0x98c c:/altera/13.0sp1/nios2eds/bin/gnu/h-i686-mingw32/bin/../lib/gcc/nios2-elf/4.1.2/../../../../nios2-elf/lib/mno-hw-mul\libc.a(lib_a-readr.o)
 .debug_info    0x0000d65f       0xf3 c:/altera/13.0sp1/nios2eds/bin/gnu/h-i686-mingw32/bin/../lib/gcc/nios2-elf/4.1.2/mno-hw-mul\libgcc.a(lib2-mul.o)
 .debug_info    0x0000d752      0x431 ../run_bsp/\libhal_bsp.a(alt_close.o)
 .debug_info    0x0000db83      0x649 ../run_bsp/\libhal_bsp.a(alt_dev.o)
 .debug_info    0x0000e1cc      0x12e ../run_bsp/\libhal_bsp.a(alt_errno.o)
 .debug_info    0x0000e2fa      0x62a ../run_bsp/\libhal_bsp.a(alt_fstat.o)
 .debug_info    0x0000e924      0x630 ../run_bsp/\libhal_bsp.a(alt_isatty.o)
 .debug_info    0x0000ef54      0x464 ../run_bsp/\libhal_bsp.a(alt_lseek.o)
 .debug_info    0x0000f3b8      0x1ef ../run_bsp/\libhal_bsp.a(alt_main.o)
 .debug_info    0x0000f5a7      0xbe2 ../run_bsp/\libhal_bsp.a(alt_malloc_lock.o)
 .debug_info    0x00010189      0x654 ../run_bsp/\libhal_bsp.a(alt_read.o)
 .debug_info    0x000107dd      0x3bc ../run_bsp/\libhal_bsp.a(alt_release_fd.o)
 .debug_info    0x00010b99      0x281 ../run_bsp/\libhal_bsp.a(alt_sbrk.o)
 .debug_info    0x00010e1a      0x65d ../run_bsp/\libhal_bsp.a(alt_write.o)
 .debug_info    0x00011477      0xcd3 ../run_bsp/\libhal_bsp.a(alt_sys_init.o)
 .debug_info    0x0001214a      0xb73 ../run_bsp/\libhal_bsp.a(altera_avalon_epcs_flash_controller.o)
 .debug_info    0x00012cbd      0x7a3 ../run_bsp/\libhal_bsp.a(altera_avalon_jtag_uart_fd.o)
 .debug_info    0x00013460      0x5cb ../run_bsp/\libhal_bsp.a(altera_avalon_jtag_uart_init.o)
 .debug_info    0x00013a2b      0x40d ../run_bsp/\libhal_bsp.a(altera_avalon_jtag_uart_ioctl.o)
 .debug_info    0x00013e38      0x510 ../run_bsp/\libhal_bsp.a(altera_avalon_jtag_uart_read.o)
 .debug_info    0x00014348      0x508 ../run_bsp/\libhal_bsp.a(altera_avalon_jtag_uart_write.o)
 .debug_info    0x00014850      0x355 ../run_bsp/\libhal_bsp.a(altera_avalon_timer_sc.o)
 .debug_info    0x00014ba5      0x606 ../run_bsp/\libhal_bsp.a(altera_avalon_uart_fd.o)
 .debug_info    0x000151ab      0x4d8 ../run_bsp/\libhal_bsp.a(altera_avalon_uart_init.o)
 .debug_info    0x00015683      0x48c ../run_bsp/\libhal_bsp.a(altera_avalon_uart_read.o)
 .debug_info    0x00015b0f      0x48a ../run_bsp/\libhal_bsp.a(altera_avalon_uart_write.o)
 .debug_info    0x00015f99      0x606 ../run_bsp/\libhal_bsp.a(epcs_commands.o)
 .debug_info    0x0001659f      0x40c ../run_bsp/\libhal_bsp.a(alt_alarm_start.o)
 .debug_info    0x000169ab      0x281 ../run_bsp/\libhal_bsp.a(alt_dev_llist_insert.o)
 .debug_info    0x00016c2c       0xd9 ../run_bsp/\libhal_bsp.a(alt_do_ctors.o)
 .debug_info    0x00016d05       0xd8 ../run_bsp/\libhal_bsp.a(alt_do_dtors.o)
 .debug_info    0x00016ddd      0x563 ../run_bsp/\libhal_bsp.a(alt_flash_dev.o)
 .debug_info    0x00017340      0x45d ../run_bsp/\libhal_bsp.a(alt_iic.o)
 .debug_info    0x0001779d      0x2de ../run_bsp/\libhal_bsp.a(alt_iic_isr_register.o)
 .debug_info    0x00017a7b      0x65f ../run_bsp/\libhal_bsp.a(alt_io_redirect.o)
 .debug_info    0x000180da       0x4e ../run_bsp/\libhal_bsp.a(alt_irq_entry.o)
 .debug_info    0x00018128      0x23f ../run_bsp/\libhal_bsp.a(alt_irq_handler.o)
 .debug_info    0x00018367      0x131 ../run_bsp/\libhal_bsp.a(alt_irq_vars.o)
 .debug_info    0x00018498      0x4ef ../run_bsp/\libhal_bsp.a(alt_open.o)
 .debug_info    0x00018987      0x3c8 ../run_bsp/\libhal_bsp.a(alt_tick.o)
 .debug_info    0x00018d4f      0x12d ../run_bsp/\libhal_bsp.a(altera_nios2_qsys_irq.o)
 .debug_info    0x00018e7c      0x273 ../run_bsp/\libhal_bsp.a(altera_avalon_spi.o)
 .debug_info    0x000190ef       0x54 ../run_bsp/\libhal_bsp.a(alt_exception_entry.o)
 .debug_info    0x00019143      0x3e2 ../run_bsp/\libhal_bsp.a(alt_find_dev.o)
 .debug_info    0x00019525      0x3e9 ../run_bsp/\libhal_bsp.a(alt_find_file.o)
 .debug_info    0x0001990e      0x42a ../run_bsp/\libhal_bsp.a(alt_get_fd.o)
 .debug_info    0x00019d38      0x181 c:/altera/13.0sp1/nios2eds/bin/gnu/h-i686-mingw32/bin/../lib/gcc/nios2-elf/4.1.2/../../../../nios2-elf/lib/mno-hw-mul\libc.a(lib_a-atexit.o)
 .debug_info    0x00019eb9      0x93f c:/altera/13.0sp1/nios2eds/bin/gnu/h-i686-mingw32/bin/../lib/gcc/nios2-elf/4.1.2/../../../../nios2-elf/lib/mno-hw-mul\libc.a(lib_a-exit.o)
 .debug_info    0x0001a7f8      0x115 c:/altera/13.0sp1/nios2eds/bin/gnu/h-i686-mingw32/bin/../lib/gcc/nios2-elf/4.1.2/../../../../nios2-elf/lib/mno-hw-mul\libc.a(lib_a-memcmp.o)
 .debug_info    0x0001a90d      0x99c c:/altera/13.0sp1/nios2eds/bin/gnu/h-i686-mingw32/bin/../lib/gcc/nios2-elf/4.1.2/../../../../nios2-elf/lib/mno-hw-mul\libc.a(lib_a-__atexit.o)
 .debug_info    0x0001b2a9      0x9e2 c:/altera/13.0sp1/nios2eds/bin/gnu/h-i686-mingw32/bin/../lib/gcc/nios2-elf/4.1.2/../../../../nios2-elf/lib/mno-hw-mul\libc.a(lib_a-__call_atexit.o)
 .debug_info    0x0001bc8b      0x157 ../run_bsp/\libhal_bsp.a(alt_exit.o)

.debug_abbrev   0x00000000     0x57e4
 *(.debug_abbrev)
 .debug_abbrev  0x00000000       0x14 ../run_bsp//obj/HAL/src/crt0.o
 .debug_abbrev  0x00000014       0x3f obj/default/hello_world.o
 .debug_abbrev  0x00000053      0x1ac c:/altera/13.0sp1/nios2eds/bin/gnu/h-i686-mingw32/bin/../lib/gcc/nios2-elf/4.1.2/../../../../nios2-elf/lib/mno-hw-mul\libc.a(lib_a-puts.o)
 .debug_abbrev  0x000001ff       0x8b c:/altera/13.0sp1/nios2eds/bin/gnu/h-i686-mingw32/bin/../lib/gcc/nios2-elf/4.1.2/../../../../nios2-elf/lib/mno-hw-mul\libc.a(lib_a-strlen.o)
 .debug_abbrev  0x0000028a      0x1a3 c:/altera/13.0sp1/nios2eds/bin/gnu/h-i686-mingw32/bin/../lib/gcc/nios2-elf/4.1.2/../../../../nios2-elf/lib/mno-hw-mul\libc.a(lib_a-fvwrite.o)
 .debug_abbrev  0x0000042d      0x157 c:/altera/13.0sp1/nios2eds/bin/gnu/h-i686-mingw32/bin/../lib/gcc/nios2-elf/4.1.2/../../../../nios2-elf/lib/mno-hw-mul\libc.a(lib_a-impure.o)
 .debug_abbrev  0x00000584      0x216 c:/altera/13.0sp1/nios2eds/bin/gnu/h-i686-mingw32/bin/../lib/gcc/nios2-elf/4.1.2/../../../../nios2-elf/lib/mno-hw-mul\libc.a(lib_a-mallocr.o)
 .debug_abbrev  0x0000079a       0xb5 c:/altera/13.0sp1/nios2eds/bin/gnu/h-i686-mingw32/bin/../lib/gcc/nios2-elf/4.1.2/../../../../nios2-elf/lib/mno-hw-mul\libc.a(lib_a-memchr.o)
 .debug_abbrev  0x0000084f       0xb5 c:/altera/13.0sp1/nios2eds/bin/gnu/h-i686-mingw32/bin/../lib/gcc/nios2-elf/4.1.2/../../../../nios2-elf/lib/mno-hw-mul\libc.a(lib_a-memcpy.o)
 .debug_abbrev  0x00000904       0xb5 c:/altera/13.0sp1/nios2eds/bin/gnu/h-i686-mingw32/bin/../lib/gcc/nios2-elf/4.1.2/../../../../nios2-elf/lib/mno-hw-mul\libc.a(lib_a-memmove.o)
 .debug_abbrev  0x000009b9      0x1c3 c:/altera/13.0sp1/nios2eds/bin/gnu/h-i686-mingw32/bin/../lib/gcc/nios2-elf/4.1.2/../../../../nios2-elf/lib/mno-hw-mul\libc.a(lib_a-reallocr.o)
 .debug_abbrev  0x00000b7c      0x18c c:/altera/13.0sp1/nios2eds/bin/gnu/h-i686-mingw32/bin/../lib/gcc/nios2-elf/4.1.2/../../../../nios2-elf/lib/mno-hw-mul\libc.a(lib_a-sbrkr.o)
 .debug_abbrev  0x00000d08      0x170 c:/altera/13.0sp1/nios2eds/bin/gnu/h-i686-mingw32/bin/../lib/gcc/nios2-elf/4.1.2/../../../../nios2-elf/lib/mno-hw-mul\libc.a(lib_a-wsetup.o)
 .debug_abbrev  0x00000e78      0x1c6 c:/altera/13.0sp1/nios2eds/bin/gnu/h-i686-mingw32/bin/../lib/gcc/nios2-elf/4.1.2/../../../../nios2-elf/lib/mno-hw-mul\libc.a(lib_a-fflush.o)
 .debug_abbrev  0x0000103e      0x24c c:/altera/13.0sp1/nios2eds/bin/gnu/h-i686-mingw32/bin/../lib/gcc/nios2-elf/4.1.2/../../../../nios2-elf/lib/mno-hw-mul\libc.a(lib_a-findfp.o)
 .debug_abbrev  0x0000128a      0x1d9 c:/altera/13.0sp1/nios2eds/bin/gnu/h-i686-mingw32/bin/../lib/gcc/nios2-elf/4.1.2/../../../../nios2-elf/lib/mno-hw-mul\libc.a(lib_a-freer.o)
 .debug_abbrev  0x00001463      0x1e3 c:/altera/13.0sp1/nios2eds/bin/gnu/h-i686-mingw32/bin/../lib/gcc/nios2-elf/4.1.2/../../../../nios2-elf/lib/mno-hw-mul\libc.a(lib_a-fwalk.o)
 .debug_abbrev  0x00001646       0x3b c:/altera/13.0sp1/nios2eds/bin/gnu/h-i686-mingw32/bin/../lib/gcc/nios2-elf/4.1.2/../../../../nios2-elf/lib/mno-hw-mul\libc.a(lib_a-int_errno.o)
 .debug_abbrev  0x00001681      0x197 c:/altera/13.0sp1/nios2eds/bin/gnu/h-i686-mingw32/bin/../lib/gcc/nios2-elf/4.1.2/../../../../nios2-elf/lib/mno-hw-mul\libc.a(lib_a-makebuf.o)
 .debug_abbrev  0x00001818       0xb8 c:/altera/13.0sp1/nios2eds/bin/gnu/h-i686-mingw32/bin/../lib/gcc/nios2-elf/4.1.2/../../../../nios2-elf/lib/mno-hw-mul\libc.a(lib_a-memset.o)
 .debug_abbrev  0x000018d0      0x1c9 c:/altera/13.0sp1/nios2eds/bin/gnu/h-i686-mingw32/bin/../lib/gcc/nios2-elf/4.1.2/../../../../nios2-elf/lib/mno-hw-mul\libc.a(lib_a-stdio.o)
 .debug_abbrev  0x00001a99      0x184 c:/altera/13.0sp1/nios2eds/bin/gnu/h-i686-mingw32/bin/../lib/gcc/nios2-elf/4.1.2/../../../../nios2-elf/lib/mno-hw-mul\libc.a(lib_a-writer.o)
 .debug_abbrev  0x00001c1d      0x17f c:/altera/13.0sp1/nios2eds/bin/gnu/h-i686-mingw32/bin/../lib/gcc/nios2-elf/4.1.2/../../../../nios2-elf/lib/mno-hw-mul\libc.a(lib_a-closer.o)
 .debug_abbrev  0x00001d9c      0x1a7 c:/altera/13.0sp1/nios2eds/bin/gnu/h-i686-mingw32/bin/../lib/gcc/nios2-elf/4.1.2/../../../../nios2-elf/lib/mno-hw-mul\libc.a(lib_a-fclose.o)
 .debug_abbrev  0x00001f43      0x18e c:/altera/13.0sp1/nios2eds/bin/gnu/h-i686-mingw32/bin/../lib/gcc/nios2-elf/4.1.2/../../../../nios2-elf/lib/mno-hw-mul\libc.a(lib_a-fstatr.o)
 .debug_abbrev  0x000020d1      0x17f c:/altera/13.0sp1/nios2eds/bin/gnu/h-i686-mingw32/bin/../lib/gcc/nios2-elf/4.1.2/../../../../nios2-elf/lib/mno-hw-mul\libc.a(lib_a-isattyr.o)